[BOOT] system_start build=protected protection=1 sysclk=72000000 clock=HSE_PLL
[RESET] cause=NONE csr=0x00000000
[RESET] breadcrumb=none cause_resolved=COLD_OR_UNKNOWN source=csr csr=0x00000000
[FAULT] framework=ready persist=cold
[DET] fault_handlers requested=MemManage,BusFault,UsageFault shcsr=0x00000000 memfault=0 busfault=0 usagefault=0
[DET] stack_guards canary_words=4 paint=0xA5A5A5A5 tasks=sensor,control,console,monitor
[DET] wwdg started cfr=0x7F cr=0x80 stale_ms=150 refresh=tim2_1khz
[RTOS] scheduler_start heap_free=4040
[TASK] name=sensor state=started
[TASK] name=control state=started
[TASK] name=monitor state=started period_ms=20
[TASK] name=console state=started
[APP] system_ready[SENSOR] seq=1 value=2210 sample=1 status=OK cyc=12283543
[CONTROL] seq=1 value=1 input=2210
[SENSOR] seq=2 value=2216 sample=2 status=OK cyc=19483444
[CONTROL] seq=2 value=2 input=2216
[SENSOR] seq=3 value=2222 sample=3 status=OK cyc=26683344
[CONTROL] seq=3 value=3 input=2222
[SENSOR] seq=4 value=2228 sample=4 status=OK cyc=33883245
[CONTROL] seq=4 value=4 input=2228
[SENSOR] seq=5 value=2234 sample=5 status=OK cyc=41083144
[CONTROL] seq=5 value=5 input=2234
[SENSOR] seq=6 value=2240 sample=6 status=OK cyc=48283045
[CONTROL] seq=6 value=6 input=2240
[SENSOR] seq=7 value=2246 sample=7 status=OK cyc=55482944
[CONTROL] seq=7 value=6 input=2246
[SENSOR] seq=8 value=2252 sample=8 status=OK cyc=62682843
[CONTROL] seq=8 value=7 input=2252
[SENSOR] seq=9 value=2258 sample=9 status=OK cyc=69882744
[CONTROL] seq=9 value=8 input=2258
[SENSOR] seq=10 value=2264 sample=10 status=OK cyc=77082643
[CONTROL] seq=10 value=9 input=2264
[STATUS] src=periodic t_ms=1019 sensor_hb=10 control_hb=10 console_hb=89 sensor_err=0 dropped=0 heap_free=3552 rx_bytes=0 rx_err=0 fault_cmd_ok=0 fault_cmd_rej=0 faults_injected=0 fi_active=none
[DETSTAT] src=periodic mon_runs=51 det_total=0 det_false=0 det_suppressed=0 wd_refresh=1053 cfg_checks=10 cfg_fail=0 sample_checks=10 sample_fail=0 i2c_fail=0 canary_ok=3/3 stack_peak_pct=33:32:67 hb_flags=0
[SENSOR] seq=11 value=2270 sample=11 status=OK cyc=84282544
[CONTROL] seq=11 value=10 input=2270
[SENSOR] seq=12 value=2276 sample=12 status=OK cyc=91482444
[CONTROL] seq=12 value=11 input=2276
[SENSOR] seq=13 value=2282 sample=13 status=OK cyc=98682345
[CONTROL] seq=13 value=12 input=2282
[SENSOR] seq=14 value=2288 sample=14 status=OK cyc=105882244
[CONTROL] seq=14 value=13 input=2288
[SENSOR] seq=15 value=2294 sample=15 status=OK cyc=113082145
[CONTROL] seq=15 value=14 input=2294
[SENSOR] seq=16 value=2300 sample=16 status=OK cyc=120282044
[CONTROL] seq=16 value=15 input=2300
[SENSOR] seq=17 value=2306 sample=17 status=OK cyc=127481943
[CONTROL] seq=17 value=15 input=2306
[SENSOR] seq=18 value=2312 sample=18 status=OK cyc=134681844
[CONTROL] seq=18 value=16 input=2312
[SENSOR] seq=19 value=2318 sample=19 status=OK cyc=141881743
[CONTROL] seq=19 value=17 input=2318
[SENSOR] seq=20 value=2324 sample=20 status=OK cyc=149081644
[CONTROL] seq=20 value=18 input=2324
[STATUS] src=periodic t_ms=2019 sensor_hb=20 control_hb=20 console_hb=174 sensor_err=0 dropped=0 heap_free=3552 rx_bytes=0 rx_err=0 fault_cmd_ok=0 fault_cmd_rej=0 faults_injected=0 fi_active=none
[DETSTAT] src=periodic mon_runs=101 det_total=0 det_false=0 det_suppressed=0 wd_refresh=2054 cfg_checks=20 cfg_fail=0 sample_checks=20 sample_fail=0 i2c_fail=0 canary_ok=3/3 stack_peak_pct=33:32:68 hb_flags=0
[SENSOR] seq=21 value=2330 sample=21 status=OK cyc=156281544
[CONTROL] seq=21 value=19 input=2330
[SENSOR] seq=22 value=2336 sample=22 status=OK cyc=163481445
[CONTROL] seq=22 value=20 input=2336
[SENSOR] seq=23 value=2342 sample=23 status=OK cyc=170681344
[CONTROL] seq=23 value=21 input=2342
[SENSOR] seq=24 value=2348 sample=24 status=OK cyc=177881245
[CONTROL] seq=24 value=22 input=2348
[SENSOR] seq=25 value=2354 sample=25 status=OK cyc=185081144
[CONTROL] seq=25 value=23 input=2354
[CMD] rx=FAULT MEM-03
[CMD] result=accepted cmd=FAULT id=MEM-03 class=MEMORY name=canary_overwrite EXP=MEM-03_001
[FAULT] EXP=MEM-03_001 state=SELECTED fault=MEM-03 class=MEMORY name=canary_overwrite mech=UART cycle=187900066 t_ms=2608
[FAULT] EXP=MEM-03_001 state=ARMED mech=UART site=control_cycle cycle=187905916 t_ms=2608
[FAULT] EXP=MEM-03_001 state=INJECTED mech=UART target=sensor_stack_canary before=0xC0DEC0DE after=0xDEADBEEF inject_count=1 cycle=192486002 t_ms=2671
[DETECT] EXP=MEM-03_001 mech=STACK_CANARY det_cycle=192936940 inj_cycle=192486002 latency_cycles=450938 t_ms=2682 task=sensor word0=0xDEADBEEF word1=0xC0DEC0DE expected=0xC0DEC0DE
[SENSOR] seq=26 value=2360 sample=26 status=OK cyc=192281043
[CONTROL] seq=26 value=24 input=2360
[FAULT] EXP=MEM-03_001 state=OBSERVED cycle=199687676 t_ms=2771 cycles_since_injection=7201674
[FAULT] EXP=MEM-03_001 state=COMPLETED outcome=effect_observed inject_count=1 cycle=199695536 t_ms=2772
[SENSOR] seq=27 value=2366 sample=27 status=OK cyc=199482240
[CONTROL] seq=27 value=24 input=2366
[SENSOR] seq=28 value=2372 sample=28 status=OK cyc=206682139
[CONTROL] seq=28 value=25 input=2372
[SENSOR] seq=29 value=2378 sample=29 status=OK cyc=213880744
[CONTROL] seq=29 value=26 input=2378
[SENSOR] seq=30 value=2384 sample=30 status=OK cyc=221080643
[CONTROL] seq=30 value=27 input=2384
[STATUS] src=periodic t_ms=3019 sensor_hb=30 control_hb=30 console_hb=247 sensor_err=0 dropped=0 heap_free=3552 rx_bytes=13 rx_err=0 fault_cmd_ok=1 fault_cmd_rej=0 faults_injected=1 fi_active=none
[DETSTAT] src=periodic mon_runs=151 det_total=1 det_false=0 det_suppressed=4 wd_refresh=3053 cfg_checks=30 cfg_fail=0 sample_checks=30 sample_fail=0 i2c_fail=0 canary_ok=3/3 stack_peak_pct=33:32:68 hb_flags=0
[SENSOR] seq=31 value=2390 sample=31 status=OK cyc=228280544
[CONTROL] seq=31 value=28 input=2390
[SENSOR] seq=32 value=2396 sample=32 status=OK cyc=235480444
[CONTROL] seq=32 value=29 input=2396
[SENSOR] seq=33 value=2402 sample=33 status=OK cyc=242680345
[CONTROL] seq=33 value=30 input=2402
[SENSOR] seq=34 value=2408 sample=34 status=OK cyc=249880244
[CONTROL] seq=34 value=31 input=2408
[SENSOR] seq=35 value=2414 sample=35 status=OK cyc=257080143
[CONTROL] seq=35 value=32 input=2414
[SENSOR] seq=36 value=2420 sample=36 status=OK cyc=264280044
[CONTROL] seq=36 value=33 input=2420
[SENSOR] seq=37 value=2426 sample=37 status=OK cyc=271479943
[CONTROL] seq=37 value=33 input=2426
[SENSOR] seq=38 value=2432 sample=38 status=OK cyc=278679844
[CONTROL] seq=38 value=34 input=2432
[SENSOR] seq=39 value=2438 sample=39 status=OK cyc=285879744
[CONTROL] seq=39 value=35 input=2438
[SENSOR] seq=40 value=2444 sample=40 status=OK cyc=293079645
[CONTROL] seq=40 value=36 input=2444
[STATUS] src=periodic t_ms=4019 sensor_hb=40 control_hb=40 console_hb=332 sensor_err=0 dropped=0 heap_free=3552 rx_bytes=13 rx_err=0 fault_cmd_ok=1 fault_cmd_rej=0 faults_injected=1 fi_active=none
[DETSTAT] src=periodic mon_runs=201 det_total=1 det_false=0 det_suppressed=4 wd_refresh=4053 cfg_checks=40 cfg_fail=0 sample_checks=40 sample_fail=0 i2c_fail=0 canary_ok=3/3 stack_peak_pct=33:32:68 hb_flags=0
[SENSOR] seq=41 value=2450 sample=41 status=OK cyc=300279544
[CONTROL] seq=41 value=37 input=2450
[SENSOR] seq=42 value=2456 sample=42 status=OK cyc=307479445
[CONTROL] seq=42 value=38 input=2456
[CMD] rx=FAULT MEM-04
[CMD] result=accepted cmd=FAULT id=MEM-04 class=MEMORY name=stack_overuse EXP=MEM-04_001
[FAULT] EXP=MEM-04_001 state=SELECTED fault=MEM-04 class=MEMORY name=stack_overuse mech=UART cycle=310302651 t_ms=4308
[FAULT] EXP=MEM-04_001 state=ARMED mech=UART site=control_cycle cycle=310308501 t_ms=4308
[FAULT] EXP=MEM-04_001 state=INJECTED mech=UART target=control_stack before=0x00000020 after=0x00000057 inject_count=1 cycle=314883350 t_ms=4375
[DETECT] EXP=MEM-04_001 mech=STACK_PAINT det_cycle=315496629 inj_cycle=314883350 latency_cycles=613279 t_ms=4382 task=control used_pct=87 warn_pct=75 free_words=66
[SENSOR] seq=43 value=2462 sample=43 status=OK cyc=314679344
[CONTROL] seq=43 value=39 input=2462
[FAULT] EXP=MEM-04_001 state=OBSERVED cycle=322098301 t_ms=4472 cycles_since_injection=7214951
[FAULT] EXP=MEM-04_001 state=COMPLETED outcome=effect_observed inject_count=1 cycle=322155541 t_ms=4472
[SENSOR] seq=44 value=2468 sample=44 status=OK cyc=321879243
[CONTROL] seq=44 value=40 input=2468
[SENSOR] seq=45 value=2474 sample=45 status=OK cyc=329079144
[CONTROL] seq=45 value=41 input=2474
[SENSOR] seq=46 value=2480 sample=46 status=OK cyc=336279043
[CONTROL] seq=46 value=42 input=2480
[SENSOR] seq=47 value=2486 sample=47 status=OK cyc=343478944
[CONTROL] seq=47 value=42 input=2486
[SENSOR] seq=48 value=2492 sample=48 status=OK cyc=350678844
[CONTROL] seq=48 value=43 input=2492
[SENSOR] seq=49 value=2498 sample=49 status=OK cyc=357878745
[CONTROL] seq=49 value=44 input=2498
[SENSOR] seq=50 value=2504 sample=50 status=OK cyc=365078644
[CONTROL] seq=50 value=45 input=2504
[STATUS] src=periodic t_ms=5020 sensor_hb=50 control_hb=50 console_hb=406 sensor_err=0 dropped=0 heap_free=3552 rx_bytes=26 rx_err=0 fault_cmd_ok=2 fault_cmd_rej=0 faults_injected=2 fi_active=none
[DETSTAT] src=periodic mon_runs=251 det_total=2 det_false=0 det_suppressed=8 wd_refresh=5054 cfg_checks=50 cfg_fail=0 sample_checks=50 sample_fail=0 i2c_fail=0 canary_ok=3/3 stack_peak_pct=33:87:68 hb_flags=0
[SENSOR] seq=51 value=2510 sample=51 status=OK cyc=372278543
[CONTROL] seq=51 value=46 input=2510
[SENSOR] seq=52 value=2516 sample=52 status=OK cyc=379478444
[CONTROL] seq=52 value=47 input=2516
[SENSOR] seq=53 value=2522 sample=53 status=OK cyc=386678343
[CONTROL] seq=53 value=48 input=2522
[SENSOR] seq=54 value=2528 sample=54 status=OK cyc=393878244
[CONTROL] seq=54 value=49 input=2528
[SENSOR] seq=55 value=2534 sample=55 status=OK cyc=401078143
[CONTROL] seq=55 value=50 input=2534
[SENSOR] seq=56 value=2540 sample=56 status=OK cyc=408278044
[CONTROL] seq=56 value=51 input=2540
[SENSOR] seq=57 value=2546 sample=57 status=OK cyc=415477943
[CONTROL] seq=57 value=51 input=2546
[SENSOR] seq=58 value=2552 sample=58 status=OK cyc=422677845
[CONTROL] seq=58 value=52 input=2552
[SENSOR] seq=59 value=2558 sample=59 status=OK cyc=429877744
[CONTROL] seq=59 value=53 input=2558
[CMD] rx=FAULT CPU-03
[CMD] result=accepted cmd=FAULT id=CPU-03 class=CPU name=fault_handler_selftest EXP=CPU-03_001
[FAULT] EXP=CPU-03_001 state=SELECTED fault=CPU-03 class=CPU name=fault_handler_selftest mech=UART cycle=432702354 t_ms=6008
[FAULT] EXP=CPU-03_001 state=ARMED mech=UART site=control_cycle cycle=432708204 t_ms=6008
[FAULT] EXP=CPU-03_001 state=INJECTED mech=UART target=synthetic_fault_frame before=0x00000000 after=0x00020000 inject_count=1 cycle=437281704 t_ms=6071
[DETECT] EXP=CPU-03_001 mech=FAULT_HANDLER det_cycle=437739202 inj_cycle=437281704 latency_cycles=457498 t_ms=6082 exception=HardFault cfsr=0x00020000(INVSTATE) hfsr=0x40000000(FORCED) stacked_pc=0x08001234 stacked_lr=0x08001235 synthetic=1
[SENSOR] seq=60 value=2564 sample=60 status=OK cyc=437077643
[CONTROL] seq=60 value=54 input=2564
[STATUS] src=periodic t_ms=6069 sensor_hb=60 control_hb=60 console_hb=487 sensor_err=0 dropped=0 heap_free=3552 rx_bytes=39 rx_err=0 fault_cmd_ok=3 fault_cmd_rej=0 faults_injected=3 fi_active=CPU-03_001
[DETSTAT] src=periodic mon_runs=304 det_total=3 det_false=0 det_suppressed=8 wd_refresh=6106 cfg_checks=60 cfg_fail=0 sample_checks=60 sample_fail=0 i2c_fail=0 canary_ok=3/3 stack_peak_pct=33:87:68 hb_flags=0
[FAULT] EXP=CPU-03_001 state=OBSERVED cycle=444489868 t_ms=6171 cycles_since_injection=7208164
[FAULT] EXP=CPU-03_001 state=COMPLETED outcome=effect_observed inject_count=1 cycle=444495664 t_ms=6171
[SENSOR] seq=61 value=2570 sample=61 status=OK cyc=444284697
[CONTROL] seq=61 value=55 input=2570
[SENSOR] seq=62 value=2576 sample=62 status=OK cyc=451477443
[CONTROL] seq=62 value=56 input=2576
[SENSOR] seq=63 value=2582 sample=63 status=OK cyc=458677344
[CONTROL] seq=63 value=57 input=2582
[SENSOR] seq=64 value=2588 sample=64 status=OK cyc=465877243
[CONTROL] seq=64 value=58 input=2588
[SENSOR] seq=65 value=2594 sample=65 status=OK cyc=473077144
[CONTROL] seq=65 value=59 input=2594
[SENSOR] seq=66 value=2600 sample=66 status=OK cyc=480277043
[CONTROL] seq=66 value=60 input=2600
[SENSOR] seq=67 value=2606 sample=67 status=OK cyc=487476945
[CONTROL] seq=67 value=60 input=2606
[SENSOR] seq=68 value=2612 sample=68 status=OK cyc=494676844
[CONTROL] seq=68 value=61 input=2612
[SENSOR] seq=69 value=2618 sample=69 status=OK cyc=501876743
[CONTROL] seq=69 value=62 input=2618
[SENSOR] seq=70 value=2624 sample=70 status=OK cyc=509076644
[CONTROL] seq=70 value=63 input=2624
[STATUS] src=periodic t_ms=7019 sensor_hb=70 control_hb=70 console_hb=565 sensor_err=0 dropped=0 heap_free=3552 rx_bytes=39 rx_err=0 fault_cmd_ok=3 fault_cmd_rej=0 faults_injected=3 fi_active=none
[DETSTAT] src=periodic mon_runs=351 det_total=3 det_false=0 det_suppressed=8 wd_refresh=7053 cfg_checks=70 cfg_fail=0 sample_checks=70 sample_fail=0 i2c_fail=0 canary_ok=3/3 stack_peak_pct=33:87:68 hb_flags=0
[SENSOR] seq=71 value=2630 sample=71 status=OK cyc=516276543
[CONTROL] seq=71 value=64 input=2630
[SENSOR] seq=72 value=2636 sample=72 status=OK cyc=523476444
[CONTROL] seq=72 value=65 input=2636
[SENSOR] seq=73 value=2642 sample=73 status=OK cyc=530676343
[CONTROL] seq=73 value=66 input=2642
[SENSOR] seq=74 value=2648 sample=74 status=OK cyc=537876244
[CONTROL] seq=74 value=67 input=2648
[SENSOR] seq=75 value=2654 sample=75 status=OK cyc=545076144
[CONTROL] seq=75 value=68 input=2654
[SENSOR] seq=76 value=2660 sample=76 status=OK cyc=552276045
[CONTROL] seq=76 value=69 input=2660
[CMD] rx=FAULT MEM-01
[CMD] result=accepted cmd=FAULT id=MEM-01 class=MEMORY name=sram_bit_flip EXP=MEM-01_001
[FAULT] EXP=MEM-01_001 state=SELECTED fault=MEM-01 class=MEMORY name=sram_bit_flip mech=UART cycle=556532463 t_ms=7728
[FAULT] EXP=MEM-01_001 state=ARMED mech=UART site=control_cycle cycle=556538313 t_ms=7728
[DETECT] EXP=MEM-01_001 mech=CRC det_cycle=559693650 inj_cycle=559679968 latency_cycles=13682 t_ms=7773 what=config crc_expected=0xAEEBA235 crc_actual=0xC24B97D5
[DETECT] EXP=MEM-01_001 mech=REDUNDANT det_cycle=560982459 inj_cycle=559679968 latency_cycles=1302491 t_ms=7789 what=config field=setpoint_centi value=3224 copy=2200
[FAULT] EXP=MEM-01_001 state=INJECTED mech=UART target=g_config.setpoint_centi before=0x00000898 after=0x00000C98 inject_count=1 cycle=559679968 t_ms=7771
[SENSOR] seq=77 value=2666 sample=77 status=OK cyc=559475944
[CONTROL] seq=77 value=0 input=2666
[FAULT] EXP=MEM-01_001 state=OBSERVED cycle=566882604 t_ms=7871 cycles_since_injection=7202636
[FAULT] EXP=MEM-01_001 state=COMPLETED outcome=effect_observed inject_count=1 cycle=566891247 t_ms=7872
[SENSOR] seq=78 value=2672 sample=78 status=OK cyc=566675843
[CONTROL] seq=78 value=70 input=2672
[SENSOR] seq=79 value=2678 sample=79 status=OK cyc=573877040
[CONTROL] seq=79 value=71 input=2678
[SENSOR] seq=80 value=2684 sample=80 status=OK cyc=581075697
[CONTROL] seq=80 value=72 input=2684
[STATUS] src=periodic t_ms=8019 sensor_hb=80 control_hb=80 console_hb=637 sensor_err=0 dropped=0 heap_free=3552 rx_bytes=52 rx_err=0 fault_cmd_ok=4 fault_cmd_rej=0 faults_injected=4 fi_active=none
[DETSTAT] src=periodic mon_runs=401 det_total=5 det_false=0 det_suppressed=8 wd_refresh=8053 cfg_checks=80 cfg_fail=1 sample_checks=80 sample_fail=0 i2c_fail=0 canary_ok=3/3 stack_peak_pct=33:87:68 hb_flags=0
[SENSOR] seq=81 value=2690 sample=81 status=OK cyc=588275706
[CONTROL] seq=81 value=73 input=2690
[SENSOR] seq=82 value=2696 sample=82 status=OK cyc=595475695
[CONTROL] seq=82 value=74 input=2696
[SENSOR] seq=83 value=2702 sample=83 status=OK cyc=602675704
[CONTROL] seq=83 value=75 input=2702
[SENSOR] seq=84 value=2708 sample=84 status=OK cyc=609875694
[CONTROL] seq=84 value=76 input=2708
[SENSOR] seq=85 value=2714 sample=85 status=OK cyc=617075703
[CONTROL] seq=85 value=77 input=2714
[SENSOR] seq=86 value=2720 sample=86 status=OK cyc=624275692
[CONTROL] seq=86 value=78 input=2720
[SENSOR] seq=87 value=2726 sample=87 status=OK cyc=631475699
[CONTROL] seq=87 value=78 input=2726
[SENSOR] seq=88 value=2732 sample=88 status=OK cyc=638675708
[CONTROL] seq=88 value=79 input=2732
[SENSOR] seq=89 value=2738 sample=89 status=OK cyc=645875672
[CONTROL] seq=89 value=80 input=2738
[SENSOR] seq=90 value=2744 sample=90 status=OK cyc=653075564
[CONTROL] seq=90 value=81 input=2744
[STATUS] src=periodic t_ms=9019 sensor_hb=90 control_hb=90 console_hb=722 sensor_err=0 dropped=0 heap_free=3552 rx_bytes=52 rx_err=0 fault_cmd_ok=4 fault_cmd_rej=0 faults_injected=4 fi_active=none
[DETSTAT] src=periodic mon_runs=451 det_total=5 det_false=0 det_suppressed=8 wd_refresh=9053 cfg_checks=90 cfg_fail=1 sample_checks=90 sample_fail=0 i2c_fail=0 canary_ok=3/3 stack_peak_pct=33:87:68 hb_flags=0
[SENSOR] seq=91 value=2750 sample=91 status=OK cyc=660275474
[CONTROL] seq=91 value=82 input=2750
[SENSOR] seq=92 value=2756 sample=92 status=OK cyc=667475366
[CONTROL] seq=92 value=83 input=2756
[SENSOR] seq=93 value=2762 sample=93 status=OK cyc=674675276
[CONTROL] seq=93 value=84 input=2762
[CMD] rx=FAULT DATA-01
[CMD] result=accepted cmd=FAULT id=DATA-01 class=DATA name=sensor_corruption EXP=DATA-01_001
[FAULT] EXP=DATA-01_001 state=SELECTED fault=DATA-01 class=DATA name=sensor_corruption mech=UART cycle=677507468 t_ms=9408
[FAULT] EXP=DATA-01_001 state=ARMED mech=UART site=control_cycle cycle=677513318 t_ms=9408
[DETECT] EXP=DATA-01_001 mech=CRC det_cycle=682095938 inj_cycle=682079175 latency_cycles=16763 t_ms=9473 what=sample seq=94 sensor=2768 consumed=8500 crc_expected=0x243A6B20 crc_actual=0x2A971122
[FAULT] EXP=DATA-01_001 state=INJECTED mech=UART target=sensor_value before=0x00000AD0 after=0x00002134 inject_count=1 cycle=682079175 t_ms=9471
[SENSOR] seq=94 value=2768 sample=94 status=OK cyc=681875168
[CONTROL] seq=94 value=100 input=8500
[FAULT] EXP=DATA-01_001 state=OBSERVED cycle=689280705 t_ms=9571 cycles_since_injection=7201530
[FAULT] EXP=DATA-01_001 state=COMPLETED outcome=effect_observed inject_count=1 cycle=689289332 t_ms=9572
[SENSOR] seq=95 value=2774 sample=95 status=OK cyc=689076374
[CONTROL] seq=95 value=86 input=2774
[SENSOR] seq=96 value=2780 sample=96 status=OK cyc=696276266
[CONTROL] seq=96 value=87 input=2780
[SENSOR] seq=97 value=2786 sample=97 status=OK cyc=703474880
[CONTROL] seq=97 value=87 input=2786
[SENSOR] seq=98 value=2792 sample=98 status=OK cyc=710674772
[CONTROL] seq=98 value=88 input=2792
[SENSOR] seq=99 value=2798 sample=99 status=OK cyc=717874664
[CONTROL] seq=99 value=89 input=2798
[SENSOR] seq=100 value=2795 sample=100 status=OK cyc=725074574
[CONTROL] seq=100 value=89 input=2795
[STATUS] src=periodic t_ms=10020 sensor_hb=100 control_hb=100 console_hb=795 sensor_err=0 dropped=0 heap_free=3552 rx_bytes=66 rx_err=0 fault_cmd_ok=5 fault_cmd_rej=0 faults_injected=5 fi_active=none
[DETSTAT] src=periodic mon_runs=501 det_total=6 det_false=0 det_suppressed=8 wd_refresh=10054 cfg_checks=100 cfg_fail=1 sample_checks=100 sample_fail=1 i2c_fail=0 canary_ok=3/3 stack_peak_pct=33:87:68 hb_flags=0
[SENSOR] seq=101 value=2789 sample=101 status=OK cyc=732274466
[CONTROL] seq=101 value=88 input=2789
[SENSOR] seq=102 value=2783 sample=102 status=OK cyc=739474376
[CONTROL] seq=102 value=87 input=2783
[SENSOR] seq=103 value=2777 sample=103 status=OK cyc=746674268
[CONTROL] seq=103 value=86 input=2777
[SENSOR] seq=104 value=2771 sample=104 status=OK cyc=753874178
[CONTROL] seq=104 value=85 input=2771
[SENSOR] seq=105 value=2765 sample=105 status=OK cyc=761074070
[CONTROL] seq=105 value=84 input=2765
[SENSOR] seq=106 value=2759 sample=106 status=OK cyc=768273980
[CONTROL] seq=106 value=83 input=2759
[SENSOR] seq=107 value=2753 sample=107 status=OK cyc=775473872
[CONTROL] seq=107 value=82 input=2753
[SENSOR] seq=108 value=2747 sample=108 status=OK cyc=782673764
[CONTROL] seq=108 value=82 input=2747
[SENSOR] seq=109 value=2741 sample=109 status=OK cyc=789873674
[CONTROL] seq=109 value=81 input=2741
[SENSOR] seq=110 value=2735 sample=110 status=OK cyc=797073566
[CONTROL] seq=110 value=80 input=2735
[STATUS] src=periodic t_ms=11020 sensor_hb=110 control_hb=110 console_hb=880 sensor_err=0 dropped=0 heap_free=3552 rx_bytes=66 rx_err=0 fault_cmd_ok=5 fault_cmd_rej=0 faults_injected=5 fi_active=none
[DETSTAT] src=periodic mon_runs=551 det_total=6 det_false=0 det_suppressed=8 wd_refresh=11054 cfg_checks=110 cfg_fail=1 sample_checks=110 sample_fail=1 i2c_fail=0 canary_ok=3/3 stack_peak_pct=33:87:68 hb_flags=0
[CMD] rx=FAULT DATA-02
[CMD] result=accepted cmd=FAULT id=DATA-02 class=DATA name=config_corruption EXP=DATA-02_001
[FAULT] EXP=DATA-02_001 state=SELECTED fault=DATA-02 class=DATA name=config_corruption mech=UART cycle=802641992 t_ms=11146
[DETECT] EXP=DATA-02_001 mech=CRC det_cycle=804497360 inj_cycle=804485444 latency_cycles=11916 t_ms=11173 what=config crc_expected=0xAEEBA235 crc_actual=0x50876A26
[FAULT] EXP=DATA-02_001 state=ARMED mech=UART site=control_cycle cycle=802647842 t_ms=11146
[DETECT] EXP=DATA-02_001 mech=REDUNDANT det_cycle=806117893 inj_cycle=804485444 latency_cycles=1632449 t_ms=11196 what=config field=kp_pct_per_c value=100 copy=15
[FAULT] EXP=DATA-02_001 state=INJECTED mech=UART target=g_config.kp_pct_per_c before=0x0000000F after=0x00000064 inject_count=1 cycle=804485444 t_ms=11171
[SENSOR] seq=111 value=2729 sample=111 status=OK cyc=804280588
[CONTROL] seq=111 value=100 input=2729
[FAULT] EXP=DATA-02_001 state=OBSERVED cycle=811680363 t_ms=11271 cycles_since_injection=7194919
[FAULT] EXP=DATA-02_001 state=COMPLETED outcome=effect_observed inject_count=1 cycle=811689008 t_ms=11272
[SENSOR] seq=112 value=2723 sample=112 status=OK cyc=811473368
[CONTROL] seq=112 value=78 input=2723
[SENSOR] seq=113 value=2717 sample=113 status=OK cyc=818674574
[CONTROL] seq=113 value=77 input=2717
[SENSOR] seq=114 value=2711 sample=114 status=OK cyc=825873170
[CONTROL] seq=114 value=76 input=2711
[SENSOR] seq=115 value=2705 sample=115 status=OK cyc=833073080
[CONTROL] seq=115 value=75 input=2705
[SENSOR] seq=116 value=2699 sample=116 status=OK cyc=840272972
[CONTROL] seq=116 value=74 input=2699
[SENSOR] seq=117 value=2693 sample=117 status=OK cyc=847472864
[CONTROL] seq=117 value=73 input=2693
[SENSOR] seq=118 value=2687 sample=118 status=OK cyc=854672774
[CONTROL] seq=118 value=73 input=2687
[SENSOR] seq=119 value=2681 sample=119 status=OK cyc=861872666
[CONTROL] seq=119 value=72 input=2681
[SENSOR] seq=120 value=2675 sample=120 status=OK cyc=869072576
[CONTROL] seq=120 value=71 input=2675
[STATUS] src=periodic t_ms=12020 sensor_hb=120 control_hb=120 console_hb=952 sensor_err=0 dropped=0 heap_free=3552 rx_bytes=80 rx_err=0 fault_cmd_ok=6 fault_cmd_rej=0 faults_injected=6 fi_active=none
[DETSTAT] src=periodic mon_runs=601 det_total=8 det_false=0 det_suppressed=8 wd_refresh=12053 cfg_checks=120 cfg_fail=2 sample_checks=120 sample_fail=1 i2c_fail=0 canary_ok=3/3 stack_peak_pct=33:87:69 hb_flags=0
[SENSOR] seq=121 value=2669 sample=121 status=OK cyc=876272468
[CONTROL] seq=121 value=70 input=2669
[SENSOR] seq=122 value=2663 sample=122 status=OK cyc=883472378
[CONTROL] seq=122 value=69 input=2663
[SENSOR] seq=123 value=2657 sample=123 status=OK cyc=890672270
[CONTROL] seq=123 value=68 input=2657
[SENSOR] seq=124 value=2651 sample=124 status=OK cyc=897872180
[CONTROL] seq=124 value=67 input=2651
[SENSOR] seq=125 value=2645 sample=125 status=OK cyc=905072072
[CONTROL] seq=125 value=66 input=2645
[SENSOR] seq=126 value=2639 sample=126 status=OK cyc=912271964
[CONTROL] seq=126 value=65 input=2639
[SENSOR] seq=127 value=2633 sample=127 status=OK cyc=919471874
[CONTROL] seq=127 value=64 input=2633
[CMD] rx=FAULT PERIPH-01
[CMD] result=accepted cmd=FAULT id=PERIPH-01 class=PERIPHERAL name=i2c_stuck_low EXP=PERIPH-01_001
[FAULT] EXP=PERIPH-01_001 state=SELECTED fault=PERIPH-01 class=PERIPHERAL name=i2c_stuck_low mech=UART cycle=923245376 t_ms=12821
[FAULT] EXP=PERIPH-01_001 state=ARMED mech=UART site=control_cycle cycle=923251226 t_ms=12821
[FAULT] EXP=PERIPH-01_001 state=INJECTED mech=UART target=i2c_sda before=0x00000000 after=0x00000001 inject_count=1 cycle=926876241 t_ms=12871
[SENSOR] seq=128 value=2627 sample=128 status=OK cyc=926671766
[CONTROL] seq=128 value=64 input=2627
[FAULT] EXP=PERIPH-01_001 state=OBSERVED cycle=934685888 t_ms=12980 cycles_since_injection=7809647
[FAULT] EXP=PERIPH-01_001 state=COMPLETED outcome=effect_observed inject_count=1 cycle=934691684 t_ms=12980
[SENSOR] seq=129 value=2627 sample=0 status=BUS_ERROR cyc=933871676
[CONTROL] seq=129 value=64 input=2627
[SENSOR] seq=130 value=2627 sample=0 status=BUSY cyc=941072864
[CONTROL] seq=130 value=64 input=2627
[STATUS] src=periodic t_ms=13045 sensor_hb=130 control_hb=130 console_hb=1027 sensor_err=2 dropped=0 heap_free=3552 rx_bytes=96 rx_err=0 fault_cmd_ok=7 fault_cmd_rej=0 faults_injected=7 fi_active=none
[DETSTAT] src=periodic mon_runs=652 det_total=8 det_false=0 det_suppressed=8 wd_refresh=13079 cfg_checks=130 cfg_fail=2 sample_checks=130 sample_fail=1 i2c_fail=2 canary_ok=3/3 stack_peak_pct=33:87:69 hb_flags=0
[DETECT] EXP=PERIPH-01_001 mech=I2C_TIMEOUT det_cycle=950139567 inj_cycle=926876241 latency_cycles=23263326 t_ms=13195 status=BUSY consecutive=3
[SENSOR] seq=131 value=2627 sample=0 status=BUSY cyc=948272774
[CONTROL] seq=131 value=64 input=2627
[SENSOR] seq=132 value=2627 sample=0 status=BUSY cyc=955472666
[CONTROL] seq=132 value=64 input=2627
[SENSOR] seq=133 value=2627 sample=0 status=BUSY cyc=962671280
[CONTROL] seq=133 value=64 input=2627
[SENSOR] seq=134 value=2627 sample=0 status=BUSY cyc=969871172
[CONTROL] seq=134 value=64 input=2627
[SENSOR] seq=135 value=2627 sample=0 status=BUSY cyc=977071064
[CONTROL] seq=135 value=64 input=2627
[SENSOR] seq=136 value=2627 sample=0 status=BUSY cyc=984270974
[CONTROL] seq=136 value=64 input=2627
[SENSOR] seq=137 value=2627 sample=0 status=BUSY cyc=991470866
[CONTROL] seq=137 value=64 input=2627
[SENSOR] seq=138 value=2627 sample=0 status=BUSY cyc=998670776
[CONTROL] seq=138 value=64 input=2627
[SENSOR] seq=139 value=2627 sample=0 status=BUSY cyc=1005870668
[CONTROL] seq=139 value=64 input=2627
[SENSOR] seq=140 value=2627 sample=0 status=BUSY cyc=1013070578
[CONTROL] seq=140 value=64 input=2627
[STATUS] src=periodic t_ms=14045 sensor_hb=140 control_hb=140 console_hb=1080 sensor_err=12 dropped=0 heap_free=3552 rx_bytes=96 rx_err=0 fault_cmd_ok=7 fault_cmd_rej=0 faults_injected=7 fi_active=none
[DETSTAT] src=periodic mon_runs=702 det_total=9 det_false=0 det_suppressed=8 wd_refresh=14078 cfg_checks=140 cfg_fail=2 sample_checks=140 sample_fail=1 i2c_fail=12 canary_ok=3/3 stack_peak_pct=49:87:69 hb_flags=0
[SENSOR] seq=141 value=2627 sample=0 status=BUSY cyc=1020270470
[CONTROL] seq=141 value=64 input=2627
[SENSOR] seq=142 value=2627 sample=0 status=BUSY cyc=1027470380
[CONTROL] seq=142 value=64 input=2627
[SENSOR] seq=143 value=2627 sample=0 status=BUSY cyc=1034670272
[CONTROL] seq=143 value=64 input=2627
[SENSOR] seq=144 value=2627 sample=0 status=BUSY cyc=1041870164
[CONTROL] seq=144 value=64 input=2627
[SENSOR] seq=145 value=2627 sample=0 status=BUSY cyc=1049070074
[CONTROL] seq=145 value=64 input=2627
[SENSOR] seq=146 value=2627 sample=0 status=BUSY cyc=1056269966
[CONTROL] seq=146 value=64 input=2627
[SENSOR] seq=147 value=2627 sample=0 status=BUSY cyc=1063469876
[CONTROL] seq=147 value=64 input=2627
[SENSOR] seq=148 value=2627 sample=0 status=BUSY cyc=1070669768
[CONTROL] seq=148 value=64 input=2627
[SENSOR] seq=149 value=2627 sample=0 status=BUSY cyc=1077869678
[CONTROL] seq=149 value=64 input=2627
[SENSOR] seq=150 value=2627 sample=0 status=BUSY cyc=1085069570
[CONTROL] seq=150 value=64 input=2627
[STATUS] src=periodic t_ms=15045 sensor_hb=150 control_hb=150 console_hb=1136 sensor_err=22 dropped=0 heap_free=3552 rx_bytes=96 rx_err=0 fault_cmd_ok=7 fault_cmd_rej=0 faults_injected=7 fi_active=none
[DETSTAT] src=periodic mon_runs=752 det_total=9 det_false=0 det_suppressed=8 wd_refresh=15078 cfg_checks=150 cfg_fail=2 sample_checks=150 sample_fail=1 i2c_fail=22 canary_ok=3/3 stack_peak_pct=49:87:69 hb_flags=0
[SENSOR] seq=151 value=2627 sample=0 status=BUSY cyc=1092269480
[CONTROL] seq=151 value=64 input=2627
[SENSOR] seq=152 value=2627 sample=0 status=BUSY cyc=1099469372
[CONTROL] seq=152 value=64 input=2627
[SENSOR] seq=153 value=2627 sample=0 status=BUSY cyc=1106669264
[CONTROL] seq=153 value=64 input=2627
[SENSOR] seq=154 value=2627 sample=0 status=BUSY cyc=1113869174
[CONTROL] seq=154 value=64 input=2627
[SENSOR] seq=155 value=2627 sample=0 status=BUSY cyc=1121069066
[CONTROL] seq=155 value=64 input=2627
[SENSOR] seq=156 value=2627 sample=0 status=BUSY cyc=1128268044
[CONTROL] seq=156 value=64 input=2627
[SENSOR] seq=157 value=2627 sample=0 status=BUSY cyc=1135467945
[CONTROL] seq=157 value=64 input=2627
[SENSOR] seq=158 value=2627 sample=0 status=BUSY cyc=1142667844
[CONTROL] seq=158 value=64 input=2627
[SENSOR] 