[BOOT] system_start build=protected protection=1 sysclk=72000000 clock=HSE_PLL
[RESET] cause=NONE csr=0x00000000
[RESET] breadcrumb=none cause_resolved=COLD_OR_UNKNOWN source=csr csr=0x00000000
[FAULT] framework=ready persist=cold
[DET] fault_handlers requested=MemManage,BusFault,UsageFault shcsr=0x00000000 memfault=0 busfault=0 usagefault=0
[DET] stack_guards canary_words=4 paint=0xA5A5A5A5 tasks=sensor,control,console,monitor
[DET] wwdg started cfr=0x7F cr=0x80 stale_ms=150 refresh=tim2_1khz
[RTOS] scheduler_start heap_free=4040
[TASK] name=sensor state=started
[TASK] name=control state=started
[TASK] name=monitor state=started period_ms=20
[TASK] name=console state=started
[APP] system_ready[SENSOR] seq=1 value=2210 sample=1 status=OK cyc=12283543
[CONTROL] seq=1 value=1 input=2210
[SENSOR] seq=2 value=2216 sample=2 status=OK cyc=19483444
[CONTROL] seq=2 value=2 input=2216
[SENSOR] seq=3 value=2222 sample=3 status=OK cyc=26683344
[CONTROL] seq=3 value=3 input=2222
[SENSOR] seq=4 value=2228 sample=4 status=OK cyc=33883245
[CONTROL] seq=4 value=4 input=2228
[SENSOR] seq=5 value=2234 sample=5 status=OK cyc=41083144
[CONTROL] seq=5 value=5 input=2234
[SENSOR] seq=6 value=2240 sample=6 status=OK cyc=48283045
[CONTROL] seq=6 value=6 input=2240
[SENSOR] seq=7 value=2246 sample=7 status=OK cyc=55482944
[CONTROL] seq=7 value=6 input=2246
[SENSOR] seq=8 value=2252 sample=8 status=OK cyc=62682843
[CONTROL] seq=8 value=7 input=2252
[SENSOR] seq=9 value=2258 sample=9 status=OK cyc=69882744
[CONTROL] seq=9 value=8 input=2258
[SENSOR] seq=10 value=2264 sample=10 status=OK cyc=77082643
[CONTROL] seq=10 value=9 input=2264
[STATUS] src=periodic t_ms=1019 sensor_hb=10 control_hb=10 console_hb=89 sensor_err=0 dropped=0 heap_free=3552 rx_bytes=0 rx_err=0 fault_cmd_ok=0 fault_cmd_rej=0 faults_injected=0 fi_active=none
[DETSTAT] src=periodic mon_runs=51 det_total=0 det_false=0 det_suppressed=0 wd_refresh=1053 cfg_checks=10 cfg_fail=0 sample_checks=10 sample_fail=0 i2c_fail=0 canary_ok=3/3 stack_peak_pct=33:32:67 hb_flags=0
[SENSOR] seq=11 value=2270 sample=11 status=OK cyc=84282544
[CONTROL] seq=11 value=10 input=2270
[SENSOR] seq=12 value=2276 sample=12 status=OK cyc=91482444
[CONTROL] seq=12 value=11 input=2276
[SENSOR] seq=13 value=2282 sample=13 status=OK cyc=98682345
[CONTROL] seq=13 value=12 input=2282
[SENSOR] seq=14 value=2288 sample=14 status=OK cyc=105882244
[CONTROL] seq=14 value=13 input=2288
[SENSOR] seq=15 value=2294 sample=15 status=OK cyc=113082145
[CONTROL] seq=15 value=14 input=2294
[SENSOR] seq=16 value=2300 sample=16 status=OK cyc=120282044
[CONTROL] seq=16 value=15 input=2300
[SENSOR] seq=17 value=2306 sample=17 status=OK cyc=127481943
[CONTROL] seq=17 value=15 input=2306
[SENSOR] seq=18 value=2312 sample=18 status=OK cyc=134681844
[CONTROL] seq=18 value=16 input=2312
[SENSOR] seq=19 value=2318 sample=19 status=OK cyc=141881743
[CONTROL] seq=19 value=17 input=2318
[SENSOR] seq=20 value=2324 sample=20 status=OK cyc=149081644
[CONTROL] seq=20 value=18 input=2324
[STATUS] src=periodic t_ms=2019 sensor_hb=20 control_hb=20 console_hb=174 sensor_err=0 dropped=0 heap_free=3552 rx_bytes=0 rx_err=0 fault_cmd_ok=0 fault_cmd_rej=0 faults_injected=0 fi_active=none
[DETSTAT] src=periodic mon_runs=101 det_total=0 det_false=0 det_suppressed=0 wd_refresh=2054 cfg_checks=20 cfg_fail=0 sample_checks=20 sample_fail=0 i2c_fail=0 canary_ok=3/3 stack_peak_pct=33:32:68 hb_flags=0
[SENSOR] seq=21 value=2330 sample=21 status=OK cyc=156281544
[CONTROL] seq=21 value=19 input=2330
[SENSOR] seq=22 value=2336 sample=22 status=OK cyc=163481445
[CONTROL] seq=22 value=20 input=2336
[SENSOR] seq=23 value=2342 sample=23 status=OK cyc=170681344
[CONTROL] seq=23 value=21 input=2342
[SENSOR] seq=24 value=2348 sample=24 status=OK cyc=177881245
[CONTROL] seq=24 value=22 input=2348
[SENSOR] seq=25 value=2354 sample=25 status=OK cyc=185081144
[CONTROL] seq=25 value=23 input=2354
[CMD] rx=FAULT MEM-02
[CMD] result=accepted cmd=FAULT id=MEM-02 class=MEMORY name=stack_corruption EXP=MEM-02_001
[FAULT] EXP=MEM-02_001 state=SELECTED fault=MEM-02 class=MEMORY name=stack_corruption mech=UART cycle=187896322 t_ms=2608
[FAULT] EXP=MEM-02_001 state=ARMED mech=UART site=control_cycle cycle=187902172 t_ms=2608
[FAULT] EXP=MEM-02_001 state=INJECTED mech=UART target=sensor_task_saved_lr before=0x0800340B after=0x2800340B inject_count=1 cycle=192486002 t_ms=2671
[SENSOR] seq=26 value=2360 sample=26 status=OK cyc=192281043
[CONTROL] seq=26 value=24 input=2360
[DETECT] EXP=MEM-02_001 mech=STACK_SEAL det_cycle=193783514 inj_cycle=192486002 latency_cycles=1297512 t_ms=2693 task=sensor frame_word=13 was=0x0800340B now=0x2800340B
[DETECT] EXP=MEM-02_001 mech=WWDG det_cycle=210127226 inj_cycle=192486002 latency_cycles=17641224 t_ms=2916 token_age_ms=158 refreshes=2853 cr=0xBE action=reset
[BOOT] system_start build=protected protection=1 sysclk=72000000 clock=HSE_PLL
[RESET] cause=NONE csr=0x00000000
[RESET] breadcrumb=WWDG cause_resolved=WWDG source=breadcrumb csr=0x00000000 exp=MEM-02_001 mech=WWDG det_cycle=210127226 latency_cycles=17641224 det_to_reset_cycles=1242921 detect_t_ms=2916
[FAULT] EXP=MEM-02_001 state=ERROR reason=interrupted_by_reset last_state=INJECTED mech=UART
[FAULT] framework=ready persist=warm
[DET] fault_handlers requested=MemManage,BusFault,UsageFault shcsr=0x00000000 memfault=0 busfault=0 usagefault=0
[DET] stack_guards canary_words=4 paint=0xA5A5A5A5 tasks=sensor,control,console,monitor
[DET] wwdg started cfr=0x7F cr=0x7F stale_ms=150 refresh=tim2_1khz
[RTOS] scheduler_start heap_free=4040
[TASK] name=sensor state=started
[TASK] name=control state=started
[TASK] name=monitor state=started period_ms=20
[TASK] name=console state=started
[APP] system_ready
[SENSOR] seq=1 value=2388 sample=27 status=OK cyc=225191694
[CONTROL] seq=1 value=28 input=2388
[SENSOR] seq=2 value=2394 sample=28 status=OK cyc=232391595
[CONTROL] seq=2 value=29 input=2394
[SENSOR] seq=3 value=2400 sample=29 status=OK cyc=239591494
[CONTROL] seq=3 value=30 input=2400
[SENSOR] seq=4 value=2406 sample=30 status=OK cyc=246791395
[CONTROL] seq=4 value=30 input=2406
[SENSOR] seq=5 value=2412 sample=31 status=OK cyc=253991294
[CONTROL] seq=5 value=31 input=2412
[SENSOR] seq=6 value=2418 sample=32 status=OK cyc=261191195
[CONTROL] seq=6 value=32 input=2418
[SENSOR] seq=7 value=2424 sample=33 status=OK cyc=268391094
[CONTROL] seq=7 value=33 input=2424
[SENSOR] seq=8 value=2430 sample=34 status=OK cyc=275590993
[CONTROL] seq=8 value=34 input=2430
[SENSOR] seq=9 value=2436 sample=35 status=OK cyc=282790894
[CONTROL] seq=9 value=35 input=2436
[SENSOR] seq=10 value=2442 sample=36 status=OK cyc=289990794
[CONTROL] seq=10 value=36 input=2442
[STATUS] src=periodic t_ms=1019 sensor_hb=10 control_hb=10 console_hb=89 sensor_err=0 dropped=0 heap_free=3552 rx_bytes=0 rx_err=0 fault_cmd_ok=0 fault_cmd_rej=0 faults_injected=0 fi_active=none
[DETSTAT] src=periodic mon_runs=51 det_total=0 det_false=0 det_suppressed=0 wd_refresh=1053 cfg_checks=10 cfg_fail=0 sample_checks=10 sample_fail=0 i2c_fail=0 canary_ok=3/3 stack_peak_pct=33:32:66 hb_flags=0
[SENSOR] seq=11 value=2448 sample=37 status=OK cyc=297190695
[CONTROL] seq=11 value=37 input=2448
[SENSOR] seq=12 value=2454 sample=38 status=OK cyc=304390594
[CONTROL] seq=12 value=38 input=2454
[SENSOR] seq=13 value=2460 sample=39 status=OK cyc=311590495
[CONTROL] seq=13 value=39 input=2460
[SENSOR] seq=14 value=2466 sample=40 status=OK cyc=318790394
[CONTROL] seq=14 value=39 input=2466
[SENSOR] seq=15 value=2472 sample=41 status=OK cyc=325990293
[CONTROL] seq=15 value=40 input=2472
[SENSOR] seq=16 value=2478 sample=42 status=OK cyc=333190194
[CONTROL] seq=16 value=41 input=2478
[SENSOR] seq=17 value=2484 sample=43 status=OK cyc=340390093
[CONTROL] seq=17 value=42 input=2484
[SENSOR] seq=18 value=2490 sample=44 status=OK cyc=347589994
[CONTROL] seq=18 value=43 input=2490
[SENSOR] seq=19 value=2496 sample=45 status=OK cyc=354789894
[CONTROL] seq=19 value=44 input=2496
[SENSOR] seq=20 value=2502 sample=46 status=OK cyc=361989795
[CONTROL] seq=20 value=45 input=2502
[STATUS] src=periodic t_ms=2019 sensor_hb=20 control_hb=20 console_hb=174 sensor_err=0 dropped=0 heap_free=3552 rx_bytes=0 rx_err=0 fault_cmd_ok=0 fault_cmd_rej=0 faults_injected=0 fi_active=none
[DETSTAT] src=periodic mon_runs=101 det_total=0 det_false=0 det_suppressed=0 wd_refresh=2053 cfg_checks=20 cfg_fail=0 sample_checks=20 sample_fail=0 i2c_fail=0 canary_ok=3/3 stack_peak_pct=33:32:67 hb_flags=0
[SENSOR] seq=21 value=2508 sample=47 status=OK cyc=369189694
[CONTROL] seq=21 value=46 input=2508
[SENSOR] seq=22 value=2514 sample=48 status=OK cyc=376389595
[CONTROL] seq=22 value=47 input=2514
[SENSOR] seq=23 value=2520 sample=49 status=OK cyc=383589494
[CONTROL] seq=23 value=48 input=2520
[SENSOR] seq=24 value=2526 sample=50 status=OK cyc=390789393
[CONTROL] seq=24 value=48 input=2526
[SENSOR] seq=25 value=2532 sample=51 status=OK cyc=397989294
[CONTROL] seq=25 value=49 input=2532
[SENSOR] seq=26 value=2538 sample=52 status=OK cyc=405189193
[CONTROL] seq=26 value=50 input=2538
