[BOOT] system_start build=protected protection=1 sysclk=72000000 clock=HSE_PLL
[RESET] cause=NONE csr=0x00000000
[RESET] breadcrumb=none cause_resolved=COLD_OR_UNKNOWN source=csr csr=0x00000000
[FAULT] framework=ready persist=cold
[DET] fault_handlers requested=MemManage,BusFault,UsageFault shcsr=0x00000000 memfault=0 busfault=0 usagefault=0
[DET] stack_guards canary_words=4 paint=0xA5A5A5A5 tasks=sensor,control,console,monitor
[DET] wwdg started cfr=0x7F cr=0x80 stale_ms=150 refresh=tim2_1khz
[RTOS] scheduler_start heap_free=4040
[TASK] name=sensor state=started
[TASK] name=control state=started
[TASK] name=monitor state=started period_ms=20
[TASK] name=console state=started
[APP] system_ready[SENSOR] seq=1 value=2210 sample=1 status=OK cyc=12283543
[CONTROL] seq=1 value=1 input=2210
[SENSOR] seq=2 value=2216 sample=2 status=OK cyc=19483444
[CONTROL] seq=2 value=2 input=2216
[SENSOR] seq=3 value=2222 sample=3 status=OK cyc=26683344
[CONTROL] seq=3 value=3 input=2222
[SENSOR] seq=4 value=2228 sample=4 status=OK cyc=33883245
[CONTROL] seq=4 value=4 input=2228
[SENSOR] seq=5 value=2234 sample=5 status=OK cyc=41083144
[CONTROL] seq=5 value=5 input=2234
[SENSOR] seq=6 value=2240 sample=6 status=OK cyc=48283045
[CONTROL] seq=6 value=6 input=2240
[SENSOR] seq=7 value=2246 sample=7 status=OK cyc=55482944
[CONTROL] seq=7 value=6 input=2246
[SENSOR] seq=8 value=2252 sample=8 status=OK cyc=62682843
[CONTROL] seq=8 value=7 input=2252
[SENSOR] seq=9 value=2258 sample=9 status=OK cyc=69882744
[CONTROL] seq=9 value=8 input=2258
[SENSOR] seq=10 value=2264 sample=10 status=OK cyc=77082643
[CONTROL] seq=10 value=9 input=2264
[STATUS] src=periodic t_ms=1019 sensor_hb=10 control_hb=10 console_hb=89 sensor_err=0 dropped=0 heap_free=3552 rx_bytes=0 rx_err=0 fault_cmd_ok=0 fault_cmd_rej=0 faults_injected=0 fi_active=none
[DETSTAT] src=periodic mon_runs=51 det_total=0 det_false=0 det_suppressed=0 wd_refresh=1053 cfg_checks=10 cfg_fail=0 sample_checks=10 sample_fail=0 i2c_fail=0 canary_ok=3/3 stack_peak_pct=33:32:67 hb_flags=0
[SENSOR] seq=11 value=2270 sample=11 status=OK cyc=84282544
[CONTROL] seq=11 value=10 input=2270
[SENSOR] seq=12 value=2276 sample=12 status=OK cyc=91482444
[CONTROL] seq=12 value=11 input=2276
[SENSOR] seq=13 value=2282 sample=13 status=OK cyc=98682345
[CONTROL] seq=13 value=12 input=2282
[SENSOR] seq=14 value=2288 sample=14 status=OK cyc=105882244
[CONTROL] seq=14 value=13 input=2288
[SENSOR] seq=15 value=2294 sample=15 status=OK cyc=113082145
[CONTROL] seq=15 value=14 input=2294
[SENSOR] seq=16 value=2300 sample=16 status=OK cyc=120282044
[CONTROL] seq=16 value=15 input=2300
[SENSOR] seq=17 value=2306 sample=17 status=OK cyc=127481943
[CONTROL] seq=17 value=15 input=2306
[SENSOR] seq=18 value=2312 sample=18 status=OK cyc=134681844
[CONTROL] seq=18 value=16 input=2312
[SENSOR] seq=19 value=2318 sample=19 status=OK cyc=141881743
[CONTROL] seq=19 value=17 input=2318
[SENSOR] seq=20 value=2324 sample=20 status=OK cyc=149081644
[CONTROL] seq=20 value=18 input=2324
[STATUS] src=periodic t_ms=2019 sensor_hb=20 control_hb=20 console_hb=174 sensor_err=0 dropped=0 heap_free=3552 rx_bytes=0 rx_err=0 fault_cmd_ok=0 fault_cmd_rej=0 faults_injected=0 fi_active=none
[DETSTAT] src=periodic mon_runs=101 det_total=0 det_false=0 det_suppressed=0 wd_refresh=2054 cfg_checks=20 cfg_fail=0 sample_checks=20 sample_fail=0 i2c_fail=0 canary_ok=3/3 stack_peak_pct=33:32:68 hb_flags=0
[SENSOR] seq=21 value=2330 sample=21 status=OK cyc=156281544
[CONTROL] seq=21 value=19 input=2330
[SENSOR] seq=22 value=2336 sample=22 status=OK cyc=163481445
[CONTROL] seq=22 value=20 input=2336
[SENSOR] seq=23 value=2342 sample=23 status=OK cyc=170681344
[CONTROL] seq=23 value=21 input=2342
[SENSOR] seq=24 value=2348 sample=24 status=OK cyc=177881245
[CONTROL] seq=24 value=22 input=2348
[SENSOR] seq=25 value=2354 sample=25 status=OK cyc=185081144
[CONTROL] seq=25 value=23 input=2354
[CMD] rx=FAULT TIM-02
[CMD] result=accepted cmd=FAULT id=TIM-02 class=TIMING name=blocked_task EXP=TIM-02_001
[FAULT] EXP=TIM-02_001 state=SELECTED fault=TIM-02 class=TIMING name=blocked_task mech=UART cycle=187897834 t_ms=2608
[FAULT] EXP=TIM-02_001 state=ARMED mech=UART site=control_cycle cycle=187903684 t_ms=2608
[FAULT] EXP=TIM-02_001 state=INJECTED mech=UART target=sensor_task before=0x0000001A after=0x0000001A inject_count=1 cycle=192486002 t_ms=2671
[SENSOR] seq=26 value=2360 sample=26 status=OK cyc=192281043
[CONTROL] seq=26 value=24 input=2360
[TASK] name=sensor state=blocked reason=fault_injection exp=TIM-02_001 hb=26
[DETECT] EXP=TIM-02_001 mech=HEARTBEAT det_cycle=215968410 inj_cycle=192486002 latency_cycles=23482408 t_ms=2998 task=sensor hb=26 silent_ms>300
[FAULT] EXP=TIM-02_001 state=OBSERVED cycle=221594716 t_ms=3076 cycles_since_injection=29108714
[FAULT] EXP=TIM-02_001 state=COMPLETED outcome=effect_observed inject_count=1 cycle=221600512 t_ms=3076
[STATUS] src=periodic t_ms=3035 sensor_hb=26 control_hb=26 console_hb=256 sensor_err=0 dropped=0 heap_free=3552 rx_bytes=13 rx_err=0 fault_cmd_ok=1 fault_cmd_rej=0 faults_injected=1 fi_active=none
[DETSTAT] src=periodic mon_runs=152 det_total=1 det_false=0 det_suppressed=0 wd_refresh=3069 cfg_checks=26 cfg_fail=0 sample_checks=26 sample_fail=0 i2c_fail=0 canary_ok=3/3 stack_peak_pct=39:32:68 hb_flags=1
[STATUS] src=periodic t_ms=4023 sensor_hb=26 control_hb=26 console_hb=350 sensor_err=0 dropped=0 heap_free=3552 rx_bytes=13 rx_err=0 fault_cmd_ok=1 fault_cmd_rej=0 faults_injected=1 fi_active=none
[DETSTAT] src=periodic mon_runs=201 det_total=1 det_false=0 det_suppressed=0 wd_refresh=4056 cfg_checks=26 cfg_fail=0 sample_checks=26 sample_fail=0 i2c_fail=0 canary_ok=3/3 stack_peak_pct=39:32:68 hb_flags=1
[STATUS] src=periodic t_ms=5019 sensor_hb=26 control_hb=26 console_hb=445 sensor_err=0 dropped=0 heap_free=3552 rx_bytes=13 rx_err=0 fault_cmd_ok=1 fault_cmd_rej=0 faults_injected=1 fi_active=none
[DETSTAT] src=periodic mon_runs=251 det_total=1 det_false=0 det_suppressed=0 wd_refresh=5052 cfg_checks=26 cfg_fail=0 sample_checks=26 sample_fail=0 i2c_fail=0 canary_ok=3/3 stack_peak_pct=39:32:68 hb_flags=1
