[BOOT] system_start build=protected protection=1 sysclk=72000000 clock=HSE_PLL
[RESET] cause=NONE csr=0x00000000
[RESET] breadcrumb=none cause_resolved=COLD_OR_UNKNOWN source=csr csr=0x00000000
[RECOVERY] boot_path=normal_boot persist=cold
[FAULT] framework=ready persist=cold
[DET] fault_handlers requested=MemManage,BusFault,UsageFault shcsr=0x00000000 memfault=0 busfault=0 usagefault=0
[DET] stack_guards canary_words=4 paint=0xA5A5A5A5 tasks=sensor,control,console,monitor
[DET] wwdg started cfr=0x7F cr=0x80 stale_ms=150 refresh=tim2_1khz
[RTOS] scheduler_start heap_free=4040
[TASK] name=sensor state=started
[TASK] name=control state=started
[TASK] name=monitor state=started period_ms=20
[TASK] name=console state=started
[APP] system_ready
[CMD] rx_gdb=CPU-01
[CMD] result=accepted cmd=GDB_REQUEST id=CPU-01 class=CPU name=pc_corruption EXP=CPU-01_001
[FAULT] EXP=CPU-01_001 state=SELECTED fault=CPU-01 class=CPU name=pc_corruption mech=GDB cycle=7362054 t_ms=100
[FAULT] EXP=CPU-01_001 state=ARMED mech=GDB site=fi_gdb_anchor cycle=7369802 t_ms=100
[SENSOR] seq=1 value=2210 sample=1 status=OK cyc=12625242
[CONTROL] seq=1 value=1 input=2210
[SENSOR] seq=2 value=2216 sample=2 status=OK cyc=19825143
[CONTROL] seq=2 value=2 input=2216
[SENSOR] seq=3 value=2222 sample=3 status=OK cyc=27025042
[CONTROL] seq=3 value=3 input=2222
[SENSOR] seq=4 value=2228 sample=4 status=OK cyc=34224943
[CONTROL] seq=4 value=4 input=2228
[SENSOR] seq=5 value=2234 sample=5 status=OK cyc=41424842
[CONTROL] seq=5 value=5 input=2234
[SENSOR] seq=6 value=2240 sample=6 status=OK cyc=48624743
[CONTROL] seq=6 value=6 input=2240
[SENSOR] seq=7 value=2246 sample=7 status=OK cyc=55824642
[CONTROL] seq=7 value=6 input=2246
[SENSOR] seq=8 value=2252 sample=8 status=OK cyc=63024542
[CONTROL] seq=8 value=7 input=2252
[SENSOR] seq=9 value=2258 sample=9 status=OK cyc=70224443
[CONTROL] seq=9 value=8 input=2258
[SENSOR] seq=10 value=2264 sample=10 status=OK cyc=77424342
[CONTROL] seq=10 value=9 input=2264
[STATUS] src=periodic t_ms=1019 sensor_hb=10 control_hb=10 console_hb=85 sensor_err=0 dropped=0 heap_free=3552 rx_bytes=0 rx_err=0 fault_cmd_ok=1 fault_cmd_rej=0 faults_injected=0 fi_active=CPU-01_001
[DETSTAT] src=periodic mon_runs=51 det_total=0 det_false=0 det_suppressed=0 wd_refresh=1053 cfg_checks=10 cfg_fail=0 sample_checks=10 sample_fail=0 i2c_fail=0 canary_ok=3/3 stack_peak_pct=33:33:67 hb_flags=0
[SENSOR] seq=11 value=2270 sample=11 status=OK cyc=84624243
[CONTROL] seq=11 value=10 input=2270
[FAULT] EXP=CPU-01_001 state=INJECTED mech=GDB target=pc before=0x08002BE2 after=0x28002BE3 inject_count=1 cycle=92029374 t_ms=1275
[DETECT] EXP=CPU-01_001 mech=WWDG det_cycle=102468528 inj_cycle=92029374 latency_cycles=10439154 t_ms=1420 token_age_ms=158 refreshes=1353 cr=0xBD action=reset
[RECOVERY] EXP=CPU-01_001 attempt=1 level=3 action=wwdg_reset mech=WWDG task=none state=START start_cycle=103711002 det_cycle=102468528 inj_cycle=92029374 consecutive=1 t_ms=1420
[BOOT] system_start build=protected protection=1 sysclk=72000000 clock=HSE_PLL
[RESET] cause=NONE csr=0x00000000
[RESET] breadcrumb=WWDG cause_resolved=WWDG source=breadcrumb csr=0x00000000 exp=CPU-01_001 mech=WWDG det_cycle=102468528 latency_cycles=10439154 det_to_reset_cycles=1235544 detect_t_ms=1420
[RECOVERY] boot_path=verify_recovery persist=warm csr=0x00000000 consecutive=1 pending_exp=CPU-01_001 pending_level=3 pending_action=wwdg_reset safe=0
[RECOVERY] state_restored from=checkpoint cp_seq=2 setpoint=2200 kp=15 out_min=0 out_max=100 last_input=2258
[FAULT] EXP=CPU-01_001 state=ERROR reason=interrupted_by_reset last_state=INJECTED mech=GDB
[FAULT] framework=ready persist=warm
[DET] fault_handlers requested=MemManage,BusFault,UsageFault shcsr=0x00000000 memfault=0 busfault=0 usagefault=0
[DET] stack_guards canary_words=4 paint=0xA5A5A5A5 tasks=sensor,control,console,monitor
[DET] wwdg started cfr=0x7F cr=0x7F stale_ms=150 refresh=tim2_1khz
[RTOS] scheduler_start heap_free=4040
[TASK] name=sensor state=started
[TASK] name=control state=started
[TASK] name=console state=started
[APP] system_ready
[TASK] name=monitor state=started period_ms=20
[SENSOR] seq=1 value=2301 sample=14 status=OK cyc=120827807
[CONTROL] seq=1 value=15 input=2301
[SENSOR] seq=2 value=2307 sample=15 status=OK cyc=128027708
[CONTROL] seq=2 value=16 input=2307
[SENSOR] seq=3 value=2313 sample=16 status=OK cyc=135227607
[CONTROL] seq=3 value=16 input=2313
[RECOVERY] EXP=CPU-01_001 attempt=1 level=3 action=wwdg_reset state=COMPLETE success=1 start_cycle=103711002 end_cycle=136242326 time_cycles=32531324 verified=tasks_running_after_reset t_ms=431
[SENSOR] seq=4 value=2319 sample=17 status=OK cyc=142427508
[CONTROL] seq=4 value=17 input=2319
[SENSOR] seq=5 value=2325 sample=18 status=OK cyc=149627407
[CONTROL] seq=5 value=18 input=2325
[SENSOR] seq=6 value=2331 sample=19 status=OK cyc=156827308
[CONTROL] seq=6 value=19 input=2331
[SENSOR] seq=7 value=2337 sample=20 status=OK cyc=164027207
[CONTROL] seq=7 value=20 input=2337
[SENSOR] seq=8 value=2343 sample=21 status=OK cyc=171227107
[CONTROL] seq=8 value=21 input=2343
[SENSOR] seq=9 value=2349 sample=22 status=OK cyc=178427008
[CONTROL] seq=9 value=22 input=2349
[SENSOR] seq=10 value=2355 sample=23 status=OK cyc=185626907
[CONTROL] seq=10 value=23 input=2355
[STATUS] src=periodic t_ms=1018 sensor_hb=10 control_hb=10 console_hb=90 sensor_err=0 dropped=0 heap_free=3552 rx_bytes=0 rx_err=0 fault_cmd_ok=0 fault_cmd_rej=0 faults_injected=0 fi_active=none
[DETSTAT] src=periodic mon_runs=51 det_total=0 det_false=0 det_suppressed=0 wd_refresh=1053 cfg_checks=10 cfg_fail=0 sample_checks=10 sample_fail=0 i2c_fail=0 canary_ok=3/3 stack_peak_pct=33:33:66 hb_flags=0
[SENSOR] seq=11 value=2361 sample=24 status=OK cyc=192826808
[CONTROL] seq=11 value=24 input=2361
[SENSOR] seq=12 value=2367 sample=25 status=OK cyc=200026707
[CONTROL] seq=12 value=25 input=2367
[SENSOR] seq=13 value=2373 sample=26 status=OK cyc=207226608
[CONTROL] seq=13 value=25 input=2373
[SENSOR] seq=14 value=2379 sample=27 status=OK cyc=214426507
[CONTROL] seq=14 value=26 input=2379
[SENSOR] seq=15 value=2385 sample=28 status=OK cyc=221626408
[CONTROL] seq=15 value=27 input=2385
[SENSOR] seq=16 value=2391 sample=29 status=OK cyc=228826307
[CONTROL] seq=16 value=28 input=2391
[SENSOR] seq=17 value=2397 sample=30 status=OK cyc=236026207
[CONTROL] seq=17 value=29 input=2397
[SENSOR] seq=18 value=2403 sample=31 status=OK cyc=243226108
[CONTROL] seq=18 value=30 input=2403
[SENSOR] seq=19 value=2409 sample=32 status=OK cyc=250426007
[CONTROL] seq=19 value=31 input=2409
[SENSOR] seq=20 value=2415 sample=33 status=OK cyc=257625908
[CONTROL] seq=20 value=32 input=2415
[STATUS] src=periodic t_ms=2018 sensor_hb=20 control_hb=20 console_hb=175 sensor_err=0 dropped=0 heap_free=3552 rx_bytes=0 rx_err=0 fault_cmd_ok=0 fault_cmd_rej=0 faults_injected=0 fi_active=none
[DETSTAT] src=periodic mon_runs=101 det_total=0 det_false=0 det_suppressed=0 wd_refresh=2053 cfg_checks=20 cfg_fail=0 sample_checks=20 sample_fail=0 i2c_fail=0 canary_ok=3/3 stack_peak_pct=33:33:67 hb_flags=0
[SENSOR] seq=21 value=2421 sample=34 status=OK cyc=264825807
[CONTROL] seq=21 value=33 input=2421
[SENSOR] seq=22 value=2427 sample=35 status=OK cyc=272025708
[CONTROL] seq=22 value=34 input=2427
[SENSOR] seq=23 value=2433 sample=36 status=OK cyc=279225607
[CONTROL] seq=23 value=34 input=2433
[SENSOR] seq=24 value=2439 sample=37 status=OK cyc=286425508
[CONTROL] seq=24 value=35 input=2439
[SENSOR] seq=25 value=2445 sample=38 status=OK cyc=293625407
[CONTROL] seq=25 value=36 input=2445
[SENSOR] seq=26 value=2451 sample=39 status=OK cyc=300825307
[CONTROL] seq=26 value=37 input=2451
[SENSOR] seq=27 value=2457 sample=40 status=OK cyc=308025208
[CONTROL] seq=27 value=38 input=2457
[SENSOR] seq=28 value=2463 sample=41 status=OK cyc=315225107
[CONTROL] seq=28 value=39 input=2463
[SENSOR] seq=29 value=2469 sample=42 status=OK cyc=322425008
[CONTROL] seq=29 value=40 input=2469
[SENSOR] seq=30 value=2475 sample=43 status=OK cyc=329624907
[CONTROL] seq=30 value=41 input=2475
[STATUS] src=periodic t_ms=3018 sensor_hb=30 control_hb=30 console_hb=260 sensor_err=0 dropped=0 heap_free=3552 rx_bytes=0 rx_err=0 fault_cmd_ok=0 fault_cmd_rej=0 faults_injected=0 fi_active=none
[DETSTAT] src=periodic mon_runs=151 det_total=0 det_false=0 det_suppressed=0 wd_refresh=3053 cfg_checks=30 cfg_fail=0 sample_checks=30 sample_fail=0 i2c_fail=0 canary_ok=3/3 stack_peak_pct=33:33:67 hb_flags=0
[SENSOR] seq=31 value=2481 sample=44 status=OK cyc=336824808
[CONTROL] seq=31 value=42 input=2481
[SENSOR] seq=32 value=2487 sample=45 status=OK cyc=344024707
[CONTROL] seq=32 value=43 input=2487
[SENSOR] seq=33 value=2493 sample=46 status=OK cyc=351224606
[CONTROL] seq=33 value=43 input=2493
[SENSOR] seq=34 value=2499 sample=47 status=OK cyc=358424507
[CONTROL] seq=34 value=44 input=2499
[SENSOR] seq=35 value=2505 sample=48 status=OK cyc=365624407
[CONTROL] seq=35 value=45 input=2505
[SENSOR] seq=36 value=2511 sample=49 status=OK cyc=372824308
[CONTROL] seq=36 value=46 input=2511
[SENSOR] seq=37 value=2517 sample=50 status=OK cyc=380024207
[CONTROL] seq=37 value=47 input=2517
[SENSOR] seq=38 value=2523 sample=51 status=OK cyc=387224108
[CONTROL] seq=38 value=48 input=2523
[SENSOR] seq=39 value=2529 sample=52 status=OK cyc=394424007
[CONTROL] seq=39 value=49 input=2529
[RECOVERY] episode_end healthy_ms=4031 consecutive_was=1
[SENSOR] seq=40 value=2535 sample=53 status=OK cyc=401623908
[CONTROL] seq=40 value=50 input=2535
[STATUS] src=periodic t_ms=4018 sensor_hb=40 control_hb=40 console_hb=345 sensor_err=0 dropped=0 heap_free=3552 rx_bytes=0 rx_err=0 fault_cmd_ok=0 fault_cmd_rej=0 faults_injected=0 fi_active=none
[DETSTAT] src=periodic mon_runs=201 det_total=0 det_false=0 det_suppressed=0 wd_refresh=4053 cfg_checks=40 cfg_fail=0 sample_checks=40 sample_fail=0 i2c_fail=0 canary_ok=3/3 stack_peak_pct=33:33:67 hb_flags=0
[SENSOR] seq=41 value=2541 sample=54 status=OK cyc=408823807
[CONTROL] seq=41 value=51 input=2541
[SENSOR] seq=42 value=2547 sample=55 status=OK cyc=416023706
[CONTROL] seq=42 value=52 input=2547
[SENSOR] seq=43 value=2553 sample=56 status=OK cyc=423223607
[CONTROL] seq=43 value=52 input=2553
[SENSOR] seq=44 value=2559 sample=57 status=OK cyc=430423507
[CONTROL] seq=44 value=53 input=2559
[SENSOR] seq=45 value=2565 sample=58 status=OK cyc=437623408
[CONTROL] seq=45 value=54 input=2565
[SENSOR] seq=46 value=2571 sample=59 status=OK cyc=444823307
[CONTROL] seq=46 value=55 input=2571
[SENSOR] seq=47 value=2577 sample=60 status=OK cyc=452023208
[CONTROL] seq=47 value=56 input=2577
[SENSOR] seq=48 value=2583 sample=61 status=OK cyc=459223107
[CONTROL] seq=48 value=57 input=2583
[SENSOR] seq=49 value=2589 sample=62 status=OK cyc=466423008
[CONTROL] seq=49 value=58 input=2589
[SENSOR] seq=50 value=2595 sample=63 status=OK cyc=473622907
[CONTROL] seq=50 value=59 input=2595
[STATUS] src=periodic t_ms=5018 sensor_hb=50 control_hb=50 console_hb=430 sensor_err=0 dropped=0 heap_free=3552 rx_bytes=0 rx_err=0 fault_cmd_ok=0 fault_cmd_rej=0 faults_injected=0 fi_active=none
[DETSTAT] src=periodic mon_runs=251 det_total=0 det_false=0 det_suppressed=0 wd_refresh=5053 cfg_checks=50 cfg_fail=0 sample_checks=50 sample_fail=0 i2c_fail=0 canary_ok=3/3 stack_peak_pct=33:33:67 hb_flags=0
[SENSOR] seq=51 value=2601 sample=64 status=OK cyc=480822806
[CONTROL] seq=51 value=60 input=2601
[SENSOR] seq=52 value=2607 sample=65 status=OK cyc=488022707
[CONTROL] seq=52 value=61 input=2607
[SENSOR] seq=53 value=2613 sample=66 status=OK cyc=495222607
[CONTROL] seq=53 value=61 input=2613
[SENSOR] seq=54 value=2619 sample=67 status=OK cyc=502422508
