[BOOT] system_start build=protected protection=1 sysclk=72000000 clock=HSE_PLL
[RESET] cause=NONE csr=0x00000000
[RESET] breadcrumb=none cause_resolved=COLD_OR_UNKNOWN source=csr csr=0x00000000
[FAULT] framework=ready persist=cold
[DET] fault_handlers requested=MemManage,BusFault,UsageFault shcsr=0x00000000 memfault=0 busfault=0 usagefault=0
[DET] stack_guards canary_words=4 paint=0xA5A5A5A5 tasks=sensor,control,console,monitor
[DET] wwdg started cfr=0x7F cr=0x80 stale_ms=150 refresh=tim2_1khz
[RTOS] scheduler_start heap_free=4032
[TASK] name=sensor state=started
[TASK] name=control state=started
[TASK] name=monitor state=started period_ms=20
[TASK] name=console state=started
[APP] system_ready
[CMD] rx_gdb=FI-TEST
[CMD] result=accepted cmd=GDB_REQUEST id=FI-TEST class=TEST name=framework_selftest EXP=FI-TEST_001
[FAULT] EXP=FI-TEST_001 state=SELECTED fault=FI-TEST class=TEST name=framework_selftest mech=GDB cycle=7032115 t_ms=96
[FAULT] EXP=FI-TEST_001 state=ARMED mech=GDB site=fi_gdb_anchor cycle=7038037 t_ms=96
[FAULT] EXP=FI-TEST_001 state=INJECTED mech=GDB target=fi_test_target before=0xC0FFEE00 after=0xC0FFEE01 inject_count=1 cycle=12488448 t_ms=171
[SENSOR] seq=1 value=2210 sample=1 status=OK cyc=12283397
[CONTROL] seq=1 value=1 input=2210
[FAULT] EXP=FI-TEST_001 state=OBSERVED cycle=19688556 t_ms=271 cycles_since_injection=7200108
[FAULT] EXP=FI-TEST_001 state=COMPLETED outcome=effect_observed inject_count=1 cycle=19696271 t_ms=272
[SENSOR] seq=2 value=2216 sample=2 status=OK cyc=19483298
[CONTROL] seq=2 value=2 input=2216
[SENSOR] seq=3 value=2222 sample=3 status=OK cyc=26684494
[CONTROL] seq=3 value=3 input=2222
[SENSOR] seq=4 value=2228 sample=4 status=OK cyc=33883099
[CONTROL] seq=4 value=4 input=2228
[SENSOR] seq=5 value=2234 sample=5 status=OK cyc=41082998
[CONTROL] seq=5 value=5 input=2234
[SENSOR] seq=6 value=2240 sample=6 status=OK cyc=48282899
[CONTROL] seq=6 value=6 input=2240
[SENSOR] seq=7 value=2246 sample=7 status=OK cyc=55482798
[CONTROL] seq=7 value=6 input=2246
[SENSOR] seq=8 value=2252 sample=8 status=OK cyc=62682697
[CONTROL] seq=8 value=7 input=2252
[SENSOR] seq=9 value=2258 sample=9 status=OK cyc=69882598
[CONTROL] seq=9 value=8 input=2258
[SENSOR] seq=10 value=2264 sample=10 status=OK cyc=77082497
[CONTROL] seq=10 value=9 input=2264
[STATUS] src=periodic t_ms=1019 sensor_hb=10 control_hb=10 console_hb=80 sensor_err=0 dropped=0 heap_free=3544 rx_bytes=0 rx_err=0 fault_cmd_ok=1 fault_cmd_rej=0 faults_injected=1 fi_active=none
[DETSTAT] src=periodic mon_runs=51 det_total=0 det_false=0 det_suppressed=0 wd_refresh=1053 cfg_checks=10 cfg_fail=0 sample_checks=10 sample_fail=0 i2c_fail=0 canary_ok=3/3 stack_peak_pct=33:32:68 hb_flags=0
[SENSOR] seq=11 value=2270 sample=11 status=OK cyc=84282398
[CONTROL] seq=11 value=10 input=2270
[SENSOR] seq=12 value=2276 sample=12 status=OK cyc=91482298
[CONTROL] seq=12 value=11 input=2276
[SENSOR] seq=13 value=2282 sample=13 status=OK cyc=98682199
[CONTROL] seq=13 value=12 input=2282
[SENSOR] seq=14 value=2288 sample=14 status=OK cyc=105882098
[CONTROL] seq=14 value=13 input=2288
[SENSOR] seq=15 value=2294 sample=15 status=OK cyc=113081999
[CONTROL] seq=15 value=14 input=2294
[SENSOR] seq=16 value=2300 sample=16 status=OK cyc=120281898
[CONTROL] seq=16 value=15 input=2300
[SENSOR] seq=17 value=2306 sample=17 status=OK cyc=127481797
[CONTROL] seq=17 value=15 input=2306
[SENSOR] seq=18 value=2312 sample=18 status=OK cyc=134681698
[CONTROL] seq=18 value=16 input=2312
[SENSOR] seq=19 value=2318 sample=19 status=OK cyc=141881597
[CONTROL] seq=19 value=17 input=2318
[SENSOR] seq=20 value=2324 sample=20 status=OK cyc=149081498
[CONTROL] seq=20 value=18 input=2324
[STATUS] src=periodic t_ms=2019 sensor_hb=20 control_hb=20 console_hb=165 sensor_err=0 dropped=0 heap_free=3544 rx_bytes=0 rx_err=0 fault_cmd_ok=1 fault_cmd_rej=0 faults_injected=1 fi_active=none
[DETSTAT] src=periodic mon_runs=101 det_total=0 det_false=0 det_suppressed=0 wd_refresh=2054 cfg_checks=20 cfg_fail=0 sample_checks=20 sample_fail=0 i2c_fail=0 canary_ok=3/3 stack_peak_pct=33:32:68 hb_flags=0
[SENSOR] seq=21 value=2330 sample=21 status=OK cyc=156281398
[CONTROL] seq=21 value=19 input=2330
[SENSOR] seq=22 value=2336 sample=22 status=OK cyc=163481299
[CONTROL] seq=22 value=20 input=2336
[SENSOR] seq=23 value=2342 sample=23 status=OK cyc=170681198
[CONTROL] seq=23 value=21 input=2342
[SENSOR] seq=24 value=2348 sample=24 status=OK cyc=177881099
[CONTROL] seq=24 value=22 input=2348
[SENSOR] seq=25 value=2354 sample=25 status=OK cyc=185080998
[CONTROL] seq=25 value=23 input=2354
[SENSOR] seq=26 value=2360 sample=26 status=OK cyc=192280897
[CONTROL] seq=26 value=24 input=2360
[SENSOR] seq=27 value=2366 sample=27 status=OK cyc=199480798
[CONTROL] seq=27 value=24 input=2366
[SENSOR] seq=28 value=2372 sample=28 status=OK cyc=206680697
[CONTROL] seq=28 value=25 input=2372
[SENSOR] seq=29 value=2378 sample=29 status=OK cyc=213880598
[CONTROL] seq=29 value=26 input=2378
[SENSOR] seq=30 value=2384 sample=30 status=OK cyc=221080498
[CONTROL] seq=30 value=27 input=2384
[STATUS] src=periodic t_ms=3019 sensor_hb=30 control_hb=30 console_hb=250 sensor_err=0 dropped=0 heap_free=3544 rx_bytes=0 rx_err=0 fault_cmd_ok=1 fault_cmd_rej=0 faults_injected=1 fi_active=none
[DETSTAT] src=periodic mon_runs=151 det_total=0 det_false=0 det_suppressed=0 wd_refresh=3053 cfg_checks=30 cfg_fail=0 sample_checks=30 sample_fail=0 i2c_fail=0 canary_ok=3/3 stack_peak_pct=33:32:68 hb_flags=0
[SENSOR] seq=31 value=2390 sample=31 status=OK cyc=228280399
[CONTROL] seq=31 value=28 input=2390
[SENSOR] seq=32 value=2396 sample=32 status=OK cyc=235480298
[CONTROL] seq=32 value=29 input=2396
[SENSOR] seq=33 value=2402 sample=33 status=OK cyc=242680199
[CONTROL] seq=33 value=30 input=2402
[SENSOR] seq=34 value=2408 sample=34 status=OK cyc=249880098
[CONTROL] seq=34 value=31 input=2408
[SENSOR] seq=35 value=2414 sample=35 status=OK cyc=257079997
[CONTROL] seq=35 value=32 input=2414
[SENSOR] seq=36 value=2420 sample=36 status=OK cyc=264279898
[CONTROL] seq=36 value=33 input=2420
[SENSOR] seq=37 value=2426 sample=37 status=OK cyc=271479797
[CONTROL] seq=37 value=33 input=2426
[SENSOR] seq=38 value=2432 sample=38 status=OK cyc=278679698
[CONTROL] seq=38 value=34 input=2432
[SENSOR] seq=39 value=2438 sample=39 status=OK cyc=285879598
[CONTROL] seq=39 value=35 input=2438
