[BOOT] system_start build=protected protection=1 sysclk=72000000 clock=HSE_PLL
[RESET] cause=NONE csr=0x00000000
[RESET] breadcrumb=none cause_resolved=COLD_OR_UNKNOWN source=csr csr=0x00000000
[FAULT] framework=ready persist=cold
[DET] fault_handlers requested=MemManage,BusFault,UsageFault shcsr=0x00000000 memfault=0 busfault=0 usagefault=0
[DET] stack_guards canary_words=4 paint=0xA5A5A5A5 tasks=sensor,control,console,monitor
[DET] wwdg started cfr=0x7F cr=0x80 stale_ms=150 refresh=tim2_1khz
[RTOS] scheduler_start heap_free=4032
[TASK] name=sensor state=started
[TASK] name=control state=started
[TASK] name=monitor state=started period_ms=20
[TASK] name=console state=started
[APP] system_ready[SENSOR] seq=1 value=2210 sample=1 status=OK cyc=12283397
[CONTROL] seq=1 value=1 input=2210
[SENSOR] seq=2 value=2216 sample=2 status=OK cyc=19483298
[CONTROL] seq=2 value=2 input=2216
[SENSOR] seq=3 value=2222 sample=3 status=OK cyc=26683198
[CONTROL] seq=3 value=3 input=2222
[SENSOR] seq=4 value=2228 sample=4 status=OK cyc=33883099
[CONTROL] seq=4 value=4 input=2228
[SENSOR] seq=5 value=2234 sample=5 status=OK cyc=41082998
[CONTROL] seq=5 value=5 input=2234
[SENSOR] seq=6 value=2240 sample=6 status=OK cyc=48282899
[CONTROL] seq=6 value=6 input=2240
[SENSOR] seq=7 value=2246 sample=7 status=OK cyc=55482798
[CONTROL] seq=7 value=6 input=2246
[SENSOR] seq=8 value=2252 sample=8 status=OK cyc=62682697
[CONTROL] seq=8 value=7 input=2252
[SENSOR] seq=9 value=2258 sample=9 status=OK cyc=69882598
[CONTROL] seq=9 value=8 input=2258
[SENSOR] seq=10 value=2264 sample=10 status=OK cyc=77082497
[CONTROL] seq=10 value=9 input=2264
[STATUS] src=periodic t_ms=1019 sensor_hb=10 control_hb=10 console_hb=89 sensor_err=0 dropped=0 heap_free=3544 rx_bytes=2 rx_err=0 fault_cmd_ok=0 fault_cmd_rej=0 faults_injected=0 fi_active=none
[DETSTAT] src=periodic mon_runs=51 det_total=0 det_false=0 det_suppressed=0 wd_refresh=1053 cfg_checks=10 cfg_fail=0 sample_checks=10 sample_fail=0 i2c_fail=0 canary_ok=3/3 stack_peak_pct=33:32:68 hb_flags=0
[CMD] rx=FAULT MEM-03
[CMD] result=rejected cmd=FAULT reason=unknown_id arg=MEM-03[SENSOR] seq=11 value=2270 sample=11 status=OK cyc=84282398
[CONTROL] seq=11 value=10 input=2270
[CMD] rx=FAULT XYZ
[CMD] result=rejected cmd=FAULT reason=unknown_id arg=XYZ[SENSOR] seq=12 value=2276 sample=12 status=OK cyc=91482298
[CONTROL] seq=12 value=11 input=2276
[CMD] rx=FAULT MEM01
[CMD] result=rejected cmd=FAULT reason=unknown_id arg=MEM01[SENSOR] seq=13 value=2282 sample=13 status=OK cyc=98683162
[CONTROL] seq=13 value=12 input=2282
[CMD] rx=FAULT mem-01
[CMD] result=rejected cmd=FAULT reason=malformed_id arg=mem-01[CMD] rx=FAULT MEM_01
[CMD] result=rejected cmd=FAULT reason=malformed_id arg=MEM_01[SENSOR] seq=14 value=2288 sample=14 status=OK cyc=105889197
[CONTROL] seq=14 value=13 input=2288
[CMD] rx=FAULT
[CMD] result=rejected cmd=FAULT reason=missing_id[SENSOR] seq=15 value=2294 sample=15 status=OK cyc=113081999
[CONTROL] seq=15 value=14 input=2294
[CMD] rx=FAULT    
[CMD] result=rejected cmd=FAULT reason=missing_id[SENSOR] seq=16 value=2300 sample=16 status=OK cyc=120281898
[CONTROL] seq=16 value=15 input=2300
[CMD] rx=FAULT_AT
[CMD] result=rejected cmd=FAULT_AT reason=missing_id[CMD] rx=FAULT_GDB
[CMD] result=rejected cmd=FAULT_GDB reason=missing_id[SENSOR] seq=17 value=2306 sample=17 status=OK cyc=127489019
[CONTROL] seq=17 value=15 input=2306
[CMD] rx=FAULT MEM-01 X
[CMD] result=rejected cmd=FAULT reason=extra_args arg=MEM-01[SENSOR] seq=18 value=2312 sample=18 status=OK cyc=134681698
[CONTROL] seq=18 value=16 input=2312
[CMD] rx=FAULT  TIM-01   now
[CMD] result=rejected cmd=FAULT reason=extra_args arg=TIM-01[SENSOR] seq=19 value=2318 sample=19 status=OK cyc=141881597
[CONTROL] seq=19 value=17 input=2318
[CMD] rx=FAULT MEM-01;
[CMD] result=rejected cmd=FAULT reason=malformed_id arg=MEM-01;[SENSOR] seq=20 value=2324 sample=20 status=OK cyc=149081498
[CONTROL] seq=20 value=18 input=2324
[STATUS] src=periodic t_ms=2020 sensor_hb=20 control_hb=20 console_hb=164 sensor_err=0 dropped=0 heap_free=3544 rx_bytes=154 rx_err=0 fault_cmd_ok=0 fault_cmd_rej=12 faults_injected=0 fi_active=none
[DETSTAT] src=periodic mon_runs=101 det_total=0 det_false=0 det_suppressed=0 wd_refresh=2055 cfg_checks=20 cfg_fail=0 sample_checks=20 sample_fail=0 i2c_fail=0 canary_ok=3/3 stack_peak_pct=33:32:68 hb_flags=0
[CMD] rx=FAULT ABCDEFGHIJKLMNOP
[CMD] result=rejected cmd=FAULT reason=malformed_id arg=ABCDEFGHIJKL[SENSOR] seq=21 value=2330 sample=21 status=OK cyc=156281398
[CONTROL] seq=21 value=19 input=2330
[CMD] rx=FAULT_AT FI-TEST
[CMD] result=rejected cmd=FAULT_AT reason=missing_delay arg=FI-TEST[SENSOR] seq=22 value=2336 sample=22 status=OK cyc=163481299
[CONTROL] seq=22 value=20 input=2336
[CMD] rx=FAULT_AT FI-TEST 0
[CMD] result=rejected cmd=FAULT_AT reason=bad_delay arg=FI-TEST[SENSOR] seq=23 value=2342 sample=23 status=OK cyc=170681939
[CONTROL] seq=23 value=21 input=2342
[CMD] rx=FAULT_AT FI-TEST 5ms
[CMD] result=rejected cmd=FAULT_AT reason=bad_delay arg=FI-TEST[SENSOR] seq=24 value=2348 sample=24 status=OK cyc=177882058
[CONTROL] seq=24 value=22 input=2348
[CMD] rx=FAULT_AT FI-TEST 9999
[CMD] result=rejected cmd=FAULT_AT reason=bad_delay arg=FI-TEST[SENSOR] seq=25 value=2354 sample=25 status=OK cyc=185080998
[CONTROL] seq=25 value=23 input=2354
[CMD] rx=FAULT_GDB FI-TEST X
[CMD] result=rejected cmd=FAULT_GDB reason=extra_args arg=FI-TEST[SENSOR] seq=26 value=2360 sample=26 status=OK cyc=192281856
[CONTROL] seq=26 value=24 input=2360
[CMD] result=rejected reason=line_too_long len=66 max=48
[SENSOR] seq=27 value=2366 sample=27 status=OK cyc=199480798
[CONTROL] seq=27 value=24 input=2366
[CMD] result=rejected reason=non_printable_char[SENSOR] seq=28 value=2372 sample=28 status=OK cyc=206680697
[CONTROL] seq=28 value=25 input=2372
[CMD] result=rejected reason=non_printable_char[CMD] rx=FAULTX FI-TEST
[CMD] result=rejected reason=unknown_command[SENSOR] seq=29 value=2378 sample=29 status=OK cyc=213880598
[CONTROL] seq=29 value=26 input=2378
[CMD] rx=fault FI-TEST
[CMD] result=rejected reason=unknown_command[SENSOR] seq=30 value=2384 sample=30 status=OK cyc=221080498
[CONTROL] seq=30 value=27 input=2384
[STATUS] src=periodic t_ms=3019 sensor_hb=30 control_hb=30 console_hb=239 sensor_err=0 dropped=0 heap_free=3544 rx_bytes=392 rx_err=0 fault_cmd_ok=0 fault_cmd_rej=18 faults_injected=0 fi_active=none
[DETSTAT] src=periodic mon_runs=151 det_total=0 det_false=0 det_suppressed=0 wd_refresh=3054 cfg_checks=30 cfg_fail=0 sample_checks=30 sample_fail=0 i2c_fail=0 canary_ok=3/3 stack_peak_pct=33:32:68 hb_flags=0
[CMD] rx=FAULT MEM-01
[CMD] result=accepted cmd=FAULT id=MEM-01 class=MEMORY name=sram_bit_flip EXP=MEM-01_001
[FAULT] EXP=MEM-01_001 state=SELECTED fault=MEM-01 class=MEMORY name=sram_bit_flip mech=UART cycle=226637038 t_ms=3146
[FAULT] EXP=MEM-01_001 state=ERROR reason=not_implemented inject_count=0 cycle=226642834 t_ms=3146
[SENSOR] seq=31 value=2390 sample=31 status=OK cyc=228287579
[CONTROL] seq=31 value=28 input=2390
[CMD] rx=FAULT MEM-02
[CMD] result=accepted cmd=FAULT id=MEM-02 class=MEMORY name=stack_corruption EXP=MEM-02_001
[FAULT] EXP=MEM-02_001 state=SELECTED fault=MEM-02 class=MEMORY name=stack_corruption mech=UART cycle=234123334 t_ms=3250
[FAULT] EXP=MEM-02_001 state=ERROR reason=not_implemented inject_count=0 cycle=234129129 t_ms=3250
[SENSOR] seq=32 value=2396 sample=32 status=OK cyc=235487474
[CONTROL] seq=32 value=29 input=2396
[CMD] rx=FAULT CPU-01
[CMD] result=accepted cmd=FAULT id=CPU-01 class=CPU name=pc_corruption EXP=CPU-01_001
[FAULT] EXP=CPU-01_001 state=SELECTED fault=CPU-01 class=CPU name=pc_corruption mech=UART cycle=241825642 t_ms=3357
[FAULT] EXP=CPU-01_001 state=ERROR reason=not_implemented inject_count=0 cycle=241831437 t_ms=3357
[SENSOR] seq=33 value=2402 sample=33 status=OK cyc=242687435
[CONTROL] seq=33 value=30 input=2402
[CMD] rx=FAULT CPU-02
[CMD] result=accepted cmd=FAULT id=CPU-02 class=CPU name=sp_corruption EXP=CPU-02_001
[FAULT] EXP=CPU-02_001 state=SELECTED fault=CPU-02 class=CPU name=sp_corruption mech=UART cycle=249464969 t_ms=3463
[FAULT] EXP=CPU-02_001 state=ERROR reason=not_implemented inject_count=0 cycle=249470765 t_ms=3463
[SENSOR] seq=34 value=2408 sample=34 status=OK cyc=249887260
[CONTROL] seq=34 value=31 input=2408
[CMD] rx=FAULT TIM-01
[CMD] result=accepted cmd=FAULT id=TIM-01 class=TIMING name=infinite_loop EXP=TIM-01_001
[FAULT] EXP=TIM-01_001 state=SELECTED fault=TIM-01 class=TIMING name=infinite_loop mech=UART cycle=256874297 t_ms=3566
[FAULT] EXP=TIM-01_001 state=ERROR reason=not_implemented inject_count=0 cycle=256880093 t_ms=3566
[SENSOR] seq=35 value=2414 sample=35 status=OK cyc=257087141
[CONTROL] seq=35 value=32 input=2414
[CMD] rx=FAULT TIM-02
[CMD] result=accepted cmd=FAULT id=TIM-02 class=TIMING name=blocked_task EXP=TIM-02_001
[FAULT] EXP=TIM-02_001 state=SELECTED fault=TIM-02 class=TIMING name=blocked_task mech=UART cycle=264614403 t_ms=3673
[FAULT] EXP=TIM-02_001 state=ERROR reason=not_implemented inject_count=0 cycle=264620199 t_ms=3673
[SENSOR] seq=36 value=2420 sample=36 status=OK cyc=264287030
[CONTROL] seq=36 value=33 input=2420
[SENSOR] seq=37 value=2426 sample=37 status=OK cyc=271481245
[CONTROL] seq=37 value=33 input=2426
[CMD] rx=FAULT DATA-01
[CMD] result=accepted cmd=FAULT id=DATA-01 class=DATA name=sensor_corruption EXP=DATA-01_001
[FAULT] EXP=DATA-01_001 state=SELECTED fault=DATA-01 class=DATA name=sensor_corruption mech=UART cycle=272919328 t_ms=3789
[FAULT] EXP=DATA-01_001 state=ERROR reason=not_implemented inject_count=0 cycle=272925124 t_ms=3789
[SENSOR] seq=38 value=2432 sample=38 status=OK cyc=278679698
[CONTROL] seq=38 value=34 input=2432
[CMD] rx=FAULT DATA-02
[CMD] result=accepted cmd=FAULT id=DATA-02 class=DATA name=config_corruption EXP=DATA-02_001
[FAULT] EXP=DATA-02_001 state=SELECTED fault=DATA-02 class=DATA name=config_corruption mech=UART cycle=281000550 t_ms=3901
[FAULT] EXP=DATA-02_001 state=ERROR reason=not_implemented inject_count=0 cycle=281006346 t_ms=3901
[SENSOR] seq=39 value=2438 sample=39 status=OK cyc=285879598
[CONTROL] seq=39 value=35 input=2438
[CMD] rx=FAULT PERIPH-01
[CMD] result=accepted cmd=FAULT id=PERIPH-01 class=PERIPHERAL name=i2c_stuck_low EXP=PERIPH-01_001
[FAULT] EXP=PERIPH-01_001 state=SELECTED fault=PERIPH-01 class=PERIPHERAL name=i2c_stuck_low mech=UART cycle=288720536 t_ms=4008
[FAULT] EXP=PERIPH-01_001 state=ERROR reason=not_implemented inject_count=0 cycle=288726332 t_ms=4008
[SENSOR] seq=40 value=2444 sample=40 status=OK cyc=293079499
[CONTROL] seq=40 value=36 input=2444
[STATUS] src=periodic t_ms=4019 sensor_hb=40 control_hb=40 console_hb=291 sensor_err=0 dropped=0 heap_free=3544 rx_bytes=514 rx_err=0 fault_cmd_ok=9 fault_cmd_rej=18 faults_injected=0 fi_active=none
[DETSTAT] src=periodic mon_runs=201 det_total=0 det_false=0 det_suppressed=0 wd_refresh=4054 cfg_checks=40 cfg_fail=0 sample_checks=40 sample_fail=0 i2c_fail=0 canary_ok=3/3 stack_peak_pct=33:32:69 hb_flags=0
[CMD] rx=FAULT FI-TEST
[CMD] result=accepted cmd=FAULT id=FI-TEST class=TEST name=framework_selftest EXP=FI-TEST_001
[FAULT] EXP=FI-TEST_001 state=SELECTED fault=FI-TEST class=TEST name=framework_selftest mech=UART cycle=298648819 t_ms=4146
[FAULT] EXP=FI-TEST_001 state=ARMED mech=UART site=control_cycle cycle=298654669 t_ms=4146
[FAULT] EXP=FI-TEST_001 state=INJECTED mech=UART target=fi_test_target before=0xC0FFEE00 after=0xC0FFEE01 inject_count=1 cycle=300491452 t_ms=4171
[SENSOR] seq=41 value=2450 sample=41 status=OK cyc=300286580
[CONTROL] seq=41 value=37 input=2450
[FAULT] EXP=FI-TEST_001 state=OBSERVED cycle=307683957 t_ms=4271 cycles_since_injection=7192505
[FAULT] EXP=FI-TEST_001 state=COMPLETED outcome=effect_observed inject_count=1 cycle=307692595 t_ms=4272
[SENSOR] seq=42 value=2456 sample=42 status=OK cyc=307479299
[CONTROL] seq=42 value=38 input=2456
[SENSOR] seq=43 value=2462 sample=43 status=OK cyc=314680494
[CONTROL] seq=43 value=39 input=2462
[CMD] rx=FAULT FI-TEST
[CMD] result=accepted cmd=FAULT id=FI-TEST class=TEST name=framework_selftest EXP=FI-TEST_002
[FAULT] EXP=FI-TEST_002 state=SELECTED fault=FI-TEST class=TEST name=framework_selftest mech=UART cycle=317508380 t_ms=4408
[FAULT] EXP=FI-TEST_002 state=ARMED mech=UART site=control_cycle cycle=317514230 t_ms=4408
[FAULT] EXP=FI-TEST_002 state=INJECTED mech=UART target=fi_test_target before=0xC0FFEE00 after=0xC0FFEE01 inject_count=1 cycle=322083158 t_ms=4471
[SENSOR] seq=44 value=2468 sample=44 status=OK cyc=321879097
[CONTROL] seq=44 value=40 input=2468
[FAULT] EXP=FI-TEST_002 state=OBSERVED cycle=329283347 t_ms=4571 cycles_since_injection=7200189
[FAULT] EXP=FI-TEST_002 state=COMPLETED outcome=effect_observed inject_count=1 cycle=329291988 t_ms=4572
[SENSOR] seq=45 value=2474 sample=45 status=OK cyc=329078998
[CONTROL] seq=45 value=41 input=2474
[SENSOR] seq=46 value=2480 sample=46 status=OK cyc=336280193
[CONTROL] seq=46 value=42 input=2480
[CMD] rx=FAULT FI-TEST
[CMD] result=accepted cmd=FAULT id=FI-TEST class=TEST name=framework_selftest EXP=FI-TEST_003
[FAULT] EXP=FI-TEST_003 state=SELECTED fault=FI-TEST class=TEST name=framework_selftest mech=UART cycle=339109918 t_ms=4708
[FAULT] EXP=FI-TEST_003 state=ARMED mech=UART site=control_cycle cycle=339115768 t_ms=4708
[FAULT] EXP=FI-TEST_003 state=INJECTED mech=UART target=fi_test_target before=0xC0FFEE00 after=0xC0FFEE01 inject_count=1 cycle=343682823 t_ms=4771
[SENSOR] seq=47 value=2486 sample=47 status=OK cyc=343478798
[CONTROL] seq=47 value=42 input=2486
[FAULT] EXP=FI-TEST_003 state=OBSERVED cycle=350883046 t_ms=4871 cycles_since_injection=7200223
[FAULT] EXP=FI-TEST_003 state=COMPLETED outcome=effect_observed inject_count=1 cycle=350891688 t_ms=4872
[SENSOR] seq=48 value=2492 sample=48 status=OK cyc=350678698
[CONTROL] seq=48 value=43 input=2492
[SENSOR] seq=49 value=2498 sample=49 status=OK cyc=357879894
[CONTROL] seq=49 value=44 input=2498
[SENSOR] seq=50 value=2504 sample=50 status=OK cyc=365078498
[CONTROL] seq=50 value=45 input=2504
[STATUS] src=periodic t_ms=5019 sensor_hb=50 control_hb=50 console_hb=350 sensor_err=0 dropped=0 heap_free=3544 rx_bytes=556 rx_err=0 fault_cmd_ok=12 fault_cmd_rej=18 faults_injected=3 fi_active=none
[DETSTAT] src=periodic mon_runs=251 det_total=0 det_false=0 det_suppressed=0 wd_refresh=5053 cfg_checks=50 cfg_fail=0 sample_checks=50 sample_fail=0 i2c_fail=0 canary_ok=3/3 stack_peak_pct=33:32:69 hb_flags=0
[SENSOR] seq=51 value=2510 sample=51 status=OK cyc=372278397
[CONTROL] seq=51 value=46 input=2510
[SENSOR] seq=52 value=2516 sample=52 status=OK cyc=379478298
[CONTROL] seq=52 value=47 input=2516
[SENSOR] seq=53 value=2522 sample=53 status=OK cyc=386678197
[CONTROL] seq=53 value=48 input=2522
[SENSOR] seq=54 value=2528 sample=54 status=OK cyc=393878098
[CONTROL] seq=54 value=49 input=2528
[SENSOR] seq=55 value=2534 sample=55 status=OK cyc=401077997
[CONTROL] seq=55 value=50 input=2534
[SENSOR] seq=56 value=2540 sample=56 status=OK cyc=408277898
[CONTROL] seq=56 value=51 input=2540
[SENSOR] seq=57 value=2546 sample=57 status=OK cyc=415477798
[CONTROL] seq=57 value=51 input=2546
[SENSOR] seq=58 value=2552 sample=58 status=OK cyc=422677699
[CONTROL] seq=58 value=52 input=2552
[SENSOR] seq=59 value=2558 sample=59 status=OK cyc=429877598
[CONTROL] seq=59 value=53 input=2558
[SENSOR] seq=60 value=2564 sample=60 status=OK cyc=437077497
[CONTROL] seq=60 value=54 input=2564
[STATUS] src=periodic t_ms=6019 sensor_hb=60 control_hb=60 console_hb=435 sensor_err=0 dropped=0 heap_free=3544 rx_bytes=556 rx_err=0 fault_cmd_ok=12 fault_cmd_rej=18 faults_injected=3 fi_active=none
[DETSTAT] src=periodic mon_runs=301 det_total=0 det_false=0 det_suppressed=0 wd_refresh=6053 cfg_checks=60 cfg_fail=0 sample_checks=60 sample_fail=0 i2c_fail=0 canary_ok=3/3 stack_peak_pct=33:32:69 hb_flags=0
[SENSOR] seq=61 value=2570 sample=61 status=OK cyc=444277398
[CONTROL] seq=61 value=55 input=2570
[SENSOR] seq=62 value=2576 sample=62 status=OK cyc=451477297
[CONTROL] seq=62 value=56 input=2576
[SENSOR] seq=63 value=2582 sample=63 status=OK cyc=458677198
[CONTROL] seq=63 value=57 input=2582
[SENSOR] seq=64 value=2588 sample=64 status=OK cyc=465877097
[CONTROL] seq=64 value=58 input=2588
[SENSOR] seq=65 value=2594 sample=65 status=OK cyc=473076998
[CONTROL] seq=65 value=59 input=2594
[SENSOR] seq=66 value=2600 sample=66 status=OK cyc=480276898
[CONTROL] seq=66 value=60 input=2600
[SENSOR] seq=67 value=2606 sample=67 status=OK cyc=487476798
[CONTROL] seq=67 value=60 input=2606
[SENSOR] seq=68 value=2612 sample=68 status=OK cyc=494676698
[CONTROL] seq=68 value=61 input=2612
[SENSOR] seq=69 value=2618 sample=69 status=OK cyc=501876597
[CONTROL] seq=69 value=62 input=2618
[CMD] rx=FAULT_AT FI-TEST 500
[CMD] result=accepted cmd=FAULT_AT id=FI-TEST class=TEST name=framework_selftest EXP=FI-TEST_004
[FAULT] EXP=FI-TEST_004 state=SELECTED fault=FI-TEST class=TEST name=framework_selftest mech=TIMER cycle=505621915 t_ms=7021
[FAULT] EXP=FI-TEST_004 state=ARMED mech=TIMER site=tim4_isr delay_ms=500 target_cycle=541627765 cycle=505627765 t_ms=7021
[SENSOR] seq=70 value=2624 sample=70 status=OK cyc=509076498
[CONTROL] seq=70 value=63 input=2624
[CMD] rx=FAULT FI-TEST
[CMD] result=rejected cmd=FAULT reason=busy active=FI-TEST_004
[STATUS] src=periodic t_ms=7028 sensor_hb=70 control_hb=70 console_hb=515 sensor_err=0 dropped=0 heap_free=3544 rx_bytes=591 rx_err=0 fault_cmd_ok=13 fault_cmd_rej=19 faults_injected=3 fi_active=FI-TEST_004
[DETSTAT] src=periodic mon_runs=352 det_total=0 det_false=0 det_suppressed=0 wd_refresh=7064 cfg_checks=70 cfg_fail=0 sample_checks=70 sample_fail=0 i2c_fail=0 canary_ok=3/3 stack_peak_pct=33:32:69 hb_flags=0
[SENSOR] seq=71 value=2630 sample=71 status=OK cyc=516276397
[CONTROL] seq=71 value=64 input=2630
[SENSOR] seq=72 value=2636 sample=72 status=OK cyc=523476298
[CONTROL] seq=72 value=65 input=2636
[SENSOR] seq=73 value=2642 sample=73 status=OK cyc=530676197
[CONTROL] seq=73 value=66 input=2642
[SENSOR] seq=74 value=2648 sample=74 status=OK cyc=537876098
[CONTROL] seq=74 value=67 input=2648
[FAULT] EXP=FI-TEST_004 state=INJECTED mech=TIMER target=fi_test_target before=0xC0FFEE00 after=0xC0FFEE01 inject_count=1 cycle=541634911 t_ms=7521 target_cycle=541627765 trigger_error_cycles=7146
[FAULT] EXP=FI-TEST_004 state=OBSERVED cycle=545281498 t_ms=7571 cycles_since_injection=3646587
[FAULT] EXP=FI-TEST_004 state=COMPLETED outcome=effect_observed inject_count=1 cycle=545290140 t_ms=7572
[SENSOR] seq=75 value=2654 sample=75 status=OK cyc=545077294
[CONTROL] seq=75 value=68 input=2654
[SENSOR] seq=76 value=2660 sample=76 status=OK cyc=552277195
[CONTROL] seq=76 value=69 input=2660
[CMD] rx=FAULT_AT FI-TEST 1234
[CMD] result=accepted cmd=FAULT_AT id=FI-TEST class=TEST name=framework_selftest EXP=FI-TEST_005
[FAULT] EXP=FI-TEST_005 state=SELECTED fault=FI-TEST class=TEST name=framework_selftest mech=TIMER cycle=556027892 t_ms=7721
[FAULT] EXP=FI-TEST_005 state=ARMED mech=TIMER site=tim4_isr delay_ms=1234 target_cycle=644881742 cycle=556033742 t_ms=7721
[SENSOR] seq=77 value=2666 sample=77 status=OK cyc=559475798
[CONTROL] seq=77 value=69 input=2666
[SENSOR] seq=78 value=2672 sample=78 status=OK cyc=566675697
[CONTROL] seq=78 value=70 input=2672
[SENSOR] seq=79 value=2678 sample=79 status=OK cyc=573875634
[CONTROL] seq=79 value=71 input=2678
[SENSOR] seq=80 value=2684 sample=80 status=OK cyc=581075623
[CONTROL] seq=80 value=72 input=2684
[STATUS] src=periodic t_ms=8020 sensor_hb=80 control_hb=80 console_hb=588 sensor_err=0 dropped=0 heap_free=3544 rx_bytes=613 rx_err=0 fault_cmd_ok=14 fault_cmd_rej=19 faults_injected=4 fi_active=FI-TEST_005
[DETSTAT] src=periodic mon_runs=401 det_total=0 det_false=0 det_suppressed=0 wd_refresh=8055 cfg_checks=80 cfg_fail=0 sample_checks=80 sample_fail=0 i2c_fail=0 canary_ok=3/3 stack_peak_pct=33:32:69 hb_flags=0
[SENSOR] seq=81 value=2690 sample=81 status=OK cyc=588275632
[CONTROL] seq=81 value=73 input=2690
[SENSOR] seq=82 value=2696 sample=82 status=OK cyc=595475621
[CONTROL] seq=82 value=74 input=2696
[SENSOR] seq=83 value=2702 sample=83 status=OK cyc=602675630
[CONTROL] seq=83 value=75 input=2702
[SENSOR] seq=84 value=2708 sample=84 status=OK cyc=609875620
[CONTROL] seq=84 value=76 input=2708
[SENSOR] seq=85 value=2714 sample=85 status=OK cyc=617075629
[CONTROL] seq=85 value=77 input=2714
[SENSOR] seq=86 value=2720 sample=86 status=OK cyc=624275618
[CONTROL] seq=86 value=78 input=2720
[SENSOR] seq=87 value=2726 sample=87 status=OK cyc=631475625
[CONTROL] seq=87 value=78 input=2726
[SENSOR] seq=88 value=2732 sample=88 status=OK cyc=638675616
[CONTROL] seq=88 value=79 input=2732
[FAULT] EXP=FI-TEST_005 state=INJECTED mech=TIMER target=fi_test_target before=0xC0FFEE00 after=0xC0FFEE01 inject_count=1 cycle=644888888 t_ms=8955 target_cycle=644881742 trigger_error_cycles=7146
[FAULT] EXP=FI-TEST_005 state=OBSERVED cycle=646087908 t_ms=8971 cycles_since_injection=1199020
[FAULT] EXP=FI-TEST_005 state=COMPLETED outcome=effect_observed inject_count=1 cycle=646093794 t_ms=8971
[SENSOR] seq=89 value=2738 sample=89 status=OK cyc=645882735
[CONTROL] seq=89 value=80 input=2738
[SENSOR] seq=90 value=2744 sample=90 status=OK cyc=653075418
[CONTROL] seq=90 value=81 input=2744
[STATUS] src=periodic t_ms=9020 sensor_hb=90 control_hb=90 console_hb=668 sensor_err=0 dropped=0 heap_free=3544 rx_bytes=613 rx_err=0 fault_cmd_ok=14 fault_cmd_rej=19 faults_injected=5 fi_active=none
[DETSTAT] src=periodic mon_runs=451 det_total=0 det_false=0 det_suppressed=0 wd_refresh=9054 cfg_checks=90 cfg_fail=0 sample_checks=90 sample_fail=0 i2c_fail=0 canary_ok=3/3 stack_peak_pct=33:32:69 hb_flags=0
[CMD] rx=STATUS
[STATUS] src=cmd t_ms=9080 sensor_hb=90 control_hb=90 console_hb=669 sensor_err=0 dropped=0 heap_free=3544 rx_bytes=620 rx_err=0 fault_cmd_ok=14 fault_cmd_rej=19 faults_injected=5 fi_active=none
[SENSOR] seq=91 value=2750 sample=91 status=OK cyc=660282544
[CONTROL] seq=91 value=82 input=2750
[SENSOR] seq=92 value=2756 sample=92 status=OK cyc=667475220
[CONTROL] seq=92 value=83 input=2756
[SENSOR] seq=93 value=2762 sample=93 status=OK cyc=674675130
[CONTROL] seq=93 value=84 input=2762
[SENSOR] seq=94 value=2768 sample=94 status=OK cyc=681875022
[CONTROL] seq=94 value=85 input=2768
[SENSOR] seq=95 value=2774 sample=95 status=OK cyc=689074932
[CONTROL] seq=95 value=86 input=2774
[SENSOR] seq=96 value=2780 sample=96 status=OK cyc=696274824
[CONTROL] seq=96 value=87 input=2780
[SENSOR] seq=97 value=2786 sample=97 status=OK cyc=703474734
[CONTROL] seq=97 value=87 input=2786
[SENSOR] seq=98 value=2792 sample=98 status=OK cyc=710674626
[CONTROL] seq=98 value=88 input=2792
[SENSOR] seq=99 value=2798 sample=99 status=OK cyc=717874518
[CONTROL] seq=99 value=89 input=2798
[SENSOR] seq=100 value=2795 sample=100 status=OK cyc=725074428
[CONTROL] seq=100 value=89 input=2795
[STATUS] src=periodic t_ms=10020 sensor_hb=100 control_hb=100 console_hb=751 sensor_err=0 dropped=0 heap_free=3544 rx_bytes=620 rx_err=0 fault_cmd_ok=14 fault_cmd_rej=19 faults_injected=5 fi_active=none
[DETSTAT] src=periodic mon_runs=501 det_total=0 det_false=0 det_suppressed=0 wd_refresh=10055 cfg_checks=100 cfg_fail=0 sample_checks=100 sample_fail=0 i2c_fail=0 canary_ok=3/3 stack_peak_pct=33:32:69 hb_flags=0
[SENSOR] seq=101 value=2789 sample=101 status=OK cyc=732274320
[CONTROL] seq=101 value=88 input=2789
[SENSOR] seq=102 value=2783 sample=102 status=OK cyc=739474230
[CONTROL] seq=102 value=87 input=2783
[SENSOR] seq=103 value=2777 sample=103 status=OK cyc=746674122
[CONTROL] seq=103 value=86 input=2777
[SENSOR] seq=104 value=2771 sample=104 status=OK cyc=753874032
[CONTROL] seq=104 value=85 input=2771
[SENSOR] seq=105 value=2765 sample=105 status=OK cyc=761073924
[CONTROL] seq=105 value=84 input=2765
[SENSOR] seq=106 value=2759 sample=106 status=OK cyc=768273834
[CONTROL] seq=106 value=83 input=2759
[SENSOR] seq=107 value=2753 sample=107 status=OK cyc=775473726
[CONTROL] seq=107 value=82 input=2753
[SENSOR] seq=108 value=2747 sample=108 status=OK cyc=782673618
[CONTROL] seq=108 value=82 input=2747
[SENSOR] seq=109 value=2741 sample=109 status=OK cyc=789873528
[CONTROL] seq=109 value=81 input=2741
[SENSOR] seq=110 value=2735 sample=110 status=OK cyc=797073420
[CONTROL] seq=110 value=80 input=2735
[STATUS] src=periodic