[BOOT] system_start build=protected protection=1 sysclk=72000000 clock=HSE_PLL
[RESET] cause=NONE csr=0x00000000
[RESET] breadcrumb=none cause_resolved=COLD_OR_UNKNOWN source=csr csr=0x00000000
[RECOVERY] boot_path=normal_boot persist=cold
[FAULT] framework=ready persist=cold
[DET] fault_handlers requested=MemManage,BusFault,UsageFault shcsr=0x00000000 memfault=0 busfault=0 usagefault=0
[DET] stack_guards canary_words=4 paint=0xA5A5A5A5 tasks=sensor,control,console,monitor
[DET] wwdg started cfr=0x7F cr=0x80 stale_ms=150 refresh=tim2_1khz
[RTOS] scheduler_start heap_free=4040
[TASK] name=sensor state=started
[TASK] name=control state=started
[TASK] name=monitor state=started period_ms=20
[TASK] name=console state=started
[APP] system_ready[SENSOR] seq=1 value=2210 sample=1 status=OK cyc=12626138
[CONTROL] seq=1 value=1 input=2210
[SENSOR] seq=2 value=2216 sample=2 status=OK cyc=19826039
[CONTROL] seq=2 value=2 input=2216
[SENSOR] seq=3 value=2222 sample=3 status=OK cyc=27025938
[CONTROL] seq=3 value=3 input=2222
[SENSOR] seq=4 value=2228 sample=4 status=OK cyc=34225839
[CONTROL] seq=4 value=4 input=2228
[SENSOR] seq=5 value=2234 sample=5 status=OK cyc=41425738
[CONTROL] seq=5 value=5 input=2234
[SENSOR] seq=6 value=2240 sample=6 status=OK cyc=48625639
[CONTROL] seq=6 value=6 input=2240
[SENSOR] seq=7 value=2246 sample=7 status=OK cyc=55825538
[CONTROL] seq=7 value=6 input=2246
[SENSOR] seq=8 value=2252 sample=8 status=OK cyc=63025438
[CONTROL] seq=8 value=7 input=2252
[SENSOR] seq=9 value=2258 sample=9 status=OK cyc=70225339
[CONTROL] seq=9 value=8 input=2258
[SENSOR] seq=10 value=2264 sample=10 status=OK cyc=77425238
[CONTROL] seq=10 value=9 input=2264
[STATUS] src=periodic t_ms=1019 sensor_hb=10 control_hb=10 console_hb=89 sensor_err=0 dropped=0 heap_free=3552 rx_bytes=0 rx_err=0 fault_cmd_ok=0 fault_cmd_rej=0 faults_injected=0 fi_active=none
[DETSTAT] src=periodic mon_runs=51 det_total=0 det_false=0 det_suppressed=0 wd_refresh=1053 cfg_checks=10 cfg_fail=0 sample_checks=10 sample_fail=0 i2c_fail=0 canary_ok=3/3 stack_peak_pct=33:33:66 hb_flags=0
[CPUSTAT] total_cycles=76762579 idle_cycles=50661057 busy_cycles=26101522 busy_permille=340
[SENSOR] seq=11 value=2270 sample=11 status=OK cyc=84625139
[CONTROL] seq=11 value=10 input=2270
[SENSOR] seq=12 value=2276 sample=12 status=OK cyc=91825038
[CONTROL] seq=12 value=11 input=2276
[SENSOR] seq=13 value=2282 sample=13 status=OK cyc=99024939
[CONTROL] seq=13 value=12 input=2282
[SENSOR] seq=14 value=2288 sample=14 status=OK cyc=106224838
[CONTROL] seq=14 value=13 input=2288
[SENSOR] seq=15 value=2294 sample=15 status=OK cyc=113424739
[CONTROL] seq=15 value=14 input=2294
[SENSOR] seq=16 value=2300 sample=16 status=OK cyc=120624638
[CONTROL] seq=16 value=15 input=2300
[SENSOR] seq=17 value=2306 sample=17 status=OK cyc=127824538
[CONTROL] seq=17 value=15 input=2306
[SENSOR] seq=18 value=2312 sample=18 status=OK cyc=135024439
[CONTROL] seq=18 value=16 input=2312
[SENSOR] seq=19 value=2318 sample=19 status=OK cyc=142224338
[CONTROL] seq=19 value=17 input=2318
[SENSOR] seq=20 value=2324 sample=20 status=OK cyc=149424239
[CONTROL] seq=20 value=18 input=2324
[STATUS] src=periodic t_ms=2020 sensor_hb=20 control_hb=20 console_hb=173 sensor_err=0 dropped=0 heap_free=3552 rx_bytes=0 rx_err=0 fault_cmd_ok=0 fault_cmd_rej=0 faults_injected=0 fi_active=none
[DETSTAT] src=periodic mon_runs=101 det_total=0 det_false=0 det_suppressed=0 wd_refresh=2053 cfg_checks=20 cfg_fail=0 sample_checks=20 sample_fail=0 i2c_fail=0 canary_ok=3/3 stack_peak_pct=33:33:66 hb_flags=0
[CPUSTAT] total_cycles=148793665 idle_cycles=97430770 busy_cycles=51362895 busy_permille=345
[SENSOR] seq=21 value=2330 sample=21 status=OK cyc=156624138
[CONTROL] seq=21 value=19 input=2330
[SENSOR] seq=22 value=2336 sample=22 status=OK cyc=163824039
[CONTROL] seq=22 value=20 input=2336
[SENSOR] seq=23 value=2342 sample=23 status=OK cyc=171023938
[CONTROL] seq=23 value=21 input=2342
[SENSOR] seq=24 value=2348 sample=24 status=OK cyc=178223839
[CONTROL] seq=24 value=22 input=2348
[SENSOR] seq=25 value=2354 sample=25 status=OK cyc=185423738
[CONTROL] seq=25 value=23 input=2354
[SENSOR] seq=26 value=2360 sample=26 status=OK cyc=192623637
[CONTROL] seq=26 value=24 input=2360
[SENSOR] seq=27 value=2366 sample=27 status=OK cyc=199823538
[CONTROL] seq=27 value=24 input=2366
[SENSOR] seq=28 value=2372 sample=28 status=OK cyc=207023438
[CONTROL] seq=28 value=25 input=2372
[SENSOR] seq=29 value=2378 sample=29 status=OK cyc=214223339
[CONTROL] seq=29 value=26 input=2378
[SENSOR] seq=30 value=2384 sample=30 status=OK cyc=221423238
[CONTROL] seq=30 value=27 input=2384
[STATUS] src=periodic t_ms=3020 sensor_hb=30 control_hb=30 console_hb=257 sensor_err=0 dropped=0 heap_free=3552 rx_bytes=0 rx_err=0 fault_cmd_ok=0 fault_cmd_rej=0 faults_injected=0 fi_active=none
[DETSTAT] src=periodic mon_runs=151 det_total=0 det_false=0 det_suppressed=0 wd_refresh=3053 cfg_checks=30 cfg_fail=0 sample_checks=30 sample_fail=0 i2c_fail=0 canary_ok=3/3 stack_peak_pct=33:33:66 hb_flags=0
[CPUSTAT] total_cycles=220798627 idle_cycles=144050177 busy_cycles=76748450 busy_permille=347
[SENSOR] seq=31 value=2390 sample=31 status=OK cyc=228623139
[CONTROL] seq=31 value=28 input=2390
[SENSOR] seq=32 value=2396 sample=32 status=OK cyc=235823038
[CONTROL] seq=32 value=29 input=2396
[SENSOR] seq=33 value=2402 sample=33 status=OK cyc=243022939
[CONTROL] seq=33 value=30 input=2402
[SENSOR] seq=34 value=2408 sample=34 status=OK cyc=250222838
[CONTROL] seq=34 value=31 input=2408
[SENSOR] seq=35 value=2414 sample=35 status=OK cyc=257422737
[CONTROL] seq=35 value=32 input=2414
[SENSOR] seq=36 value=2420 sample=36 status=OK cyc=264622638
[CONTROL] seq=36 value=33 input=2420
[SENSOR] seq=37 value=2426 sample=37 status=OK cyc=271822538
[CONTROL] seq=37 value=33 input=2426
[SENSOR] seq=38 value=2432 sample=38 status=OK cyc=279022439
[CONTROL] seq=38 value=34 input=2432
[SENSOR] seq=39 value=2438 sample=39 status=OK cyc=286222338
[CONTROL] seq=39 value=35 input=2438
[SENSOR] seq=40 value=2444 sample=40 status=OK cyc=293422239
[CONTROL] seq=40 value=36 input=2444
[STATUS] src=periodic t_ms=4019 sensor_hb=40 control_hb=40 console_hb=341 sensor_err=0 dropped=0 heap_free=3552 rx_bytes=0 rx_err=0 fault_cmd_ok=0 fault_cmd_rej=0 faults_injected=0 fi_active=none
[DETSTAT] src=periodic mon_runs=201 det_total=0 det_false=0 det_suppressed=0 wd_refresh=4053 cfg_checks=40 cfg_fail=0 sample_checks=40 sample_fail=0 i2c_fail=0 canary_ok=3/3 stack_peak_pct=33:33:68 hb_flags=0
[CPUSTAT] total_cycles=292789109 idle_cycles=190701266 busy_cycles=102087843 busy_permille=348
[SENSOR] seq=41 value=2450 sample=41 status=OK cyc=300622138
[CONTROL] seq=41 value=37 input=2450
[SENSOR] seq=42 value=2456 sample=42 status=OK cyc=307822039
[CONTROL] seq=42 value=38 input=2456
[SENSOR] seq=43 value=2462 sample=43 status=OK cyc=315021938
[CONTROL] seq=43 value=39 input=2462
[SENSOR] seq=44 value=2468 sample=44 status=OK cyc=322221838
[CONTROL] seq=44 value=40 input=2468
[SENSOR] seq=45 value=2474 sample=45 status=OK cyc=329421739
[CONTROL] seq=45 value=41 input=2474
[SENSOR] seq=46 value=2480 sample=46 status=OK cyc=336621638
[CONTROL] seq=46 value=42 input=2480
[SENSOR] seq=47 value=2486 sample=47 status=OK cyc=343821539
[CONTROL] seq=47 value=42 input=2486
[SENSOR] seq=48 value=2492 sample=48 status=OK cyc=351021438
[CONTROL] seq=48 value=43 input=2492
[SENSOR] seq=49 value=2498 sample=49 status=OK cyc=358221339
[CONTROL] seq=49 value=44 input=2498
[SENSOR] seq=50 value=2504 sample=50 status=OK cyc=365421238
[CONTROL] seq=50 value=45 input=2504
[STATUS] src=periodic t_ms=5019 sensor_hb=50 control_hb=50 console_hb=425 sensor_err=0 dropped=0 heap_free=3552 rx_bytes=0 rx_err=0 fault_cmd_ok=0 fault_cmd_rej=0 faults_injected=0 fi_active=none
[DETSTAT] src=periodic mon_runs=251 det_total=0 det_false=0 det_suppressed=0 wd_refresh=5053 cfg_checks=50 cfg_fail=0 sample_checks=50 sample_fail=0 i2c_fail=0 canary_ok=3/3 stack_peak_pct=33:33:68 hb_flags=0
[CPUSTAT] total_cycles=364787982 idle_cycles=237437081 busy_cycles=127350901 busy_permille=349
[SENSOR] seq=51 value=2510 sample=51 status=OK cyc=372621137
[CONTROL] seq=51 value=46 input=2510
[SENSOR] seq=52 value=2516 sample=52 status=OK cyc=379821038
[CONTROL] seq=52 value=47 input=2516
[SENSOR] seq=53 value=2522 sample=53 status=OK cyc=387020938
[CONTROL] seq=53 value=48 input=2522
[SENSOR] seq=54 value=2528 sample=54 status=OK cyc=394220839
[CONTROL] seq=54 value=49 input=2528
[SENSOR] seq=55 value=2534 sample=55 status=OK cyc=401420738
[CONTROL] seq=55 value=50 input=2534
[SENSOR] seq=56 value=2540 sample=56 status=OK cyc=408620639
[CONTROL] seq=56 value=51 input=2540
[SENSOR] seq=57 value=2546 sample=57 status=OK cyc=415820538
[CONTROL] seq=57 value=51 input=2546
[SENSOR] seq=58 value=2552 sample=58 status=OK cyc=423020439
[CONTROL] seq=58 value=52 input=2552
[SENSOR] seq=59 value=2558 sample=59 status=OK cyc=430220338
[CONTROL] seq=59 value=53 input=2558
[SENSOR] seq=60 value=2564 sample=60 status=OK cyc=437420237
[CONTROL] seq=60 value=54 input=2564
[STATUS] src=periodic t_ms=6019 sensor_hb=60 control_hb=60 console_hb=509 sensor_err=0 dropped=0 heap_free=3552 rx_bytes=0 rx_err=0 fault_cmd_ok=0 fault_cmd_rej=0 faults_injected=0 fi_active=none
[DETSTAT] src=periodic mon_runs=301 det_total=0 det_false=0 det_suppressed=0 wd_refresh=6053 cfg_checks=60 cfg_fail=0 sample_checks=60 sample_fail=0 i2c_fail=0 canary_ok=3/3 stack_peak_pct=33:33:68 hb_flags=0
[CPUSTAT] total_cycles=436787343 idle_cycles=284174141 busy_cycles=152613202 busy_permille=349
[SENSOR] seq=61 value=2570 sample=61 status=OK cyc=444620138
[CONTROL] seq=61 value=55 input=2570
[SENSOR] seq=62 value=2576 sample=62 status=OK cyc=451820038
[CONTROL] seq=62 value=56 input=2576
[SENSOR] seq=63 value=2582 sample=63 status=OK cyc=459019938
[CONTROL] seq=63 value=57 input=2582
[SENSOR] seq=64 value=2588 sample=64 status=OK cyc=466219838
[CONTROL] seq=64 value=58 input=2588
[SENSOR] seq=65 value=2594 sample=65 status=OK cyc=473419739
[CONTROL] seq=65 value=59 input=2594
[SENSOR] seq=66 value=2600 sample=66 status=OK cyc=480619638
[CONTROL] seq=66 value=60 input=2600
[SENSOR] seq=67 value=2606 sample=67 status=OK cyc=487819539
[CONTROL] seq=67 value=60 input=2606
[SENSOR] seq=68 value=2612 sample=68 status=OK cyc=495019438
[CONTROL] seq=68 value=61 input=2612
[SENSOR] seq=69 value=2618 sample=69 status=OK cyc=502219337
[CONTROL] seq=69 value=62 input=2618
[SENSOR] seq=70 value=2624 sample=70 status=OK cyc=509419238
[CONTROL] seq=70 value=63 input=2624
[STATUS] src=periodic t_ms=7020 sensor_hb=70 control_hb=70 console_hb=593 sensor_err=0 dropped=0 heap_free=3552 rx_bytes=0 rx_err=0 fault_cmd_ok=0 fault_cmd_rej=0 faults_injected=0 fi_active=none
[DETSTAT] src=periodic mon_runs=351 det_total=0 det_false=0 det_suppressed=0 wd_refresh=7053 cfg_checks=70 cfg_fail=0 sample_checks=70 sample_fail=0 i2c_fail=0 canary_ok=3/3 stack_peak_pct=33:33:68 hb_flags=0
[CPUSTAT] total_cycles=508800933 idle_cycles=330881983 busy_cycles=177918950 busy_permille=349
[SENSOR] seq=71 value=2630 sample=71 status=OK cyc=516619138
[CONTROL] seq=71 value=64 input=2630
[SENSOR] seq=72 value=2636 sample=72 status=OK cyc=523819038
[CONTROL] seq=72 value=65 input=2636
[SENSOR] seq=73 value=2642 sample=73 status=OK cyc=531018938
[CONTROL] seq=73 value=66 input=2642
[SENSOR] seq=74 value=2648 sample=74 status=OK cyc=538218839
[CONTROL] seq=74 value=67 input=2648
[SENSOR] seq=75 value=2654 sample=75 status=OK cyc=545418738
[CONTROL] seq=75 value=68 input=2654
[SENSOR] seq=76 value=2660 sample=76 status=OK cyc=552618639
[CONTROL] seq=76 value=69 input=2660
[SENSOR] seq=77 value=2666 sample=77 status=OK cyc=559818538
[CONTROL] seq=77 value=69 input=2666
[SENSOR] seq=78 value=2672 sample=78 status=OK cyc=567018437
[CONTROL] seq=78 value=70 input=2672
[SENSOR] seq=79 value=2678 sample=79 status=OK cyc=574218338
[CONTROL] seq=79 value=71 input=2678
[SENSOR] seq=80 value=2684 sample=80 status=OK cyc=581418238
[CONTROL] seq=80 value=72 input=2684
[STATUS] src=periodic t_ms=8020 sensor_hb=80 control_hb=80 console_hb=677 sensor_err=0 dropped=0 heap_free=3552 rx_bytes=0 rx_err=0 fault_cmd_ok=0 fault_cmd_rej=0 faults_injected=0 fi_active=none
[DETSTAT] src=periodic mon_runs=401 det_total=0 det_false=0 det_suppressed=0 wd_refresh=8053 cfg_checks=80 cfg_fail=0 sample_checks=80 sample_fail=0 i2c_fail=0 canary_ok=3/3 stack_peak_pct=33:33:68 hb_flags=0
[CPUSTAT] total_cycles=580791413 idle_cycles=377591724 busy_cycles=203199689 busy_permille=349
[SENSOR] seq=81 value=2690 sample=81 status=OK cyc=588618139
[CONTROL] seq=81 value=73 input=2690
[SENSOR] seq=82 value=2696 sample=82 status=OK cyc=595818038
[CONTROL] seq=82 value=74 input=2696
[SENSOR] seq=83 value=2702 sample=83 status=OK cyc=603017939
[CONTROL] seq=83 value=75 input=2702
[SENSOR] seq=84 value=2708 sample=84 status=OK cyc=610217838
[CONTROL] seq=84 value=76 input=2708
[SENSOR] seq=85 value=2714 sample=85 status=OK cyc=617417757
[CONTROL] seq=85 value=77 input=2714
[SENSOR] seq=86 value=2720 sample=86 status=OK cyc=624617746
[CONTROL] seq=86 value=78 input=2720
[SENSOR] seq=87 value=2726 sample=87 status=OK cyc=631817753
[CONTROL] seq=87 value=78 input=2726
[SENSOR] seq=88 value=2732 sample=88 status=OK cyc=639017762
[CONTROL] seq=88 value=79 input=2732
[SENSOR] seq=89 value=2738 sample=89 status=OK cyc=646217752
[CONTROL] seq=89 value=80 input=2738
[SENSOR] seq=90 value=2744 sample=90 status=OK cyc=653417761
[CONTROL] seq=90 value=81 input=2744
[STATUS] src=periodic t_ms=9020 sensor_hb=90 control_hb=90 console_hb=761 sensor_err=0 dropped=0 heap_free=3552 rx_bytes=0 rx_err=0 fault_cmd_ok=0 fault_cmd_rej=0 faults_injected=0 fi_active=none
[DETSTAT] src=periodic mon_runs=451 det_total=0 det_false=0 det_suppressed=0 wd_refresh=9054 cfg_checks=90 cfg_fail=0 sample_checks=90 sample_fail=0 i2c_fail=0 canary_ok=3/3 stack_peak_pct=33:33:68 hb_flags=0
[CPUSTAT] total_cycles=652867503 idle_cycles=424247057 busy_cycles=228620446 busy_permille=350
[SENSOR] seq=91 value=2750 sample=91 status=OK cyc=660617750
[CONTROL] seq=91 value=82 input=2750
[SENSOR] seq=92 value=2756 sample=92 status=OK cyc=667817759
[CONTROL] seq=92 value=83 input=2756
[SENSOR] seq=93 value=2762 sample=93 status=OK cyc=675017748
[CONTROL] seq=93 value=84 input=2762
[SENSOR] seq=94 value=2768 sample=94 status=OK cyc=682217757
[CONTROL] seq=94 value=85 input=2768
[SENSOR] seq=95 value=2774 sample=95 status=OK cyc=689417672
[CONTROL] seq=95 value=86 input=2774
[SENSOR] seq=96 value=2780 sample=96 status=OK cyc=696617564
[CONTROL] seq=96 value=87 input=2780
[SENSOR] seq=97 value=2786 sample=97 status=OK cyc=703817474
[CONTROL] seq=97 value=87 input=2786
[SENSOR] seq=98 value=2792 sample=98 status=OK cyc=711017366
[CONTROL] seq=98 value=88 input=2792
[SENSOR] seq=99 value=2798 sample=99 status=OK cyc=718217258
[CONTROL] seq=99 value=89 input=2798
[SENSOR] seq=100 value=2795 sample=100 status=OK cyc=725417168
[CONTROL] seq=100 value=89 input=2795
[STATUS] src=periodic t_ms=10020 sensor_hb=100 control_hb=100 console_hb=845 sensor_err=0 dropped=0 heap_free=3552 rx_bytes=0 rx_err=0 fault_cmd_ok=0 fault_cmd_rej=0 faults_injected=0 fi_active=none
[DETSTAT] src=periodic mon_runs=501 det_total=0 det_false=0 det_suppressed=0 wd_refresh=10054 cfg_checks=100 cfg_fail=0 sample_checks=100 sample_fail=0 i2c_fail=0 canary_ok=3/3 stack_peak_pct=33:33:68 hb_flags=0
[CPUSTAT] total_cycles=724932494 idle_cycles=470769937 busy_cycles=254162557 busy_permille=350
[SENSOR] seq=101 value=2789 sample=101 status=OK cyc=732617060
[CONTROL] seq=101 value=88 input=2789
[SENSOR] seq=102 value=2783 sample=102 status=OK cyc=739816970
[CONTROL] seq=102 value=87 input=2783
[SENSOR] seq=103 value=2777 sample=103 status=OK cyc=747016862
[CONTROL] seq=103 value=86 input=2777
[SENSOR] seq=104 value=2771 sample=104 status=OK cyc=754216772
[CONTROL] seq=104 value=85 input=2771
[SENSOR] seq=105 value=2765 sample=105 status=OK cyc=761416664
[CONTROL] seq=105 value=84 input=2765
[SENSOR] seq=106 value=2759 sample=106 status=OK cyc=768616574
[CONTROL] seq=106 value=83 input=2759
[SENSOR] seq=107 value=2753 sample=107 status=OK cyc=775816466
[CONTROL] seq=107 value=82 input=2753
[SENSOR] seq=108 value=2747 sample=108 status=OK cyc=783016358
[CONTROL] seq=108 value=82 input=2747
[SENSOR] seq=109 value=2741 sample=109 status=OK cyc=790216268
[CONTROL] seq=109 value=81 input=2741
[SENSOR] seq=110 value=2735 sample=110 status=OK cyc=797416160
