[BOOT] system_start build=protected protection=1 sysclk=72000000 clock=HSE_PLL
[RESET] cause=NONE csr=0x00000000
[RESET] breadcrumb=none cause_resolved=COLD_OR_UNKNOWN source=csr csr=0x00000000
[RECOVERY] boot_path=normal_boot persist=cold
[FAULT] framework=ready persist=cold
[DET] fault_handlers requested=MemManage,BusFault,UsageFault shcsr=0x00000000 memfault=0 busfault=0 usagefault=0
[DET] stack_guards canary_words=4 paint=0xA5A5A5A5 tasks=sensor,control,console,monitor
[DET] wwdg started cfr=0x7F cr=0x80 stale_ms=150 refresh=tim2_1khz
[RTOS] scheduler_start heap_free=4040
[TASK] name=sensor state=started
[TASK] name=control state=started
[TASK] name=monitor state=started period_ms=20
[TASK] name=console state=started
[APP] system_ready[SENSOR] seq=1 value=2210 sample=1 status=OK cyc=12625242
[CONTROL] seq=1 value=1 input=2210
[SENSOR] seq=2 value=2216 sample=2 status=OK cyc=19825143
[CONTROL] seq=2 value=2 input=2216
[SENSOR] seq=3 value=2222 sample=3 status=OK cyc=27025042
[CONTROL] seq=3 value=3 input=2222
[SENSOR] seq=4 value=2228 sample=4 status=OK cyc=34224943
[CONTROL] seq=4 value=4 input=2228
[SENSOR] seq=5 value=2234 sample=5 status=OK cyc=41424842
[CONTROL] seq=5 value=5 input=2234
[SENSOR] seq=6 value=2240 sample=6 status=OK cyc=48624743
[CONTROL] seq=6 value=6 input=2240
[SENSOR] seq=7 value=2246 sample=7 status=OK cyc=55824642
[CONTROL] seq=7 value=6 input=2246
[SENSOR] seq=8 value=2252 sample=8 status=OK cyc=63024542
[CONTROL] seq=8 value=7 input=2252
[SENSOR] seq=9 value=2258 sample=9 status=OK cyc=70224443
[CONTROL] seq=9 value=8 input=2258
[SENSOR] seq=10 value=2264 sample=10 status=OK cyc=77424342
[CONTROL] seq=10 value=9 input=2264
[STATUS] src=periodic t_ms=1019 sensor_hb=10 control_hb=10 console_hb=89 sensor_err=0 dropped=0 heap_free=3552 rx_bytes=0 rx_err=0 fault_cmd_ok=0 fault_cmd_rej=0 faults_injected=0 fi_active=none
[DETSTAT] src=periodic mon_runs=51 det_total=0 det_false=0 det_suppressed=0 wd_refresh=1053 cfg_checks=10 cfg_fail=0 sample_checks=10 sample_fail=0 i2c_fail=0 canary_ok=3/3 stack_peak_pct=33:33:66 hb_flags=0
[SENSOR] seq=11 value=2270 sample=11 status=OK cyc=84624243
[CONTROL] seq=11 value=10 input=2270
[SENSOR] seq=12 value=2276 sample=12 status=OK cyc=91824142
[CONTROL] seq=12 value=11 input=2276
[SENSOR] seq=13 value=2282 sample=13 status=OK cyc=99024043
[CONTROL] seq=13 value=12 input=2282
[SENSOR] seq=14 value=2288 sample=14 status=OK cyc=106223942
[CONTROL] seq=14 value=13 input=2288
[SENSOR] seq=15 value=2294 sample=15 status=OK cyc=113423843
[CONTROL] seq=15 value=14 input=2294
[SENSOR] seq=16 value=2300 sample=16 status=OK cyc=120623742
[CONTROL] seq=16 value=15 input=2300
[SENSOR] seq=17 value=2306 sample=17 status=OK cyc=127823642
[CONTROL] seq=17 value=15 input=2306
[SENSOR] seq=18 value=2312 sample=18 status=OK cyc=135023542
[CONTROL] seq=18 value=16 input=2312
[SENSOR] seq=19 value=2318 sample=19 status=OK cyc=142223442
[CONTROL] seq=19 value=17 input=2318
[SENSOR] seq=20 value=2324 sample=20 status=OK cyc=149423343
[CONTROL] seq=20 value=18 input=2324
[STATUS] src=periodic t_ms=2020 sensor_hb=20 control_hb=20 console_hb=174 sensor_err=0 dropped=0 heap_free=3552 rx_bytes=0 rx_err=0 fault_cmd_ok=0 fault_cmd_rej=0 faults_injected=0 fi_active=none
[DETSTAT] src=periodic mon_runs=101 det_total=0 det_false=0 det_suppressed=0 wd_refresh=2054 cfg_checks=20 cfg_fail=0 sample_checks=20 sample_fail=0 i2c_fail=0 canary_ok=3/3 stack_peak_pct=33:33:66 hb_flags=0
[SENSOR] seq=21 value=2330 sample=21 status=OK cyc=156623242
[CONTROL] seq=21 value=19 input=2330
[SENSOR] seq=22 value=2336 sample=22 status=OK cyc=163823143
[CONTROL] seq=22 value=20 input=2336
[SENSOR] seq=23 value=2342 sample=23 status=OK cyc=171023042
[CONTROL] seq=23 value=21 input=2342
[SENSOR] seq=24 value=2348 sample=24 status=OK cyc=178222943
[CONTROL] seq=24 value=22 input=2348
[SENSOR] seq=25 value=2354 sample=25 status=OK cyc=185422842
[CONTROL] seq=25 value=23 input=2354
[CMD] rx=FAULT DATA-01
[CMD] result=accepted cmd=FAULT id=DATA-01 class=DATA name=sensor_corruption EXP=DATA-01_001
[FAULT] EXP=DATA-01_001 state=SELECTED fault=DATA-01 class=DATA name=sensor_corruption mech=UART cycle=188318121 t_ms=2613
[FAULT] EXP=DATA-01_001 state=ARMED mech=UART site=control_cycle cycle=188323971 t_ms=2613
[DETECT] EXP=DATA-01_001 mech=CRC det_cycle=192843726 inj_cycle=192827736 latency_cycles=15990 t_ms=2677 what=sample seq=26 sensor=2360 consumed=8500 crc_expected=0x934E7FEF crc_actual=0x0CA991FF
[RECOVERY] EXP=DATA-01_001 attempt=1 level=2 action=sample_restore mech=CRC task=none state=START start_cycle=194441114 det_cycle=192843726 inj_cycle=192827736 consecutive=1 t_ms=2698
[RECOVERY] EXP=DATA-01_001 attempt=1 action=sample_restore corrupted_input=8500 restored_input=2348 cp_seq=5
[FAULT] EXP=DATA-01_001 state=INJECTED mech=UART target=sensor_value before=0x00000938 after=0x00002134 inject_count=1 cycle=192827736 t_ms=2675
[SENSOR] seq=26 value=2360 sample=26 status=OK cyc=192622742
[CONTROL] seq=26 value=22 input=2348
[FAULT] EXP=DATA-01_001 state=OBSERVED cycle=200028204 t_ms=2775 cycles_since_injection=7200468
[FAULT] EXP=DATA-01_001 state=COMPLETED outcome=effect_observed inject_count=1 cycle=200035921 t_ms=2776
[SENSOR] seq=27 value=2366 sample=27 status=OK cyc=199822643
[CONTROL] seq=27 value=24 input=2366
[RECOVERY] EXP=DATA-01_001 attempt=1 level=2 action=sample_restore state=COMPLETE success=1 start_cycle=194441114 end_cycle=207245344 time_cycles=12804230 verified=input_normal_3_cycles t_ms=2876
[SENSOR] seq=28 value=2372 sample=28 status=OK cyc=207023838
[CONTROL] seq=28 value=25 input=2372
[SENSOR] seq=29 value=2378 sample=29 status=OK cyc=214223739
[CONTROL] seq=29 value=26 input=2378
[SENSOR] seq=30 value=2384 sample=30 status=OK cyc=221422342
[CONTROL] seq=30 value=27 input=2384
[STATUS] src=periodic t_ms=3019 sensor_hb=30 control_hb=30 console_hb=241 sensor_err=0 dropped=0 heap_free=3552 rx_bytes=14 rx_err=0 fault_cmd_ok=1 fault_cmd_rej=0 faults_injected=1 fi_active=none
[DETSTAT] src=periodic mon_runs=151 det_total=1 det_false=0 det_suppressed=0 wd_refresh=3053 cfg_checks=30 cfg_fail=0 sample_checks=30 sample_fail=1 i2c_fail=0 canary_ok=3/3 stack_peak_pct=33:50:68 hb_flags=0
[SENSOR] seq=31 value=2390 sample=31 status=OK cyc=228622243
[CONTROL] seq=31 value=28 input=2390
[SENSOR] seq=32 value=2396 sample=32 status=OK cyc=235822142
[CONTROL] seq=32 value=29 input=2396
[SENSOR] seq=33 value=2402 sample=33 status=OK cyc=243022043
[CONTROL] seq=33 value=30 input=2402
[SENSOR] seq=34 value=2408 sample=34 status=OK cyc=250221942
[CONTROL] seq=34 value=31 input=2408
[SENSOR] seq=35 value=2414 sample=35 status=OK cyc=257421842
[CONTROL] seq=35 value=32 input=2414
[SENSOR] seq=36 value=2420 sample=36 status=OK cyc=264621743
[CONTROL] seq=36 value=33 input=2420
[SENSOR] seq=37 value=2426 sample=37 status=OK cyc=271821642
[CONTROL] seq=37 value=33 input=2426
[SENSOR] seq=38 value=2432 sample=38 status=OK cyc=279021543
[CONTROL] seq=38 value=34 input=2432
[SENSOR] seq=39 value=2438 sample=39 status=OK cyc=286221442
[CONTROL] seq=39 value=35 input=2438
[SENSOR] seq=40 value=2444 sample=40 status=OK cyc=293421343
[CONTROL] seq=40 value=36 input=2444
[STATUS] src=periodic t_ms=4019 sensor_hb=40 control_hb=40 console_hb=326 sensor_err=0 dropped=0 heap_free=3552 rx_bytes=14 rx_err=0 fault_cmd_ok=1 fault_cmd_rej=0 faults_injected=1 fi_active=none
[DETSTAT] src=periodic mon_runs=201 det_total=1 det_false=0 det_suppressed=0 wd_refresh=4053 cfg_checks=40 cfg_fail=0 sample_checks=40 sample_fail=1 i2c_fail=0 canary_ok=3/3 stack_peak_pct=33:50:68 hb_flags=0
[SENSOR] seq=41 value=2450 sample=41 status=OK cyc=300621242
[CONTROL] seq=41 value=37 input=2450
[SENSOR] seq=42 value=2456 sample=42 status=OK cyc=307821143
[CONTROL] seq=42 value=38 input=2456
[SENSOR] seq=43 value=2462 sample=43 status=OK cyc=315021042
[CONTROL] seq=43 value=39 input=2462
[SENSOR] seq=44 value=2468 sample=44 status=OK cyc=322220942
[CONTROL] seq=44 value=40 input=2468
[SENSOR] seq=45 value=2474 sample=45 status=OK cyc=329420843
[CONTROL] seq=45 value=41 input=2474
[SENSOR] seq=46 value=2480 sample=46 status=OK cyc=336620742
[CONTROL] seq=46 value=42 input=2480
[SENSOR] seq=47 value=2486 sample=47 status=OK cyc=343820643
[CONTROL] seq=47 value=42 input=2486
[SENSOR] seq=48 value=2492 sample=48 status=OK cyc=351020542
[CONTROL] seq=48 value=43 input=2492
[SENSOR] seq=49 value=2498 sample=49 status=OK cyc=358220443
[CONTROL] seq=49 value=44 input=2498
[SENSOR] seq=50 value=2504 sample=50 status=OK cyc=365420342
[CONTROL] seq=50 value=45 input=2504
[STATUS] src=periodic t_ms=5019 sensor_hb=50 control_hb=50 console_hb=411 sensor_err=0 dropped=0 heap_free=3552 rx_bytes=14 rx_err=0 fault_cmd_ok=1 fault_cmd_rej=0 faults_injected=1 fi_active=none
[DETSTAT] src=periodic mon_runs=251 det_total=1 det_false=0 det_suppressed=0 wd_refresh=5053 cfg_checks=50 cfg_fail=0 sample_checks=50 sample_fail=1 i2c_fail=0 canary_ok=3/3 stack_peak_pct=33:50:68 hb_flags=0
[SENSOR] seq=51 value=2510 sample=51 status=OK cyc=372620241
[CONTROL] seq=51 value=46 input=2510
[SENSOR] seq=52 value=2516 sample=52 status=OK cyc=379820142
[CONTROL] seq=52 value=47 input=2516
[SENSOR] seq=53 value=2522 sample=53 status=OK cyc=387020042
[CONTROL] seq=53 value=48 input=2522
[SENSOR] seq=54 value=2528 sample=54 status=OK cyc=394219943
[CONTROL] seq=54 value=49 input=2528
[SENSOR] seq=55 value=2534 sample=55 status=OK cyc=401419842
[CONTROL] seq=55 value=50 input=2534
[SENSOR] seq=56 value=2540 sample=56 status=OK cyc=408619743
[CONTROL] seq=56 value=51 input=2540
[SENSOR] seq=57 value=2546 sample=57 status=OK cyc=415819642
[CONTROL] seq=57 value=51 input=2546
[SENSOR] seq=58 value=2552 sample=58 status=OK cyc=423019543
