[BOOT] system_start build=protected protection=1 sysclk=72000000 clock=HSE_PLL
[RESET] cause=NONE csr=0x00000000
[RESET] breadcrumb=none cause_resolved=COLD_OR_UNKNOWN source=csr csr=0x00000000
[RECOVERY] boot_path=normal_boot persist=cold
[FAULT] framework=ready persist=cold
[DET] fault_handlers requested=MemManage,BusFault,UsageFault shcsr=0x00000000 memfault=0 busfault=0 usagefault=0
[DET] stack_guards canary_words=4 paint=0xA5A5A5A5 tasks=sensor,control,console,monitor
[DET] wwdg started cfr=0x7F cr=0x80 stale_ms=150 refresh=tim2_1khz
[RTOS] scheduler_start heap_free=4040
[TASK] name=sensor state=started
[TASK] name=control state=started
[TASK] name=monitor state=started period_ms=20
[TASK] name=console state=started
[APP] system_ready[SENSOR] seq=1 value=2210 sample=1 status=OK cyc=12625242
[CONTROL] seq=1 value=1 input=2210
[SENSOR] seq=2 value=2216 sample=2 status=OK cyc=19825143
[CONTROL] seq=2 value=2 input=2216
[SENSOR] seq=3 value=2222 sample=3 status=OK cyc=27025042
[CONTROL] seq=3 value=3 input=2222
[SENSOR] seq=4 value=2228 sample=4 status=OK cyc=34224943
[CONTROL] seq=4 value=4 input=2228
[SENSOR] seq=5 value=2234 sample=5 status=OK cyc=41424842
[CONTROL] seq=5 value=5 input=2234
[SENSOR] seq=6 value=2240 sample=6 status=OK cyc=48624743
[CONTROL] seq=6 value=6 input=2240
[SENSOR] seq=7 value=2246 sample=7 status=OK cyc=55824642
[CONTROL] seq=7 value=6 input=2246
[SENSOR] seq=8 value=2252 sample=8 status=OK cyc=63024542
[CONTROL] seq=8 value=7 input=2252
[SENSOR] seq=9 value=2258 sample=9 status=OK cyc=70224443
[CONTROL] seq=9 value=8 input=2258
[SENSOR] seq=10 value=2264 sample=10 status=OK cyc=77424342
[CONTROL] seq=10 value=9 input=2264
[STATUS] src=periodic t_ms=1019 sensor_hb=10 control_hb=10 console_hb=89 sensor_err=0 dropped=0 heap_free=3552 rx_bytes=0 rx_err=0 fault_cmd_ok=0 fault_cmd_rej=0 faults_injected=0 fi_active=none
[DETSTAT] src=periodic mon_runs=51 det_total=0 det_false=0 det_suppressed=0 wd_refresh=1053 cfg_checks=10 cfg_fail=0 sample_checks=10 sample_fail=0 i2c_fail=0 canary_ok=3/3 stack_peak_pct=33:33:66 hb_flags=0
[SENSOR] seq=11 value=2270 sample=11 status=OK cyc=84624243
[CONTROL] seq=11 value=10 input=2270
[SENSOR] seq=12 value=2276 sample=12 status=OK cyc=91824142
[CONTROL] seq=12 value=11 input=2276
[SENSOR] seq=13 value=2282 sample=13 status=OK cyc=99024043
[CONTROL] seq=13 value=12 input=2282
[SENSOR] seq=14 value=2288 sample=14 status=OK cyc=106223942
[CONTROL] seq=14 value=13 input=2288
[SENSOR] seq=15 value=2294 sample=15 status=OK cyc=113423843
[CONTROL] seq=15 value=14 input=2294
[SENSOR] seq=16 value=2300 sample=16 status=OK cyc=120623742
[CONTROL] seq=16 value=15 input=2300
[SENSOR] seq=17 value=2306 sample=17 status=OK cyc=127823642
[CONTROL] seq=17 value=15 input=2306
[SENSOR] seq=18 value=2312 sample=18 status=OK cyc=135023542
[CONTROL] seq=18 value=16 input=2312
[SENSOR] seq=19 value=2318 sample=19 status=OK cyc=142223442
[CONTROL] seq=19 value=17 input=2318
[SENSOR] seq=20 value=2324 sample=20 status=OK cyc=149423343
[CONTROL] seq=20 value=18 input=2324
[STATUS] src=periodic t_ms=2020 sensor_hb=20 control_hb=20 console_hb=174 sensor_err=0 dropped=0 heap_free=3552 rx_bytes=0 rx_err=0 fault_cmd_ok=0 fault_cmd_rej=0 faults_injected=0 fi_active=none
[DETSTAT] src=periodic mon_runs=101 det_total=0 det_false=0 det_suppressed=0 wd_refresh=2054 cfg_checks=20 cfg_fail=0 sample_checks=20 sample_fail=0 i2c_fail=0 canary_ok=3/3 stack_peak_pct=33:33:66 hb_flags=0
[SENSOR] seq=21 value=2330 sample=21 status=OK cyc=156623242
[CONTROL] seq=21 value=19 input=2330
[SENSOR] seq=22 value=2336 sample=22 status=OK cyc=163823143
[CONTROL] seq=22 value=20 input=2336
[SENSOR] seq=23 value=2342 sample=23 status=OK cyc=171023042
[CONTROL] seq=23 value=21 input=2342
[SENSOR] seq=24 value=2348 sample=24 status=OK cyc=178222943
[CONTROL] seq=24 value=22 input=2348
[SENSOR] seq=25 value=2354 sample=25 status=OK cyc=185422842
[CONTROL] seq=25 value=23 input=2354
[CMD] rx=FAULT PERIPH-01
[CMD] result=accepted cmd=FAULT id=PERIPH-01 class=PERIPHERAL name=i2c_stuck_low EXP=PERIPH-01_001
[FAULT] EXP=PERIPH-01_001 state=SELECTED fault=PERIPH-01 class=PERIPHERAL name=i2c_stuck_low mech=UART cycle=188335347 t_ms=2613
[FAULT] EXP=PERIPH-01_001 state=ARMED mech=UART site=control_cycle cycle=188341197 t_ms=2613
[FAULT] EXP=PERIPH-01_001 state=INJECTED mech=UART target=i2c_sda before=0x00000000 after=0x00000001 inject_count=1 cycle=192827736 t_ms=2675
[SENSOR] seq=26 value=2360 sample=26 status=OK cyc=192622742
[CONTROL] seq=26 value=24 input=2360
[FAULT] EXP=PERIPH-01_001 state=OBSERVED cycle=200647320 t_ms=2784 cycles_since_injection=7819584
[FAULT] EXP=PERIPH-01_001 state=COMPLETED outcome=effect_observed inject_count=1 cycle=200653116 t_ms=2784
[SENSOR] seq=27 value=2360 sample=0 status=BUS_ERROR cyc=199822643
[CONTROL] seq=27 value=24 input=2360
[SENSOR] seq=28 value=2360 sample=0 status=BUS_ERROR cyc=207023838
[CONTROL] seq=28 value=24 input=2360
[DETECT] EXP=PERIPH-01_001 mech=I2C_TIMEOUT det_cycle=216091464 inj_cycle=192827736 latency_cycles=23263728 t_ms=2999 status=BUSY consecutive=3
[SENSOR] seq=29 value=2360 sample=0 status=BUSY cyc=214222443
[RECOVERY] EXP=PERIPH-01_001 attempt=1 level=1 action=i2c_bus_recovery mech=I2C_TIMEOUT task=none state=START start_cycle=217338776 det_cycle=216091464 inj_cycle=192827736 consecutive=1 t_ms=3016
[CONTROL] seq=29 value=24 input=2360
[RECOVERY] EXP=PERIPH-01_001 attempt=1 action=i2c_bus_recovery sda_low_before=1 clocks=16 sda_high_after=0 reinit=1 ok=0
[SENSOR] seq=30 value=2360 sample=0 status=BUS_ERROR cyc=220800976
[CONTROL] seq=30 value=24 input=2360
[STATUS] src=periodic t_ms=3027 sensor_hb=30 control_hb=30 console_hb=241 sensor_err=4 dropped=0 heap_free=3552 rx_bytes=16 rx_err=0 fault_cmd_ok=1 fault_cmd_rej=0 faults_injected=1 fi_active=none
[DETSTAT] src=periodic mon_runs=152 det_total=1 det_false=0 det_suppressed=0 wd_refresh=3066 cfg_checks=30 cfg_fail=0 sample_checks=30 sample_fail=0 i2c_fail=4 canary_ok=3/3 stack_peak_pct=50:33:68 hb_flags=0
[SENSOR] seq=31 value=2360 sample=0 status=BUSY cyc=228622243
[CONTROL] seq=31 value=24 input=2360
[SENSOR] seq=32 value=2360 sample=0 status=BUSY cyc=235822142
[CONTROL] seq=32 value=24 input=2360
[SENSOR] seq=33 value=2360 sample=0 status=BUSY cyc=243022043
[CONTROL] seq=33 value=24 input=2360
[SENSOR] seq=34 value=2360 sample=0 status=BUSY cyc=250221942
[CONTROL] seq=34 value=24 input=2360
[SENSOR] seq=35 value=2360 sample=0 status=BUSY cyc=257421842
[CONTROL] seq=35 value=24 input=2360
[SENSOR] seq=36 value=2360 sample=0 status=BUSY cyc=264621743
[CONTROL] seq=36 value=24 input=2360
[SENSOR] seq=37 value=2360 sample=0 status=BUSY cyc=271821642
[CONTROL] seq=37 value=24 input=2360
[SENSOR] seq=38 value=2360 sample=0 status=BUSY cyc=279021543
[CONTROL] seq=38 value=24 input=2360
[SENSOR] seq=39 value=2360 sample=0 status=BUSY cyc=286221442
[CONTROL] seq=39 value=24 input=2360
[SENSOR] seq=40 value=2360 sample=0 status=BUSY cyc=293421343
[CONTROL] seq=40 value=24 input=2360
[STATUS] src=periodic t_ms=4045 sensor_hb=40 control_hb=40 console_hb=298 sensor_err=14 dropped=0 heap_free=3552 rx_bytes=16 rx_err=0 fault_cmd_ok=1 fault_cmd_rej=0 faults_injected=1 fi_active=none
[DETSTAT] src=periodic mon_runs=202 det_total=1 det_false=0 det_suppressed=0 wd_refresh=4079 cfg_checks=40 cfg_fail=0 sample_checks=40 sample_fail=0 i2c_fail=14 canary_ok=3/3 stack_peak_pct=50:33:68 hb_flags=0
[SENSOR] seq=41 value=2360 sample=0 status=BUSY cyc=300622538
[CONTROL] seq=41 value=24 input=2360
[SENSOR] seq=42 value=2360 sample=0 status=BUSY cyc=307821143
[CONTROL] seq=42 value=24 input=2360
[SENSOR] seq=43 value=2360 sample=0 status=BUSY cyc=315021042
[CONTROL] seq=43 value=24 input=2360
[SENSOR] seq=44 value=2360 sample=0 status=BUSY cyc=322220942
[CONTROL] seq=44 value=24 input=2360
[RECOVERY] EXP=PERIPH-01_001 attempt=1 level=1 action=i2c_bus_recovery state=FAILED success=0 start_cycle=217338776 end_cycle=325748569 time_cycles=none reason=no_normal_operation_within_timeout escalate_to=software_reset t_ms=4522
[RECOVERY] EXP=PERIPH-01_001 attempt=2 level=3 action=software_reset mech=I2C_TIMEOUT task=none state=START start_cycle=327719470 det_cycle=216091464 inj_cycle=192827736 consecutive=2 t_ms=4549
[BOOT] system_start build=protected protection=1 sysclk=72000000 clock=HSE_PLL
[RESET] cause=NONE csr=0x00000000
[RESET] breadcrumb=SOFTWARE cause_resolved=SOFTWARE source=breadcrumb csr=0x00000000 exp=PERIPH-01_001 mech=I2C_TIMEOUT det_cycle=216091464 latency_cycles=23263728 det_to_reset_cycles=113209457 detect_t_ms=4571
[RECOVERY] boot_path=verify_recovery persist=warm csr=0x00000000 consecutive=2 pending_exp=PERIPH-01_001 pending_level=3 pending_action=software_reset safe=0
[RECOVERY] state_restored from=checkpoint cp_seq=5 setpoint=2200 kp=15 out_min=0 out_max=100 last_input=2348
[FAULT] framework=ready persist=warm
[DET] fault_handlers requested=MemManage,BusFault,UsageFault shcsr=0x00000000 memfault=0 busfault=0 usagefault=0
[DET] stack_guards canary_words=4 paint=0xA5A5A5A5 tasks=sensor,control,console,monitor
[DET] wwdg started cfr=0x7F cr=0x13 stale_ms=150 refresh=tim2_1khz
[RTOS] scheduler_start heap_free=4040
[TASK] name=sensor state=started
[TASK] name=control state=started
[TASK] name=monitor state=started period_ms=20
[TASK] name=console state=started
[APP] system_ready
[SENSOR] seq=1 value=0 sample=0 status=BUS_ERROR cyc=344532715
[CONTROL] seq=1 value=0 input=0
[SENSOR] seq=2 value=0 sample=0 status=BUS_ERROR cyc=351732616
[CONTROL] seq=2 value=0 input=0
[DETECT] EXP=PERIPH-01_001 mech=I2C_TIMEOUT det_cycle=360801610 inj_cycle=192827736 latency_cycles=167973874 t_ms=436 status=BUSY consecutive=3
[RECOVERY] EXP=PERIPH-01_001 attempt=2 level=3 action=software_reset state=FAILED success=0 start_cycle=327719470 end_cycle=361925260 time_cycles=none reason=fault_repeated_before_verified escalate_to=next_level t_ms=451
[SENSOR] seq=3 value=0 sample=0 status=BUSY cyc=358932515
[RECOVERY] EXP=PERIPH-01_001 attempt=3 level=1 action=i2c_bus_recovery mech=I2C_TIMEOUT task=none state=START start_cycle=363697643 det_cycle=360801610 inj_cycle=192827736 consecutive=3 t_ms=476
[CONTROL] seq=3 value=0 input=0
[RECOVERY] EXP=PERIPH-01_001 attempt=3 action=i2c_bus_recovery sda_low_before=1 clocks=8 sda_high_after=1 reinit=1 ok=1
[SENSOR] seq=4 value=2506 sample=27 status=OK cyc=366972271
[CONTROL] seq=4 value=45 input=2506
[SENSOR] seq=5 value=2511 sample=28 status=OK cyc=373332315
[CONTROL] seq=5 value=46 input=2511
[SENSOR] seq=6 value=2517 sample=29 status=OK cyc=380532215
[CONTROL] seq=6 value=47 input=2517
[SENSOR] seq=7 value=2523 sample=30 status=OK cyc=387732116
[CONTROL] seq=7 value=48 input=2523
[RECOVERY] EXP=PERIPH-01_001 attempt=3 level=1 action=i2c_bus_recovery state=COMPLETE success=1 start_cycle=363697643 end_cycle=388386646 time_cycles=24689003 verified=sensor_reads_ok t_ms=819
[SENSOR] seq=8 value=2529 sample=31 status=OK cyc=394932015
[CONTROL] seq=8 value=49 input=2529
[SENSOR] seq=9 value=2535 sample=32 status=OK cyc=402131916
[CONTROL] seq=9 value=50 input=2535
[SENSOR] seq=10 value=2541 sample=33 status=OK cyc=409331815
[CONTROL] seq=10 value=51 input=2541
[STATUS] src=periodic t_ms=1019 sensor_hb=10 control_hb=10 console_hb=78 sensor_err=3 dropped=0 heap_free=3552 rx_bytes=0 rx_err=0 fault_cmd_ok=0 fault_cmd_rej=0 faults_injected=0 fi_active=none
[DETSTAT] src=periodic mon_runs=51 det_total=1 det_false=0 det_suppressed=0 wd_refresh=1053 cfg_checks=10 cfg_fail=0 sample_checks=10 sample_fail=0 i2c_fail=3 canary_ok=3/3 stack_peak_pct=55:33:66 hb_flags=0
[SENSOR] seq=11 value=2547 sample=34 status=OK cyc=416531716
[CONTROL] seq=11 value=52 input=2547
[SENSOR] seq=12 value=2553 sample=35 status=OK cyc=423731615
[CONTROL] seq=12 value=52 input=2553
[SENSOR] seq=13 value=2559 sample=36 status=OK cyc=430931516
[CONTROL] seq=13 value=53 input=2559
[SENSOR] seq=14 value=2565 sample=37 status=OK cyc=438131415
[CONTROL] seq=14 value=54 input=2565
[SENSOR] seq=15 value=2571 sample=38 status=OK cyc=445331315
[CONTROL] seq=15 value=55 input=2571
[SENSOR] seq=16 value=2577 sample=39 status=OK cyc=452531216
[CONTROL] seq=16 value=56 input=2577
[SENSOR] seq=17 value=2583 sample=40 status=OK cyc=459731115
[CONTROL] seq=17 value=57 input=2583
[SENSOR] seq=18 value=2589 sample=41 status=OK cyc=466931016
[CONTROL] seq=18 value=58 input=2589
[SENSOR] seq=19 value=2595 sample=42 status=OK cyc=474130915
[CONTROL] seq=19 value=59 input=2595
[SENSOR] seq=20 value=2601 sample=43 status=OK cyc=481330816
[CONTROL] seq=20 value=60 input=2601
[STATUS] src=periodic t_ms=2019 sensor_hb=20 control_hb=20 console_hb=163 sensor_err=3 dropped=0 heap_free=3552 rx_bytes=0 rx_err=0 fault_cmd_ok=0 fault_cmd_rej=0 faults_injected=0 fi_active=none
[DETSTAT] src=periodic mon_runs=101 det_total=1 det_false=0 det_suppressed=0 wd_refresh=2053 cfg_checks=20 cfg_fail=0 sample_checks=20 sample_fail=0 i2c_fail=3 canary_ok=3/3 stack_peak_pct=55:33:66 hb_flags=0
[SENSOR] seq=21 value=2607 sample=44 status=OK cyc=488530715
[CONTROL] seq=21 value=61 input=2607
[SENSOR] seq=22 value=2613 sample=45 status=OK cyc=495730616
[CONTROL] seq=22 value=61 input=2613
[SENSOR] seq=23 value=2619 sample=46 status=OK cyc=502930515
[CONTROL] seq=23 value=62 input=2619
[SENSOR] seq=24 value=2625 sample=47 status=OK cyc=510130415
[CONTROL] seq=24 value=63 input=2625
[SENSOR] seq=25 value=2631 sample=48 status=OK cyc=517330316
[CONTROL] seq=25 value=64 input=2631
[SENSOR] seq=26 value=2637 sample=49 status=OK cyc=524530215
[CONTROL] seq=26 value=65 input=2637
[SENSOR] seq=27 value=2643 sample=50 status=OK cyc=531730116
[CONTROL] seq=27 value=66 input=2643
[SENSOR] seq=28 value=2649 sample=51 status=OK cyc=538930015
[CONTROL] seq=28 value=67 input=2649
[SENSOR] seq=29 value=2655 sample=52 status=OK cyc=546129916
[CONTROL] seq=29 value=68 input=2655
[SENSOR] seq=30 value=2661 sample=53 status=OK cyc=553329815
[CONTROL] seq=30 value=69 input=2661
[STATUS] src=periodic t_ms=3019 sensor_hb=30 control_hb=30 console_hb=248 sensor_err=3 dropped=0 heap_free=3552 rx_bytes=0 rx_err=0 fault_cmd_ok=0 fault_cmd_rej=0 faults_injected=0 fi_active=none
[DETSTAT] src=periodic mon_runs=151 det_total=1 det_false=0 det_suppressed=0 wd_refresh=3053 cfg_checks=30 cfg_fail=0 sample_checks=30 sample_fail=0 i2c_fail=3 canary_ok=3/3 stack_peak_pct=55:33:66 hb_flags=0
[SENSOR] seq=31 value=2667 sample=54 status=OK cyc=560529716
[CONTROL] seq=31 value=70 input=2667
[SENSOR] seq=32 value=2673 sample=55 status=OK cyc=567729615
[CONTROL] seq=32 value=70 input=2673
[SENSOR] seq=33 value=2679 sample=56 status=OK cyc=574929515
[CONTROL] seq=33 value=71 input=2679
[SENSOR] seq=34 value=2685 sample=57 status=OK cyc=582129416
[CONTROL] seq=34 value=72 input=2685
[SENSOR] seq=35 value=2691 sample=58 status=OK cyc=589329315
[CONTROL] seq=35 value=73 input=2691
[SENSOR] seq=36 value=2697 sample=59 status=OK cyc=596529216
[CONTROL] seq=36 value=74 input=2697
[SENSOR] seq=37 value=2703 sample=60 status=OK cyc=603729115
[CONTROL] seq=37 value=75 input=2703
