[BOOT] system_start build=protected protection=1 sysclk=72000000 clock=HSE_PLL
[RESET] cause=NONE csr=0x00000000
[RESET] breadcrumb=none cause_resolved=COLD_OR_UNKNOWN source=csr csr=0x00000000
[RECOVERY] boot_path=normal_boot persist=cold
[FAULT] framework=ready persist=cold
[DET] fault_handlers requested=MemManage,BusFault,UsageFault shcsr=0x00000000 memfault=0 busfault=0 usagefault=0
[DET] stack_guards canary_words=4 paint=0xA5A5A5A5 tasks=sensor,control,console,monitor
[DET] wwdg started cfr=0x7F cr=0x80 stale_ms=150 refresh=tim2_1khz
[RTOS] scheduler_start heap_free=4040
[TASK] name=sensor state=started
[TASK] name=control state=started
[TASK] name=monitor state=started period_ms=20
[TASK] name=console state=started
[APP] system_ready
[CMD] rx_gdb=CPU-01
[CMD] result=accepted cmd=GDB_REQUEST id=CPU-01 class=CPU name=pc_corruption EXP=CPU-01_001
[FAULT] EXP=CPU-01_001 state=SELECTED fault=CPU-01 class=CPU name=pc_corruption mech=GDB cycle=7362054 t_ms=100
[FAULT] EXP=CPU-01_001 state=ARMED mech=GDB site=fi_gdb_anchor cycle=7369802 t_ms=100
[FAULT] EXP=CPU-01_001 state=INJECTED mech=GDB target=pc before=0x08002BD2 after=0x28002BD3 inject_count=1 cycle=12830436 t_ms=175
[DETECT] EXP=CPU-01_001 mech=WWDG det_cycle=23268528 inj_cycle=12830436 latency_cycles=10438092 t_ms=320 token_age_ms=158 refreshes=253 cr=0x81 action=reset
[RECOVERY] EXP=CPU-01_001 attempt=1 level=3 action=wwdg_reset mech=WWDG task=none state=START start_cycle=24482198 det_cycle=23268528 inj_cycle=12830436 consecutive=1 t_ms=320
ð[BOOT] system_start build=protected protection=1 sysclk=72000000 clock=HSE_PLL
[RESET] cause=NONE csr=0x00000000
[RESET] breadcrumb=WWDG cause_resolved=WWDG source=breadcrumb csr=0x00000000 exp=CPU-01_001 mech=WWDG det_cycle=23268528 latency_cycles=10438092 det_to_reset_cycles=1206740 detect_t_ms=320
[RECOVERY] boot_path=verify_recovery persist=warm csr=0x00000000 consecutive=1 pending_exp=CPU-01_001 pending_level=3 pending_action=wwdg_reset safe=0
[FAULT] EXP=CPU-01_001 state=ERROR reason=interrupted_by_reset last_state=INJECTED mech=GDB
[FAULT] framework=ready persist=warm
[DET] fault_handlers requested=MemManage,BusFault,UsageFault shcsr=0x00000000 memfault=0 busfault=0 usagefault=0
[DET] stack_guards canary_words=4 paint=0xA5A5A5A5 tasks=sensor,control,console,monitor
[DET] wwdg started cfr=0x7F cr=0x7F stale_ms=150 refresh=tim2_1khz
[RTOS] scheduler_start heap_free=4040
[TASK] name=sensor state=started
[TASK] name=control state=started
[TASK] name=console state=started
[APP] system_ready
[TASK] name=monitor state=started period_ms=20
[SENSOR] seq=1 value=2234 sample=3 status=OK cyc=40745247
[CONTROL] seq=1 value=5 input=2234
[SENSOR] seq=2 value=2240 sample=4 status=OK cyc=47945148
[CONTROL] seq=2 value=6 input=2240
[SENSOR] seq=3 value=2246 sample=5 status=OK cyc=55145047
[CONTROL] seq=3 value=6 input=2246
[RECOVERY] EXP=CPU-01_001 attempt=1 level=3 action=wwdg_reset state=COMPLETE success=1 start_cycle=24482198 end_cycle=56163436 time_cycles=31681238 verified=tasks_running_after_reset t_ms=417
[SENSOR] seq=4 value=2252 sample=6 status=OK cyc=62344948
[CONTROL] seq=4 value=7 input=2252
[SENSOR] seq=5 value=2258 sample=7 status=OK cyc=69544847
[CONTROL] seq=5 value=8 input=2258
[SENSOR] seq=6 value=2264 sample=8 status=OK cyc=76744748
[CONTROL] seq=6 value=9 input=2264
[SENSOR] seq=7 value=2270 sample=9 status=OK cyc=83944647
[CONTROL] seq=7 value=10 input=2270
[SENSOR] seq=8 value=2276 sample=10 status=OK cyc=91144546
[CONTROL] seq=8 value=11 input=2276
[SENSOR] seq=9 value=2282 sample=11 status=OK cyc=98344447
[CONTROL] seq=9 value=12 input=2282
[SENSOR] seq=10 value=2288 sample=12 status=OK cyc=105544347
[CONTROL] seq=10 value=13 input=2288
[STATUS] src=periodic t_ms=1018 sensor_hb=10 control_hb=10 console_hb=90 sensor_err=0 dropped=0 heap_free=3552 rx_bytes=0 rx_err=0 fault_cmd_ok=0 fault_cmd_rej=0 faults_injected=0 fi_active=none
[DETSTAT] src=periodic mon_runs=51 det_total=0 det_false=0 det_suppressed=0 wd_refresh=1053 cfg_checks=10 cfg_fail=0 sample_checks=10 sample_fail=0 i2c_fail=0 canary_ok=3/3 stack_peak_pct=33:33:70 hb_flags=0
[SENSOR] seq=11 value=2294 sample=13 status=OK cyc=112744248
[CONTROL] seq=11 value=14 input=2294
[SENSOR] seq=12 value=2300 sample=14 status=OK cyc=119944147
[CONTROL] seq=12 value=15 input=2300
[SENSOR] seq=13 value=2306 sample=15 status=OK cyc=127144048
[CONTROL] seq=13 value=15 input=2306
[SENSOR] seq=14 value=2312 sample=16 status=OK cyc=134343947
[CONTROL] seq=14 value=16 input=2312
[SENSOR] seq=15 value=2318 sample=17 status=OK cyc=141543848
[CONTROL] seq=15 value=17 input=2318
[SENSOR] seq=16 value=2324 sample=18 status=OK cyc=148743747
[CONTROL] seq=16 value=18 input=2324
[SENSOR] seq=17 value=2330 sample=19 status=OK cyc=155943646
[CONTROL] seq=17 value=19 input=2330
[SENSOR] seq=18 value=2336 sample=20 status=OK cyc=163143547
[CONTROL] seq=18 value=20 input=2336
[SENSOR] seq=19 value=2342 sample=21 status=OK cyc=170343447
[CONTROL] seq=19 value=21 input=2342
[SENSOR] seq=20 value=2348 sample=22 status=OK cyc=177543348
[CONTROL] seq=20 value=22 input=2348
[STATUS] src=periodic t_ms=2018 sensor_hb=20 control_hb=20 console_hb=175 sensor_err=0 dropped=0 heap_free=3552 rx_bytes=0 rx_err=0 fault_cmd_ok=0 fault_cmd_rej=0 faults_injected=0 fi_active=none
[DETSTAT] src=periodic mon_runs=101 det_total=0 det_false=0 det_suppressed=0 wd_refresh=2053 cfg_checks=20 cfg_fail=0 sample_checks=20 sample_fail=0 i2c_fail=0 canary_ok=3/3 stack_peak_pct=33:33:70 hb_flags=0
[SENSOR] seq=21 value=2354 sample=23 status=OK cyc=184743247
[CONTROL] seq=21 value=23 input=2354
[SENSOR] seq=22 value=2360 sample=24 status=OK cyc=191943148
[CONTROL] seq=22 value=24 input=2360
[SENSOR] seq=23 value=2366 sample=25 status=OK cyc=199143047
[CONTROL] seq=23 value=24 input=2366
[SENSOR] seq=24 value=2372 sample=26 status=OK cyc=206342948
[CONTROL] seq=24 value=25 input=2372
[SENSOR] seq=25 value=2378 sample=27 status=OK cyc=213542847
[CONTROL] seq=25 value=26 input=2378
[SENSOR] seq=26 value=2384 sample=28 status=OK cyc=220742746
[CONTROL] seq=26 value=27 input=2384
[SENSOR] seq=27 value=2390 sample=29 status=OK cyc=227942647
[CONTROL] seq=27 value=28 input=2390
[SENSOR] seq=28 value=2396 sample=30 status=OK cyc=235142547
[CONTROL] seq=28 value=29 input=2396
[SENSOR] seq=29 value=2402 sample=31 status=OK cyc=242342448
[CONTROL] seq=29 value=30 input=2402
[SENSOR] seq=30 value=2408 sample=32 status=OK cyc=249542347
[CONTROL] seq=30 value=31 input=2408
[STATUS] src=periodic t_ms=3018 sensor_hb=30 control_hb=30 console_hb=260 sensor_err=0 dropped=0 heap_free=3552 rx_bytes=0 rx_err=0 fault_cmd_ok=0 fault_cmd_rej=0 faults_injected=0 fi_active=none
[DETSTAT] src=periodic mon_runs=151 det_total=0 det_false=0 det_suppressed=0 wd_refresh=3053 cfg_checks=30 cfg_fail=0 sample_checks=30 sample_fail=0 i2c_fail=0 canary_ok=3/3 stack_peak_pct=33:33:70 hb_flags=0
[SENSOR] seq=31 value=2414 sample=33 status=OK cyc=256742248
[CONTROL] seq=31 value=32 input=2414
[SENSOR] seq=32 value=2420 sample=34 status=OK cyc=263942147
[CONTROL] seq=32 value=33 input=2420
[SENSOR] seq=33 value=2426 sample=35 status=OK cyc=271142048
[CONTROL] seq=33 value=33 input=2426
[SENSOR] seq=34 value=2432 sample=36 status=OK cyc=278341947
[CONTROL] seq=34 value=34 input=2432
[SENSOR] seq=35 value=2438 sample=37 status=OK cyc=285541846
[CONTROL] seq=35 value=35 input=2438
[SENSOR] seq=36 value=2444 sample=38 status=OK cyc=292741747
[CONTROL] seq=36 value=36 input=2444
[SENSOR] seq=37 value=2450 sample=39 status=OK cyc=299941647
[CONTROL] seq=37 value=37 input=2450
[SENSOR] seq=38 value=2456 sample=40 status=OK cyc=307141548
[CONTROL] seq=38 value=38 input=2456
[SENSOR] seq=39 value=2462 sample=41 status=OK cyc=314341447
[CONTROL] seq=39 value=39 input=2462
[RECOVERY] episode_end healthy_ms=4037 consecutive_was=1
[SENSOR] seq=40 value=2468 sample=42 status=OK cyc=321541348
[CONTROL] seq=40 value=40 input=2468
[STATUS] src=periodic t_ms=4018 sensor_hb=40 control_hb=40 console_hb=345 sensor_err=0 dropped=0 heap_free=3552 rx_bytes=0 rx_err=0 fault_cmd_ok=0 fault_cmd_rej=0 faults_injected=0 fi_active=none
[DETSTAT] src=periodic mon_runs=201 det_total=0 det_false=0 det_suppressed=0 wd_refresh=4053 cfg_checks=40 cfg_fail=0 sample_checks=40 sample_fail=0 i2c_fail=0 canary_ok=3/3 stack_peak_pct=33:33:70 hb_flags=0
[SENSOR] seq=41 value=2474 sample=43 status=OK cyc=328741247
[CONTROL] seq=41 value=41 input=2474
[SENSOR] seq=42 value=2480 sample=44 status=OK cyc=335941148
[CONTROL] seq=42 value=42 input=2480
[SENSOR] seq=43 value=2486 sample=45 status=OK cyc=343141047
[CONTROL] seq=43 value=42 input=2486
[SENSOR] seq=44 value=2492 sample=46 status=OK cyc=350340946
[CONTROL] seq=44 value=43 input=2492
[SENSOR] seq=45 value=2498 sample=47 status=OK cyc=357540847
[CONTROL] seq=45 value=44 input=2498
[SENSOR] seq=46 value=2504 sample=48 status=OK cyc=364740747
[CONTROL] seq=46 value=45 input=2504
[SENSOR] seq=47 value=2510 sample=49 status=OK cyc=371940648
[CONTROL] seq=47 value=46 input=2510
[SENSOR] seq=48 value=2516 sample=50 status=OK cyc=379140547
[CONTROL] seq=48 value=47 input=2516
[SENSOR] seq=49 value=2522 sample=51 status=OK cyc=386340448
[CONTROL] seq=49 value=48 input=2522
[SENSOR] seq=50 value=2528 sample=52 status=OK cyc=393540347
[CONTROL] seq=50 value=49 input=2528
[STATUS] src=periodic t_ms=5018 sensor_hb=50 control_hb=50 console_hb=430 sensor_err=0 dropped=0 heap_free=3552 rx_bytes=0 rx_err=0 fault_cmd_ok=0 fault_cmd_rej=0 faults_injected=0 fi_active=none
[DETSTAT] src=periodic mon_runs=251 det_total=0 det_false=0 det_suppressed=0 wd_refresh=5053 cfg_checks=50 cfg_fail=0 sample_checks=50 sample_fail=0 i2c_fail=0 canary_ok=3/3 stack_peak_pct=33:33:70 hb_flags=0
[SENSOR] seq=51 value=2534 sample=53 status=OK cyc=400740246
[CONTROL] seq=51 value=50 input=2534
[SENSOR] seq=52 value=2540 sample=54 status=OK cyc=407940147
[CONTROL] seq=52 value=51 input=2540
[SENSOR] seq=53 value=2546 sample=55 status=OK cyc=415140046
[CONTROL] seq=53 value=51 input=2546
[SENSOR] seq=54 value=2552 sample=56 status=OK cyc=422339947
[CONTROL] seq=54 value=52 input=2552
[SENSOR] seq=55 value=2558 sample=57 status=OK cyc=429539847
[CONTROL] seq=55 value=53 input=2558
[SENSOR] seq=56 value=2564 sample=58 status=OK cyc=436739747
[CONTROL] seq=56 value=54 input=2564
[SENSOR] seq=57 value=2570 sample=59 status=OK cyc=443939647
[CONTROL] seq=57 value=55 input=2570
[SENSOR] seq=58 value=2576 sample=60 status=OK cyc=451139548
[CONTROL] seq=58 value=56 input=2576
[SENSOR] seq=59 value=2582 sample=61 status=OK cyc=458339447
[CONTROL] seq=59 value=57 input=2582
[SENSOR] seq=60 value=2588 sample=62 status=OK cyc=465539346
[CONTROL] seq=60 value=58 input=2588
[STATUS] src=periodic t_ms=6018 sensor_hb=60 control_hb=60 console_hb=515 sensor_err=0 dropped=0 heap_free=3552 rx_bytes=0 rx_err=0 fault_cmd_ok=0 fault_cmd_rej=0 faults_injected=0 fi_active=none
[DETSTAT] src=periodic mon_runs=301 det_total=0 det_false=0 det_suppressed=0 wd_refresh=6053 cfg_checks=60 cfg_fail=0 sample_checks=60 sample_fail=0 i2c_fail=0 canary_ok=3/3 stack_peak_pct=33:33:70 hb_flags=0
[SENSOR] seq=61 value=2594 sample=63 status=OK cyc=472739247
[CONTROL] seq=61 value=59 input=2594
[SENSOR] seq=62 value=2600 sample=64 status=OK cyc=479939146
[CONTROL] seq=62 value=60 input=2600
[SENSOR] seq=63 value=2606 sample=65 status=OK cyc=487139047
[CONTROL] seq=63 value=60 input=2606
[SENSOR] seq=64 value=2612 sample=66 status=OK cyc=494338947
[CONTROL] seq=64 value=61 input=2612
[SENSOR] seq=65 value=2618 sample=67 status=OK cyc=501538847
[CONTROL] seq=65 value=62 input=2618
