[BOOT] system_start build=baseline protection=0 sysclk=72000000 clock=HSE_PLL
[RESET] cause=NONE csr=0x00000000
[FAULT] framework=ready persist=cold
[RTOS] scheduler_start heap_free=3032
[TASK] name=sensor state=started
[TASK] name=control state=started
[TASK] name=console state=started
[APP] system_ready[SENSOR] seq=1 value=2207 sample=1 status=OK cyc=9345334
[CONTROL] seq=1 value=1 input=2207
[SENSOR] seq=2 value=2213 sample=2 status=OK cyc=16545235
[CONTROL] seq=2 value=1 input=2213
[SENSOR] seq=3 value=2219 sample=3 status=OK cyc=23745134
[CONTROL] seq=3 value=2 input=2219
[SENSOR] seq=4 value=2225 sample=4 status=OK cyc=30945035
[CONTROL] seq=4 value=3 input=2225
[SENSOR] seq=5 value=2231 sample=5 status=OK cyc=38144934
[CONTROL] seq=5 value=4 input=2231
[SENSOR] seq=6 value=2237 sample=6 status=OK cyc=45344835
[CONTROL] seq=6 value=5 input=2237
[SENSOR] seq=7 value=2243 sample=7 status=OK cyc=52544735
[CONTROL] seq=7 value=6 input=2243
[SENSOR] seq=8 value=2249 sample=8 status=OK cyc=59744634
[CONTROL] seq=8 value=7 input=2249
[SENSOR] seq=9 value=2255 sample=9 status=OK cyc=66944535
[CONTROL] seq=9 value=8 input=2255
[SENSOR] seq=10 value=2261 sample=10 status=OK cyc=74144434
[CONTROL] seq=10 value=9 input=2261
[STATUS] src=periodic t_ms=1016 sensor_hb=10 control_hb=10 console_hb=90 sensor_err=0 dropped=0 heap_free=2552 rx_bytes=0 rx_err=0 fault_cmd_ok=0 fault_cmd_rej=0 faults_injected=0 fi_active=none
[CPUSTAT] total_cycles=74636560 idle_cycles=60109120 busy_cycles=14527440 busy_permille=194
[SENSOR] seq=11 value=2267 sample=11 status=OK cyc=81344335
[CONTROL] seq=11 value=10 input=2267
[SENSOR] seq=12 value=2273 sample=12 status=OK cyc=88544234
[CONTROL] seq=12 value=10 input=2273
[SENSOR] seq=13 value=2279 sample=13 status=OK cyc=95744135
[CONTROL] seq=13 value=11 input=2279
[SENSOR] seq=14 value=2285 sample=14 status=OK cyc=102944034
[CONTROL] seq=14 value=12 input=2285
[SENSOR] seq=15 value=2291 sample=15 status=OK cyc=110143935
[CONTROL] seq=15 value=13 input=2291
[SENSOR] seq=16 value=2297 sample=16 status=OK cyc=117343835
[CONTROL] seq=16 value=14 input=2297
[SENSOR] seq=17 value=2303 sample=17 status=OK cyc=124543734
[CONTROL] seq=17 value=15 input=2303
[SENSOR] seq=18 value=2309 sample=18 status=OK cyc=131743635
[CONTROL] seq=18 value=16 input=2309
[SENSOR] seq=19 value=2315 sample=19 status=OK cyc=138943534
[CONTROL] seq=19 value=17 input=2315
[SENSOR] seq=20 value=2321 sample=20 status=OK cyc=146143435
[CONTROL] seq=20 value=18 input=2321
[STATUS] src=periodic t_ms=2016 sensor_hb=20 control_hb=20 console_hb=177 sensor_err=0 dropped=0 heap_free=2552 rx_bytes=0 rx_err=0 fault_cmd_ok=0 fault_cmd_rej=0 faults_injected=0 fi_active=none
[CPUSTAT] total_cycles=146662782 idle_cycles=117472392 busy_cycles=29190390 busy_permille=199
[SENSOR] seq=21 value=2327 sample=21 status=OK cyc=153343334
[CONTROL] seq=21 value=19 input=2327
[SENSOR] seq=22 value=2333 sample=22 status=OK cyc=160543235
[CONTROL] seq=22 value=19 input=2333
[SENSOR] seq=23 value=2339 sample=23 status=OK cyc=167743134
[CONTROL] seq=23 value=20 input=2339
[SENSOR] seq=24 value=2345 sample=24 status=OK cyc=174943035
[CONTROL] seq=24 value=21 input=2345
[SENSOR] seq=25 value=2351 sample=25 status=OK cyc=182142935
[CONTROL] seq=25 value=22 input=2351
[SENSOR] seq=26 value=2357 sample=26 status=OK cyc=189342834
[CONTROL] seq=26 value=23 input=2357
[SENSOR] seq=27 value=2363 sample=27 status=OK cyc=196542735
[CONTROL] seq=27 value=24 input=2363
[SENSOR] seq=28 value=2369 sample=28 status=OK cyc=203742634
[CONTROL] seq=28 value=25 input=2369
[SENSOR] seq=29 value=2375 sample=29 status=OK cyc=210942535
[CONTROL] seq=29 value=26 input=2375
[SENSOR] seq=30 value=2381 sample=30 status=OK cyc=218142434
[CONTROL] seq=30 value=27 input=2381
[STATUS] src=periodic t_ms=3016 sensor_hb=30 control_hb=30 console_hb=264 sensor_err=0 dropped=0 heap_free=2552 rx_bytes=0 rx_err=0 fault_cmd_ok=0 fault_cmd_rej=0 faults_injected=0 fi_active=none
[CPUSTAT] total_cycles=218664031 idle_cycles=174754765 busy_cycles=43909266 busy_permille=200
[SENSOR] seq=31 value=2387 sample=31 status=OK cyc=225342335
[CONTROL] seq=31 value=28 input=2387
[SENSOR] seq=32 value=2393 sample=32 status=OK cyc=232542234
[CONTROL] seq=32 value=28 input=2393
[SENSOR] seq=33 value=2399 sample=33 status=OK cyc=239742135
[CONTROL] seq=33 value=29 input=2399
[SENSOR] seq=34 value=2405 sample=34 status=OK cyc=246942035
[CONTROL] seq=34 value=30 input=2405
[SENSOR] seq=35 value=2411 sample=35 status=OK cyc=254141934
[CONTROL] seq=35 value=31 input=2411
[SENSOR] seq=36 value=2417 sample=36 status=OK cyc=261341835
[CONTROL] seq=36 value=32 input=2417
[SENSOR] seq=37 value=2423 sample=37 status=OK cyc=268541734
[CONTROL] seq=37 value=33 input=2423
[SENSOR] seq=38 value=2429 sample=38 status=OK cyc=275741635
[CONTROL] seq=38 value=34 input=2429
[SENSOR] seq=39 value=2435 sample=39 status=OK cyc=282941534
[CONTROL] seq=39 value=35 input=2435
[SENSOR] seq=40 value=2441 sample=40 status=OK cyc=290141435
[CONTROL] seq=40 value=36 input=2441
[STATUS] src=periodic t_ms=4016 sensor_hb=40 control_hb=40 console_hb=351 sensor_err=0 dropped=0 heap_free=2552 rx_bytes=0 rx_err=0 fault_cmd_ok=0 fault_cmd_rej=0 faults_injected=0 fi_active=none
[CPUSTAT] total_cycles=290663032 idle_cycles=232019961 busy_cycles=58643071 busy_permille=201
[SENSOR] seq=41 value=2447 sample=41 status=OK cyc=297341334
[CONTROL] seq=41 value=37 input=2447
[SENSOR] seq=42 value=2453 sample=42 status=OK cyc=304541235
[CONTROL] seq=42 value=37 input=2453
[SENSOR] seq=43 value=2459 sample=43 status=OK cyc=311741135
[CONTROL] seq=43 value=38 input=2459
[SENSOR] seq=44 value=2465 sample=44 status=OK cyc=318941034
[CONTROL] seq=44 value=39 input=2465
[SENSOR] seq=45 value=2471 sample=45 status=OK cyc=326140935
[CONTROL] seq=45 value=40 input=2471
[SENSOR] seq=46 value=2477 sample=46 status=OK cyc=333340834
[CONTROL] seq=46 value=41 input=2477
[SENSOR] seq=47 value=2483 sample=47 status=OK cyc=340540735
[CONTROL] seq=47 value=42 input=2483
[SENSOR] seq=48 value=2489 sample=48 status=OK cyc=347740634
[CONTROL] seq=48 value=43 input=2489
[SENSOR] seq=49 value=2495 sample=49 status=OK cyc=354940535
[CONTROL] seq=49 value=44 input=2495
[SENSOR] seq=50 value=2501 sample=50 status=OK cyc=362140434
[CONTROL] seq=50 value=45 input=2501
[STATUS] src=periodic t_ms=5016 sensor_hb=50 control_hb=50 console_hb=438 sensor_err=0 dropped=0 heap_free=2552 rx_bytes=0 rx_err=0 fault_cmd_ok=0 fault_cmd_rej=0 faults_injected=0 fi_active=none
[CPUSTAT] total_cycles=362662049 idle_cycles=289292071 busy_cycles=73369978 busy_permille=202
[SENSOR] seq=51 value=2507 sample=51 status=OK cyc=369340334
[CONTROL] seq=51 value=46 input=2507
[SENSOR] seq=52 value=2513 sample=52 status=OK cyc=376540235
[CONTROL] seq=52 value=46 input=2513
[SENSOR] seq=53 value=2519 sample=53 status=OK cyc=383740134
[CONTROL] seq=53 value=47 input=2519
[SENSOR] seq=54 value=2525 sample=54 status=OK cyc=390940035
[CONTROL] seq=54 value=48 input=2525
[SENSOR] seq=55 value=2531 sample=55 status=OK cyc=398139934
[CONTROL] seq=55 value=49 input=2531
[SENSOR] seq=56 value=2537 sample=56 status=OK cyc=405339835
[CONTROL] seq=56 value=50 input=2537
[SENSOR] seq=57 value=2543 sample=57 status=OK cyc=412539734
[CONTROL] seq=57 value=51 input=2543
[SENSOR] seq=58 value=2549 sample=58 status=OK cyc=419739635
[CONTROL] seq=58 value=52 input=2549
[SENSOR] seq=59 value=2555 sample=59 status=OK cyc=426939534
[CONTROL] seq=59 value=53 input=2555
[SENSOR] seq=60 value=2561 sample=60 status=OK cyc=434139434
[CONTROL] seq=60 value=54 input=2561
[STATUS] src=periodic t_ms=6016 sensor_hb=60 control_hb=60 console_hb=525 sensor_err=0 dropped=0 heap_free=2552 rx_bytes=0 rx_err=0 fault_cmd_ok=0 fault_cmd_rej=0 faults_injected=0 fi_active=none
[CPUSTAT] total_cycles=434661032 idle_cycles=346557984 busy_cycles=88103048 busy_permille=202
[SENSOR] seq=61 value=2567 sample=61 status=OK cyc=441339335
[CONTROL] seq=61 value=55 input=2567
[SENSOR] seq=62 value=2573 sample=62 status=OK cyc=448539234
[CONTROL] seq=62 value=55 input=2573
[SENSOR] seq=63 value=2579 sample=63 status=OK cyc=455739135
[CONTROL] seq=63 value=56 input=2579
[SENSOR] seq=64 value=2585 sample=64 status=OK cyc=462939034
[CONTROL] seq=64 value=57 input=2585
[SENSOR] seq=65 value=2591 sample=65 status=OK cyc=470138935
[CONTROL] seq=65 value=58 input=2591
[SENSOR] seq=66 value=2597 sample=66 status=OK cyc=477338834
[CONTROL] seq=66 value=59 input=2597
[SENSOR] seq=67 value=2603 sample=67 status=OK cyc=484538735
[CONTROL] seq=67 value=60 input=2603
[SENSOR] seq=68 value=2609 sample=68 status=OK cyc=491738634
[CONTROL] seq=68 value=61 input=2609
[SENSOR] seq=69 value=2615 sample=69 status=OK cyc=498938534
[CONTROL] seq=69 value=62 input=2615
[SENSOR] seq=70 value=2621 sample=70 status=OK cyc=506138434
[CONTROL] seq=70 value=63 input=2621
[STATUS] src=periodic t_ms=7017 sensor_hb=70 control_hb=70 console_hb=612 sensor_err=0 dropped=0 heap_free=2552 rx_bytes=0 rx_err=0 fault_cmd_ok=0 fault_cmd_rej=0 faults_injected=0 fi_active=none
[CPUSTAT] total_cycles=506664531 idle_cycles=403808938 busy_cycles=102855593 busy_permille=203
[SENSOR] seq=71 value=2627 sample=71 status=OK cyc=513338334
[CONTROL] seq=71 value=64 input=2627
[SENSOR] seq=72 value=2633 sample=72 status=OK cyc=520538235
[CONTROL] seq=72 value=64 input=2633
[SENSOR] seq=73 value=2639 sample=73 status=OK cyc=527738134
[CONTROL] seq=73 value=65 input=2639
[SENSOR] seq=74 value=2645 sample=74 status=OK cyc=534938035
[CONTROL] seq=74 value=66 input=2645
[SENSOR] seq=75 value=2651 sample=75 status=OK cyc=542137934
[CONTROL] seq=75 value=67 input=2651
[SENSOR] seq=76 value=2657 sample=76 status=OK cyc=549337835
[CONTROL] seq=76 value=68 input=2657
[SENSOR] seq=77 value=2663 sample=77 status=OK cyc=556537734
[CONTROL] seq=77 value=69 input=2663
[SENSOR] seq=78 value=2669 sample=78 status=OK cyc=563737634
[CONTROL] seq=78 value=70 input=2669
[SENSOR] seq=79 value=2675 sample=79 status=OK cyc=570937535
[CONTROL] seq=79 value=71 input=2675
[SENSOR] seq=80 value=2681 sample=80 status=OK cyc=578137434
[CONTROL] seq=80 value=72 input=2681
[STATUS] src=periodic t_ms=8016 sensor_hb=80 control_hb=80 console_hb=699 sensor_err=0 dropped=0 heap_free=2552 rx_bytes=0 rx_err=0 fault_cmd_ok=0 fault_cmd_rej=0 faults_injected=0 fi_active=none
[CPUSTAT] total_cycles=578659031 idle_cycles=461040169 busy_cycles=117618862 busy_permille=203
[SENSOR] seq=81 value=2687 sample=81 status=OK cyc=585337335
[CONTROL] seq=81 value=73 input=2687
[SENSOR] seq=82 value=2693 sample=82 status=OK cyc=592537234
[CONTROL] seq=82 value=73 input=2693
[SENSOR] seq=83 value=2699 sample=83 status=OK cyc=599737135
[CONTROL] seq=83 value=74 input=2699
[SENSOR] seq=84 value=2705 sample=84 status=OK cyc=606937034
[CONTROL] seq=84 value=75 input=2705
[SENSOR] seq=85 value=2711 sample=85 status=OK cyc=614136935
[CONTROL] seq=85 value=76 input=2711
[SENSOR] seq=86 value=2717 sample=86 status=OK cyc=621336834
[CONTROL] seq=86 value=77 input=2717
[SENSOR] seq=87 value=2723 sample=87 status=OK cyc=628536734
[CONTROL] seq=87 value=78 input=2723
[SENSOR] seq=88 value=2729 sample=88 status=OK cyc=635736635
[CONTROL] seq=88 value=79 input=2729
[SENSOR] seq=89 value=2735 sample=89 status=OK cyc=642936534
[CONTROL] seq=89 value=80 input=2735
[SENSOR] seq=90 value=2741 sample=90 status=OK cyc=650136435
[CONTROL] seq=90 value=81 input=2741
[STATUS] src=periodic t_ms=9016 sensor_hb=90 control_hb=90 console_hb=786 sensor_err=0 dropped=0 heap_free=2552 rx_bytes=0 rx_err=0 fault_cmd_ok=0 fault_cmd_rej=0 faults_injected=0 fi_active=none
[CPUSTAT] total_cycles=650658014 idle_cycles=518273641 busy_cycles=132384373 busy_permille=203
[SENSOR] seq=91 value=2747 sample=91 status=OK cyc=657336334
[CONTROL] seq=91 value=82 input=2747
[SENSOR] seq=92 value=2753 sample=92 status=OK cyc=664536235
[CONTROL] seq=92 value=82 input=2753
[SENSOR] seq=93 value=2759 sample=93 status=OK cyc=671736134
[CONTROL] seq=93 value=83 input=2759
[SENSOR] seq=94 value=2765 sample=94 status=OK cyc=678936035
[CONTROL] seq=94 value=84 input=2765
[SENSOR] seq=95 value=2771 sample=95 status=OK cyc=686135934
[CONTROL] seq=95 value=85 input=2771
[SENSOR] seq=96 value=2777 sample=96 status=OK cyc=693335834
[CONTROL] seq=96 value=86 input=2777
[SENSOR] seq=97 value=2783 sample=97 status=OK cyc=700535735
[CONTROL] seq=97 value=87 input=2783
[SENSOR] seq=98 value=2789 sample=98 status=OK cyc=707735634
[CONTROL] seq=98 value=88 input=2789
[SENSOR] seq=99 value=2795 sample=99 status=OK cyc=714935535
[CONTROL] seq=99 value=89 input=2795
[SENSOR] seq=100 value=2798 sample=100 status=OK cyc=722135434
[CONTROL] seq=100 value=89 input=2798
[STATUS] src=periodic t_ms=10017 sensor_hb=100 control_hb=100 console_hb=873 sensor_err=0 dropped=0 heap_free=2552 rx_bytes=0 rx_err=0 fault_cmd_ok=0 fault_cmd_rej=0 faults_injected=0 fi_active=none
[CPUSTAT] total_cycles=722699599 idle_cycles=575500222 busy_cycles=147199377 busy_permille=203
[SENSOR] seq=101 value=2792 sample=101 status=OK cyc=729335335
[CONTROL] seq=101 value=88 input=2792
[SENSOR] seq=102 value=2786 sample=102 status=OK cyc=736535234
[CONTROL] seq=102 value=87 input=2786
[SENSOR] seq=103 value=2780 sample=103 status=OK cyc=743735135
[CONTROL] seq=103 value=87 input=2780
[SENSOR] seq=104 value=2774 sample=104 status=OK cyc=750935034
[CONTROL] seq=104 value=86 input=2774
[SENSOR] seq=105 value=2768 sample=105 status=OK cyc=758134934
[CONTROL] seq=105 value=85 input=2768
[SENSOR] seq=106 value=2762 sample=106 status=OK cyc=765334835
[CONTROL] seq=106 value=84 input=2762
[SENSOR] seq=107 value=2756 sample=107 status=OK cyc=772534734
[CONTROL] seq=107 value=83 input=2756
[SENSOR] seq=108 value=2750 sample=108 status=OK cyc=779734635
[CONTROL] seq=108 value=82 input=2750
[SENSOR] seq=109 value=2744 sample=109 status=OK cyc=786934534
[CONTROL] seq=109 value=81 input=2744
[SENSOR] seq=110 value=2738 sample=110 status=